piezosensor.c:565:6:schedule_key_press.part.0	8	static
piezosensor.c:660:6:led_set_sensor_triggered.part.0	8	static
piezosensor.c:124:6:piezosensor_init	40	static
piezosensor.c:194:6:extract_envelope_from_samples	56	static
piezosensor.c:280:6:cooldown_fsm_process	24	static
piezosensor.c:335:6:trigger_fsm_process	48	static
piezosensor.c:550:6:hid_clear_report	0	static
piezosensor.c:565:6:schedule_key_press	0	static
piezosensor.c:582:9:hid_send_buffered_reports	16	static
piezosensor.c:621:6:hid_process_afterglow	16	static
piezosensor.c:646:6:led_set_sensor_active	0	static
piezosensor.c:653:6:led_set_sensor_idle	0	static
piezosensor.c:660:6:led_set_sensor_triggered	0	static
piezosensor.c:668:6:led_update_all	24	static
piezosensor.c:685:6:decay_adjusted_threshold	48	static
piezosensor.c:702:6:increment_system_ms	0	static
piezosensor.c:709:6:led_check_turn_off	24	static
piezosensor.c:725:6:debug_print_trigger	0	static
piezosensor.c:744:6:debug_init	0	static
piezosensor.c:755:6:debug_update_max	0	static
piezosensor.c:770:6:debug_output_if_needed	0	static
