piezosensor.c:576:6:schedule_key_press.part.0	8	static
piezosensor.c:725:6:led_set_sensor_triggered.part.0	8	static
piezosensor.c:130:6:piezosensor_init	40	static
piezosensor.c:203:6:extract_envelope_from_samples	56	static
piezosensor.c:289:6:cooldown_fsm_process	48	static
piezosensor.c:344:6:trigger_fsm_process	48	static
piezosensor.c:559:6:hid_clear_report	0	static
piezosensor.c:576:6:schedule_key_press	0	static
piezosensor.c:593:9:hid_send_buffered_reports	24	static
piezosensor.c:674:6:hid_process_afterglow	28	static
piezosensor.c:711:6:led_set_sensor_active	0	static
piezosensor.c:718:6:led_set_sensor_idle	0	static
piezosensor.c:725:6:led_set_sensor_triggered	0	static
piezosensor.c:733:6:led_update_all	24	static
piezosensor.c:750:6:decay_adjusted_threshold	48	static
piezosensor.c:767:6:increment_system_ms	0	static
piezosensor.c:774:6:led_check_turn_off	24	static
piezosensor.c:790:6:debug_print_trigger	0	static
piezosensor.c:809:6:debug_init	0	static
piezosensor.c:823:6:debug_update_max	0	static
piezosensor.c:838:6:debug_output_if_needed	0	static
