piezosensor.c:582:6:schedule_key_press.part.0	8	static
piezosensor.c:735:6:led_set_sensor_triggered.part.0	8	static
piezosensor.c:195:6:init_keycodes	0	static
piezosensor.c:131:6:piezosensor_init	40	static
piezosensor.c:209:6:extract_envelope_from_samples	56	static
piezosensor.c:295:6:cooldown_fsm_process	48	static
piezosensor.c:350:6:trigger_fsm_process	48	static
piezosensor.c:565:6:hid_clear_report	0	static
piezosensor.c:582:6:schedule_key_press	0	static
piezosensor.c:599:9:hid_send_buffered_reports	24	static
piezosensor.c:684:6:hid_process_afterglow	28	static
piezosensor.c:721:6:led_set_sensor_active	0	static
piezosensor.c:728:6:led_set_sensor_idle	0	static
piezosensor.c:735:6:led_set_sensor_triggered	0	static
piezosensor.c:743:6:led_update_all	24	static
piezosensor.c:760:6:decay_adjusted_threshold	48	static
piezosensor.c:777:6:increment_system_ms	0	static
piezosensor.c:784:6:led_check_turn_off	24	static
piezosensor.c:800:6:debug_print_trigger	0	static
piezosensor.c:819:6:debug_init	0	static
piezosensor.c:833:6:debug_update_max	0	static
piezosensor.c:848:6:debug_output_if_needed	0	static
