piezosensor.c:608:6:schedule_key_press.part.0	4	static
piezosensor.c:703:6:led_set_sensor_triggered.part.0	8	static
piezosensor.c:123:6:piezosensor_init	40	static
piezosensor.c:193:6:extract_envelope_from_samples	56	static
piezosensor.c:279:6:cooldown_fsm_process	20	static
piezosensor.c:549:6:hid_clear_report	0	static
piezosensor.c:555:6:hid_send_key_press	4	static
piezosensor.c:567:6:hid_send_key_release	0	static
piezosensor.c:584:6:hid_send_multiple_keys	0	static
piezosensor.c:608:6:schedule_key_press	0	static
piezosensor.c:625:9:hid_send_buffered_reports	16	static
piezosensor.c:664:6:hid_process_afterglow	16	static
piezosensor.c:689:6:led_set_sensor_active	0	static
piezosensor.c:696:6:led_set_sensor_idle	0	static
piezosensor.c:703:6:led_set_sensor_triggered	0	static
piezosensor.c:711:6:led_update_all	24	static
piezosensor.c:728:6:decay_adjusted_threshold	32	static
piezosensor.c:745:6:increment_system_ms	0	static
piezosensor.c:752:6:led_check_turn_off	24	static
piezosensor.c:768:6:debug_print_trigger	96	static
piezosensor.c:334:6:trigger_fsm_process	48	static
piezosensor.c:787:6:debug_init	0	static
piezosensor.c:798:6:debug_update_max	0	static
piezosensor.c:814:6:debug_output_if_needed	32	static
