sensor_config.c:593:13:parse_simple_float	32	static
sensor_config.c:719:13:parse_uint16	4	static
sensor_config.c:115:6:sensor_config_load_from_flash.part.0	24	static
sensor_config.c:71:6:sensor_config_set_defaults	24	static
sensor_config.c:44:6:sensor_config_init	16	static
sensor_config.c:115:6:sensor_config_load_from_flash	0	static
sensor_config.c:163:6:sensor_config_save_to_flash	48	static,ignoring_inline_asm
sensor_config.c:231:10:sensor_config_calculate_checksum	0	static
sensor_config.c:253:6:HAL_UART_RxCpltCallback	8	static
sensor_config.c:265:6:HAL_UART_ErrorCallback	0	static
sensor_config.c:749:6:sensor_config_send_ok	0	static
sensor_config.c:754:6:sensor_config_send_string	8	static
sensor_config.c:759:6:sensor_config_send_float	56	static
sensor_config.c:791:6:sensor_config_send_uint16	48	static
sensor_config.c:274:6:sensor_config_process_command	176	static
sensor_config.c:800:6:sensor_config_is_terminal_mode	0	static
sensor_config.c:805:6:sensor_config_save_pending	0	static
sensor_config.c:812:6:sensor_config_load_failed	0	static
