usbd_drumcontroller_wrapper.c:61:18:USBD_FS_DeviceDescriptor	0	static
usbd_drumcontroller_wrapper.c:68:18:USBD_FS_LangIDStrDescriptor	0	static
usbd_drumcontroller_wrapper.c:95:13:IntTo_Unicode	16	static
usbd_drumcontroller_wrapper.c:132:18:USBD_FS_SerialStrDescriptor	8	static
usbd_drumcontroller_wrapper.c:588:18:USBD_DrumController_GetFSCfgDesc	0	static
usbd_drumcontroller_wrapper.c:627:17:USBD_DrumController_DataIn	0	static
usbd_drumcontroller_wrapper.c:644:17:USBD_DrumController_DataOut	0	static
usbd_drumcontroller_wrapper.c:660:18:USBD_DrumController_GetDeviceQualifierDesc	0	static
usbd_drumcontroller_wrapper.c:159:18:USBD_FS_InterfaceStrDescriptor	8	static
usbd_drumcontroller_wrapper.c:88:18:USBD_FS_ManufacturerStrDescriptor	8	static
usbd_drumcontroller_wrapper.c:413:17:USBD_DrumController_Setup	16	static
usbd_drumcontroller_wrapper.c:391:17:USBD_DrumController_DeInit	16	static
usbd_drumcontroller_wrapper.c:362:17:USBD_DrumController_Init	16	static
usbd_drumcontroller_wrapper.c:146:18:USBD_FS_ConfigStrDescriptor	8	static
usbd_drumcontroller_wrapper.c:75:18:USBD_FS_ProductStrDescriptor	8	static
usbd_drumcontroller_wrapper.c:614:18:USBD_DrumController_GetOtherSpeedCfgDesc	0	static
usbd_drumcontroller_wrapper.c:601:18:USBD_DrumController_GetHSCfgDesc	0	static
usbd_drumcontroller_wrapper.c:533:9:USBD_DrumController_SendReport	16	static
usbd_drumcontroller_wrapper.c:559:10:USBD_DrumController_GetPollingInterval	0	static
