main.c:527:13:MX_GPIO_Init	48	static
main.c:506:13:MX_DMA_Init	16	static
main.c:103:6:xgood_led_blink_handler	16	static
main.c:637:6:key_button_poll	24	static
main.c:572:6:HAL_ADC_ConvHalfCpltCallback	8	static
main.c:601:6:HAL_ADC_ConvCpltCallback	8	static
main.c:700:6:Error_Handler	0	static,ignoring_inline_asm
main.c:301:13:MX_ADC1_Init	24	static
main.c:475:13:MX_USART3_UART_Init	8	static
main.c:384:13:MX_TIM1_Init	32	static
main.c:430:13:MX_TIM3_Init	32	static
main.c:253:6:SystemClock_Config	88	static
main.c:165:5:main	16	static
