piezosensor.c:57:13:ring_buffer_add	0	static
piezosensor.c:86:17:ring_buffer_get_average	4	static
piezosensor.c:108:17:ring_buffer_get_latest	0	static
piezosensor.c:360:13:wait_for_trigger_state	24	static
piezosensor.c:416:13:tournament_state	16	static
piezosensor.c:129:6:piezosensor_init	16	static
piezosensor.c:288:6:cooldown_fsm_process	16	static
piezosensor.c:558:6:hid_clear_report	0	static
piezosensor.c:575:6:schedule_key_press	4	static
piezosensor.c:592:9:hid_send_buffered_reports	16	static
piezosensor.c:684:6:hid_process_afterglow	4	static
piezosensor.c:709:6:led_set_sensor_active	8	static
piezosensor.c:716:6:led_set_sensor_idle	8	static
piezosensor.c:723:6:led_set_sensor_triggered	8	static
piezosensor.c:457:13:final_state	16	static
piezosensor.c:343:6:trigger_fsm_process	8	static
piezosensor.c:731:6:led_update_all	16	static
piezosensor.c:748:6:decay_adjusted_threshold	24	static
piezosensor.c:765:6:increment_system_ms	0	static
piezosensor.c:772:6:led_check_turn_off	16	static
piezosensor.c:788:6:debug_print_trigger	0	static
piezosensor.c:807:6:debug_init	0	static
piezosensor.c:821:6:debug_update_max	0	static
piezosensor.c:202:6:extract_envelope_from_samples	32	static
piezosensor.c:836:6:debug_output_if_needed	0	static
