sensor_config.c:583:13:parse_simple_float	24	static
sensor_config.c:632:13:parse_fixed_point	16	static
sensor_config.c:692:13:parse_uint16	4	static
sensor_config.c:237:13:uart_start_receive	8	static
sensor_config.c:91:6:fixed_point_to_string	16	static
sensor_config.c:221:10:sensor_config_calculate_checksum	0	static
sensor_config.c:64:6:sensor_config_set_defaults	8	static
sensor_config.c:105:6:sensor_config_load_from_flash	16	static
sensor_config.c:40:6:sensor_config_init	8	static
sensor_config.c:153:6:sensor_config_save_to_flash	40	static,ignoring_inline_asm
sensor_config.c:243:6:HAL_UART_RxCpltCallback	8	static
sensor_config.c:255:6:HAL_UART_ErrorCallback	0	static
sensor_config.c:727:6:sensor_config_send_string	8	static
sensor_config.c:722:6:sensor_config_send_ok	8	static
sensor_config.c:380:13:handle_set_command	32	static
sensor_config.c:732:6:sensor_config_send_float	56	static
sensor_config.c:757:6:sensor_config_send_uint16	48	static
sensor_config.c:489:13:handle_query_command	120	static
sensor_config.c:264:6:sensor_config_process_command	80	static
sensor_config.c:766:6:sensor_config_is_terminal_mode	0	static
sensor_config.c:771:6:sensor_config_save_pending	0	static
