sensor_config.c:593:13:parse_simple_float	24	static
sensor_config.c:650:13:parse_fixed_point	16	static
sensor_config.c:719:13:parse_uint16	4	static
sensor_config.c:247:13:uart_start_receive	8	static
sensor_config.c:98:6:fixed_point_to_string	16	static
sensor_config.c:231:10:sensor_config_calculate_checksum	0	static
sensor_config.c:71:6:sensor_config_set_defaults	8	static
sensor_config.c:115:6:sensor_config_load_from_flash	16	static
sensor_config.c:44:6:sensor_config_init	8	static
sensor_config.c:163:6:sensor_config_save_to_flash	40	static,ignoring_inline_asm
sensor_config.c:253:6:HAL_UART_RxCpltCallback	8	static
sensor_config.c:265:6:HAL_UART_ErrorCallback	0	static
sensor_config.c:754:6:sensor_config_send_string	8	static
sensor_config.c:749:6:sensor_config_send_ok	8	static
sensor_config.c:390:13:handle_set_command	32	static
sensor_config.c:759:6:sensor_config_send_float	56	static
sensor_config.c:791:6:sensor_config_send_uint16	48	static
sensor_config.c:499:13:handle_query_command	120	static
sensor_config.c:274:6:sensor_config_process_command	80	static
sensor_config.c:800:6:sensor_config_is_terminal_mode	0	static
sensor_config.c:805:6:sensor_config_save_pending	0	static
sensor_config.c:812:6:sensor_config_load_failed	0	static
