uart_terminal.c:21:13:is_cdc_connected	0	static
uart_terminal.c:135:13:uart_terminal_process_command	8	static
uart_terminal.c:44:6:uart_terminal_init	8	static
uart_terminal.c:53:6:uart_terminal_set_input_mode	0	static
uart_terminal.c:58:21:uart_terminal_get_input_mode	0	static
uart_terminal.c:96:6:uart_terminal_send	16	static
uart_terminal.c:65:6:uart_terminal_receive_byte	24	static
uart_terminal.c:112:6:uart_terminal_tick	16	static
uart_terminal.c:128:6:uart_terminal_process_idle	8	static
uart_terminal.c:148:6:uart_terminal_is_active	0	static
