Archive member included to satisfy reference by file (symbol)

c:/st/stm32cubeide_1.7.0/stm32cubeide/plugins/com.st.stm32cube.ide.mcu.externaltools.gnu-tools-for-stm32.9-2020-q2-update.win32_2.0.0.202105311346/tools/bin/../lib/gcc/arm-none-eabi/9.3.1/../../../../arm-none-eabi/lib/thumb/v7-m/nofp\libc_nano.a(lib_a-errno.o)
                              ./Core/Src/syscalls.o (__errno)
c:/st/stm32cubeide_1.7.0/stm32cubeide/plugins/com.st.stm32cube.ide.mcu.externaltools.gnu-tools-for-stm32.9-2020-q2-update.win32_2.0.0.202105311346/tools/bin/../lib/gcc/arm-none-eabi/9.3.1/../../../../arm-none-eabi/lib/thumb/v7-m/nofp\libc_nano.a(lib_a-exit.o)
                              c:/st/stm32cubeide_1.7.0/stm32cubeide/plugins/com.st.stm32cube.ide.mcu.externaltools.gnu-tools-for-stm32.9-2020-q2-update.win32_2.0.0.202105311346/tools/bin/../lib/gcc/arm-none-eabi/9.3.1/../../../../arm-none-eabi/lib/thumb/v7-m/nofp/crt0.o (exit)
c:/st/stm32cubeide_1.7.0/stm32cubeide/plugins/com.st.stm32cube.ide.mcu.externaltools.gnu-tools-for-stm32.9-2020-q2-update.win32_2.0.0.202105311346/tools/bin/../lib/gcc/arm-none-eabi/9.3.1/../../../../arm-none-eabi/lib/thumb/v7-m/nofp\libc_nano.a(lib_a-impure.o)
                              c:/st/stm32cubeide_1.7.0/stm32cubeide/plugins/com.st.stm32cube.ide.mcu.externaltools.gnu-tools-for-stm32.9-2020-q2-update.win32_2.0.0.202105311346/tools/bin/../lib/gcc/arm-none-eabi/9.3.1/../../../../arm-none-eabi/lib/thumb/v7-m/nofp\libc_nano.a(lib_a-exit.o) (_global_impure_ptr)
c:/st/stm32cubeide_1.7.0/stm32cubeide/plugins/com.st.stm32cube.ide.mcu.externaltools.gnu-tools-for-stm32.9-2020-q2-update.win32_2.0.0.202105311346/tools/bin/../lib/gcc/arm-none-eabi/9.3.1/../../../../arm-none-eabi/lib/thumb/v7-m/nofp\libc_nano.a(lib_a-init.o)
                              c:/st/stm32cubeide_1.7.0/stm32cubeide/plugins/com.st.stm32cube.ide.mcu.externaltools.gnu-tools-for-stm32.9-2020-q2-update.win32_2.0.0.202105311346/tools/bin/../lib/gcc/arm-none-eabi/9.3.1/../../../../arm-none-eabi/lib/thumb/v7-m/nofp/crt0.o (__libc_init_array)
c:/st/stm32cubeide_1.7.0/stm32cubeide/plugins/com.st.stm32cube.ide.mcu.externaltools.gnu-tools-for-stm32.9-2020-q2-update.win32_2.0.0.202105311346/tools/bin/../lib/gcc/arm-none-eabi/9.3.1/../../../../arm-none-eabi/lib/thumb/v7-m/nofp\libc_nano.a(lib_a-memcpy-stub.o)
                              ./Core/Src/sensor_config.o (memcpy)
c:/st/stm32cubeide_1.7.0/stm32cubeide/plugins/com.st.stm32cube.ide.mcu.externaltools.gnu-tools-for-stm32.9-2020-q2-update.win32_2.0.0.202105311346/tools/bin/../lib/gcc/arm-none-eabi/9.3.1/../../../../arm-none-eabi/lib/thumb/v7-m/nofp\libc_nano.a(lib_a-memset.o)
                              c:/st/stm32cubeide_1.7.0/stm32cubeide/plugins/com.st.stm32cube.ide.mcu.externaltools.gnu-tools-for-stm32.9-2020-q2-update.win32_2.0.0.202105311346/tools/bin/../lib/gcc/arm-none-eabi/9.3.1/../../../../arm-none-eabi/lib/thumb/v7-m/nofp/crt0.o (memset)
c:/st/stm32cubeide_1.7.0/stm32cubeide/plugins/com.st.stm32cube.ide.mcu.externaltools.gnu-tools-for-stm32.9-2020-q2-update.win32_2.0.0.202105311346/tools/bin/../lib/gcc/arm-none-eabi/9.3.1/../../../../arm-none-eabi/lib/thumb/v7-m/nofp\libc_nano.a(lib_a-snprintf.o)
                              ./Core/Src/sensor_config.o (snprintf)
c:/st/stm32cubeide_1.7.0/stm32cubeide/plugins/com.st.stm32cube.ide.mcu.externaltools.gnu-tools-for-stm32.9-2020-q2-update.win32_2.0.0.202105311346/tools/bin/../lib/gcc/arm-none-eabi/9.3.1/../../../../arm-none-eabi/lib/thumb/v7-m/nofp\libc_nano.a(lib_a-strchr.o)
                              ./Core/Src/sensor_config.o (strchr)
c:/st/stm32cubeide_1.7.0/stm32cubeide/plugins/com.st.stm32cube.ide.mcu.externaltools.gnu-tools-for-stm32.9-2020-q2-update.win32_2.0.0.202105311346/tools/bin/../lib/gcc/arm-none-eabi/9.3.1/../../../../arm-none-eabi/lib/thumb/v7-m/nofp\libc_nano.a(lib_a-strcmp.o)
                              ./Core/Src/sensor_config.o (strcmp)
c:/st/stm32cubeide_1.7.0/stm32cubeide/plugins/com.st.stm32cube.ide.mcu.externaltools.gnu-tools-for-stm32.9-2020-q2-update.win32_2.0.0.202105311346/tools/bin/../lib/gcc/arm-none-eabi/9.3.1/../../../../arm-none-eabi/lib/thumb/v7-m/nofp\libc_nano.a(lib_a-strlen.o)
                              ./Core/Src/sensor_config.o (strlen)
c:/st/stm32cubeide_1.7.0/stm32cubeide/plugins/com.st.stm32cube.ide.mcu.externaltools.gnu-tools-for-stm32.9-2020-q2-update.win32_2.0.0.202105311346/tools/bin/../lib/gcc/arm-none-eabi/9.3.1/../../../../arm-none-eabi/lib/thumb/v7-m/nofp\libc_nano.a(lib_a-strncmp.o)
                              ./Core/Src/sensor_config.o (strncmp)
c:/st/stm32cubeide_1.7.0/stm32cubeide/plugins/com.st.stm32cube.ide.mcu.externaltools.gnu-tools-for-stm32.9-2020-q2-update.win32_2.0.0.202105311346/tools/bin/../lib/gcc/arm-none-eabi/9.3.1/../../../../arm-none-eabi/lib/thumb/v7-m/nofp\libc_nano.a(lib_a-nano-svfprintf.o)
[...]
Memory Configuration

Name             Origin             Length             Attributes
RAM              0x0000000020000000 0x0000000000005000 xrw
FLASH            0x0000000008000000 0x0000000000010000 xr
*default*        0x0000000000000000 0xffffffffffffffff

Linker script and memory map

LOAD c:/st/stm32cubeide_1.7.0/stm32cubeide/plugins/com.st.stm32cube.ide.mcu.externaltools.gnu-tools-for-stm32.9-2020-q2-update.win32_2.0.0.202105311346/tools/bin/../lib/gcc/arm-none-eabi/9.3.1/thumb/v7-m/nofp/crti.o
LOAD c:/st/stm32cubeide_1.7.0/stm32cubeide/plugins/com.st.stm32cube.ide.mcu.externaltools.gnu-tools-for-stm32.9-2020-q2-update.win32_2.0.0.202105311346/tools/bin/../lib/gcc/arm-none-eabi/9.3.1/thumb/v7-m/nofp/crtbegin.o
LOAD c:/st/stm32cubeide_1.7.0/stm32cubeide/plugins/com.st.stm32cube.ide.mcu.externaltools.gnu-tools-for-stm32.9-2020-q2-update.win32_2.0.0.202105311346/tools/bin/../lib/gcc/arm-none-eabi/9.3.1/../../../../arm-none-eabi/lib/thumb/v7-m/nofp/crt0.o
LOAD ./Core/Src/main.o
LOAD ./Core/Src/piezosensor.o
LOAD ./Core/Src/sensor_config.o
LOAD ./Core/Src/stm32f1xx_hal_msp.o
LOAD ./Core/Src/stm32f1xx_it.o
LOAD ./Core/Src/syscalls.o
LOAD ./Core/Src/sysmem.o
LOAD ./Core/Src/system_stm32f1xx.o
LOAD ./Core/Src/uart_terminal.o
LOAD ./Core/Src/usb_cdc_wrapper.o
LOAD ./Core/Src/usbd_composite_desc.o
LOAD ./Core/Src/usbd_composite_wrapper.o
LOAD ./Core/Startup/startup_stm32f103c8tx.o
LOAD ./Drivers/STM32F1xx_HAL_Driver/Src/stm32f1xx_hal.o
LOAD ./Drivers/STM32F1xx_HAL_Driver/Src/stm32f1xx_hal_adc.o
LOAD ./Drivers/STM32F1xx_HAL_Driver/Src/stm32f1xx_hal_adc_ex.o
LOAD ./Drivers/STM32F1xx_HAL_Driver/Src/stm32f1xx_hal_cortex.o
LOAD ./Drivers/STM32F1xx_HAL_Driver/Src/stm32f1xx_hal_dma.o
LOAD ./Drivers/STM32F1xx_HAL_Driver/Src/stm32f1xx_hal_exti.o
LOAD ./Drivers/STM32F1xx_HAL_Driver/Src/stm32f1xx_hal_flash.o
LOAD ./Drivers/STM32F1xx_HAL_Driver/Src/stm32f1xx_hal_flash_ex.o
LOAD ./Drivers/STM32F1xx_HAL_Driver/Src/stm32f1xx_hal_gpio.o
LOAD ./Drivers/STM32F1xx_HAL_Driver/Src/stm32f1xx_hal_gpio_ex.o
LOAD ./Drivers/STM32F1xx_HAL_Driver/Src/stm32f1xx_hal_pcd.o
LOAD ./Drivers/STM32F1xx_HAL_Driver/Src/stm32f1xx_hal_pcd_ex.o
LOAD ./Drivers/STM32F1xx_HAL_Driver/Src/stm32f1xx_hal_pwr.o
LOAD ./Drivers/STM32F1xx_HAL_Driver/Src/stm32f1xx_hal_rcc.o
LOAD ./Drivers/STM32F1xx_HAL_Driver/Src/stm32f1xx_hal_rcc_ex.o
LOAD ./Drivers/STM32F1xx_HAL_Driver/Src/stm32f1xx_hal_tim.o
LOAD ./Drivers/STM32F1xx_HAL_Driver/Src/stm32f1xx_hal_tim_ex.o
LOAD ./Drivers/STM32F1xx_HAL_Driver/Src/stm32f1xx_hal_uart.o
LOAD ./Drivers/STM32F1xx_HAL_Driver/Src/stm32f1xx_ll_usb.o
LOAD ./Middlewares/ST/STM32_USB_Device_Library/Class/HID/Src/usbd_hid.o
LOAD ./Middlewares/ST/STM32_USB_Device_Library/Core/Src/usbd_core.o
LOAD ./Middlewares/ST/STM32_USB_Device_Library/Core/Src/usbd_ctlreq.o
LOAD ./Middlewares/ST/STM32_USB_Device_Library/Core/Src/usbd_ioreq.o
LOAD ./USB_DEVICE/App/usb_device.o
LOAD ./USB_DEVICE/App/usbd_cdc.o
LOAD ./USB_DEVICE/Target/usbd_conf.o
START GROUP
LOAD c:/st/stm32cubeide_1.7.0/stm32cubeide/plugins/com.st.stm32cube.ide.mcu.externaltools.gnu-tools-for-stm32.9-2020-q2-update.win32_2.0.0.202105311346/tools/bin/../lib/gcc/arm-none-eabi/9.3.1/../../../../arm-none-eabi/lib/thumb/v7-m/nofp\libc_nano.a
LOAD c:/st/stm32cubeide_1.7.0/stm32cubeide/plugins/com.st.stm32cube.ide.mcu.externaltools.gnu-tools-for-stm32.9-2020-q2-update.win32_2.0.0.202105311346/tools/bin/../lib/gcc/arm-none-eabi/9.3.1/../../../../arm-none-eabi/lib/thumb/v7-m/nofp\libm.a
END GROUP
START GROUP
LOAD c:/st/stm32cubeide_1.7.0/stm32cubeide/plugins/com.st.stm32cube.ide.mcu.externaltools.gnu-tools-for-stm32.9-2020-q2-update.win32_2.0.0.202105311346/tools/bin/../lib/gcc/arm-none-eabi/9.3.1/thumb/v7-m/nofp\libgcc.a
LOAD c:/st/stm32cubeide_1.7.0/stm32cubeide/plugins/com.st.stm32cube.ide.mcu.externaltools.gnu-tools-for-stm32.9-2020-q2-update.win32_2.0.0.202105311346/tools/bin/../lib/gcc/arm-none-eabi/9.3.1/../../../../arm-none-eabi/lib/thumb/v7-m/nofp\libc_nano.a
END GROUP
START GROUP
LOAD c:/st/stm32cubeide_1.7.0/stm32cubeide/plugins/com.st.stm32cube.ide.mcu.externaltools.gnu-tools-for-stm32.9-2020-q2-update.win32_2.0.0.202105311346/tools/bin/../lib/gcc/arm-none-eabi/9.3.1/thumb/v7-m/nofp\libgcc.a
LOAD c:/st/stm32cubeide_1.7.0/stm32cubeide/plugins/com.st.stm32cube.ide.mcu.externaltools.gnu-tools-for-stm32.9-2020-q2-update.win32_2.0.0.202105311346/tools/bin/../lib/gcc/arm-none-eabi/9.3.1/../../../../arm-none-eabi/lib/thumb/v7-m/nofp\libc_nano.a
LOAD c:/st/stm32cubeide_1.7.0/stm32cubeide/plugins/com.st.stm32cube.ide.mcu.externaltools.gnu-tools-for-stm32.9-2020-q2-update.win32_2.0.0.202105311346/tools/bin/../lib/gcc/arm-none-eabi/9.3.1/../../../../arm-none-eabi/lib/thumb/v7-m/nofp\libnosys.a
END GROUP
START GROUP
LOAD c:/st/stm32cubeide_1.7.0/stm32cubeide/plugins/com.st.stm32cube.ide.mcu.externaltools.gnu-tools-for-stm32.9-2020-q2-update.win32_2.0.0.202105311346/tools/bin/../lib/gcc/arm-none-eabi/9.3.1/thumb/v7-m/nofp\libgcc.a
LOAD c:/st/stm32cubeide_1.7.0/stm32cubeide/plugins/com.st.stm32cube.ide.mcu.externaltools.gnu-tools-for-stm32.9-2020-q2-update.win32_2.0.0.202105311346/tools/bin/../lib/gcc/arm-none-eabi/9.3.1/../../../../arm-none-eabi/lib/thumb/v7-m/nofp\libc_nano.a
LOAD c:/st/stm32cubeide_1.7.0/stm32cubeide/plugins/com.st.stm32cube.ide.mcu.externaltools.gnu-tools-for-stm32.9-2020-q2-update.win32_2.0.0.202105311346/tools/bin/../lib/gcc/arm-none-eabi/9.3.1/../../../../arm-none-eabi/lib/thumb/v7-m/nofp\libnosys.a
END GROUP
LOAD c:/st/stm32cubeide_1.7.0/stm32cubeide/plugins/com.st.stm32cube.ide.mcu.externaltools.gnu-tools-for-stm32.9-2020-q2-update.win32_2.0.0.202105311346/tools/bin/../lib/gcc/arm-none-eabi/9.3.1/thumb/v7-m/nofp/crtend.o
LOAD c:/st/stm32cubeide_1.7.0/stm32cubeide/plugins/com.st.stm32cube.ide.mcu.externaltools.gnu-tools-for-stm32.9-2020-q2-update.win32_2.0.0.202105311346/tools/bin/../lib/gcc/arm-none-eabi/9.3.1/thumb/v7-m/nofp/crtn.o
                0x0000000020005000                _estack = (ORIGIN (RAM) + LENGTH (RAM))
                0x0000000000000400                _Min_Heap_Size = 0x400
                0x0000000000000400                _Min_Stack_Size = 0x400

.isr_vector     0x0000000008000000      0x10c
                0x0000000008000000                . = ALIGN (0x4)
 *(.isr_vector)
 .isr_vector    0x0000000008000000      0x10c ./Core/Startup/startup_stm32f103c8tx.o
                0x0000000008000000                g_pfnVectors
                0x000000000800010c                . = ALIGN (0x4)

.text           0x000000000800010c     0x7f8c
                0x000000000800010c                . = ALIGN (0x4)
 *(.text)
 .text          0x000000000800010c       0x40 c:/st/stm32cubeide_1.7.0/stm32cubeide/plugins/com.st.stm32cube.ide.mcu.externaltools.gnu-tools-for-stm32.9-2020-q2-update.win32_2.0.0.202105311346/tools/bin/../lib/gcc/arm-none-eabi/9.3.1/thumb/v7-m/nofp/crtbegin.o
 .text          0x000000000800014c       0x14 c:/st/stm32cubeide_1.7.0/stm32cubeide/plugins/com.st.stm32cube.ide.mcu.externaltools.gnu-tools-for-stm32.9-2020-q2-update.win32_2.0.0.202105311346/tools/bin/../lib/gcc/arm-none-eabi/9.3.1/../../../../arm-none-eabi/lib/thumb/v7-m/nofp\libc_nano.a(lib_a-strcmp.o)
                0x000000000800014c                strcmp
 .text          0x0000000008000160       0x10 c:/st/stm32cubeide_1.7.0/stm32cubeide/plugins/com.st.stm32cube.ide.mcu.externaltools.gnu-tools-for-stm32.9-2020-q2-update.win32_2.0.0.202105311346/tools/bin/../lib/gcc/arm-none-eabi/9.3.1/../../../../arm-none-eabi/lib/thumb/v7-m/nofp\libc_nano.a(lib_a-strlen.o)
                0x0000000008000160                strlen
 .text          0x0000000008000170      0x21c c:/st/stm32cubeide_1.7.0/stm32cubeide/plugins/com.st.stm32cube.ide.mcu.externaltools.gnu-tools-for-stm32.9-2020-q2-update.win32_2.0.0.202105311346/tools/bin/../lib/gcc/arm-none-eabi/9.3.1/thumb/v7-m/nofp\libgcc.a(_arm_addsubsf3.o)
                0x0000000008000170                __aeabi_frsub
                0x0000000008000178                __subsf3
                0x0000000008000178                __aeabi_fsub
                0x000000000800017c                __aeabi_fadd
                0x000000000800017c                __addsf3
                0x00000000080002dc                __aeabi_ui2f
                0x00000000080002dc                __floatunsisf
                0x00000000080002e4                __aeabi_i2f
                0x00000000080002e4                __floatsisf
                0x0000000008000300                __aeabi_ul2f
                0x0000000008000300                __floatundisf
                0x0000000008000310                __aeabi_l2f
                0x0000000008000310                __floatdisf
 .text          0x000000000800038c      0x2a0 c:/st/stm32cubeide_1.7.0/stm32cubeide/plugins/com.st.stm32cube.ide.mcu.externaltools.gnu-tools-for-stm32.9-2020-q2-update.win32_2.0.0.202105311346/tools/bin/../lib/gcc/arm-none-eabi/9.3.1/thumb/v7-m/nofp\libgcc.a(_arm_muldivsf3.o)
                0x000000000800038c                __mulsf3
                0x000000000800038c                __aeabi_fmul
                0x00000000080004f4                __aeabi_fdiv
                0x00000000080004f4                __divsf3
 .text          0x000000000800062c       0xec c:/st/stm32cubeide_1.7.0/stm32cubeide/plugins/com.st.stm32cube.ide.mcu.externaltools.gnu-tools-for-stm32.9-2020-q2-update.win32_2.0.0.202105311346/tools/bin/../lib/gcc/arm-none-eabi/9.3.1/thumb/v7-m/nofp\libgcc.a(_arm_cmpsf2.o)
                0x000000000800062c                __gesf2
                0x000000000800062c                __gtsf2
                0x0000000008000634                __lesf2
                0x0000000008000634                __ltsf2
                0x000000000800063c                __nesf2
                0x000000000800063c                __eqsf2
                0x000000000800063c                __cmpsf2
                0x000000000800069c                __aeabi_cfrcmple
                0x00000000080006a4                __aeabi_cfcmpeq
                0x00000000080006a4                __aeabi_cfcmple
                0x00000000080006b4                __aeabi_fcmpeq
                0x00000000080006c8                __aeabi_fcmplt
                0x00000000080006dc                __aeabi_fcmple
                0x00000000080006f0                __aeabi_fcmpge
                0x0000000008000704                __aeabi_fcmpgt
 .text          0x0000000008000718       0x4c c:/st/stm32cubeide_1.7.0/stm32cubeide/plugins/com.st.stm32cube.ide.mcu.externaltools.gnu-tools-for-stm32.9-2020-q2-update.win32_2.0.0.202105311346/tools/bin/../lib/gcc/arm-none-eabi/9.3.1/thumb/v7-m/nofp\libgcc.a(_arm_fixsfsi.o)
                0x0000000008000718                __aeabi_f2iz
                0x0000000008000718                __fixsfsi
 *(.text*)
 .text.xgood_led_blink_handler
                0x0000000008000764       0x4c ./Core/Src/main.o
                0x0000000008000764                xgood_led_blink_handler
 .text.SystemClock_Config
                0x00000000080007b0       0x88 ./Core/Src/main.o
                0x00000000080007b0                SystemClock_Config
 .text.startup.main
                0x0000000008000838      0x2b0 ./Core/Src/main.o
                0x0000000008000838                main
 .text.HAL_ADC_ConvHalfCpltCallback
                0x0000000008000ae8       0x4c ./Core/Src/main.o
                0x0000000008000ae8                HAL_ADC_ConvHalfCpltCallback
 .text.HAL_ADC_ConvCpltCallback
                0x0000000008000b34       0x74 ./Core/Src/main.o
                0x0000000008000b34                HAL_ADC_ConvCpltCallback
 .text.Error_Handler
                0x0000000008000ba8        0x4 ./Core/Src/main.o
                0x0000000008000ba8                Error_Handler
 .text.schedule_key_press.part.0
                0x0000000008000bac       0x34 ./Core/Src/piezosensor.o
 .text.led_set_sensor_triggered.part.0
                0x0000000008000be0       0x2c ./Core/Src/piezosensor.o
 .text.piezosensor_init
                0x0000000008000c0c      0x134 ./Core/Src/piezosensor.o
                0x0000000008000c0c                piezosensor_init
 .text.extract_envelope_from_samples
                0x0000000008000d40      0x148 ./Core/Src/piezosensor.o
                0x0000000008000d40                extract_envelope_from_samples
 .text.cooldown_fsm_process
                0x0000000008000e88       0x98 ./Core/Src/piezosensor.o
                0x0000000008000e88                cooldown_fsm_process
 .text.trigger_fsm_process
                0x0000000008000f20      0x3a0 ./Core/Src/piezosensor.o
                0x0000000008000f20                trigger_fsm_process
 .text.hid_send_buffered_reports
                0x00000000080012c0       0x64 ./Core/Src/piezosensor.o
                0x00000000080012c0                hid_send_buffered_reports
 .text.hid_process_afterglow
                0x0000000008001324       0x64 ./Core/Src/piezosensor.o
                0x0000000008001324                hid_process_afterglow
 .text.decay_adjusted_threshold
                0x0000000008001388       0x8c ./Core/Src/piezosensor.o
                0x0000000008001388                decay_adjusted_threshold
 .text.increment_system_ms
                0x0000000008001414       0x10 ./Core/Src/piezosensor.o
                0x0000000008001414                increment_system_ms
 .text.led_check_turn_off
                0x0000000008001424       0x3c ./Core/Src/piezosensor.o
                0x0000000008001424                led_check_turn_off
 .text.debug_init
                0x0000000008001460       0x14 ./Core/Src/piezosensor.o
                0x0000000008001460                debug_init
 .text.debug_output_if_needed
                0x0000000008001474        0x4 ./Core/Src/piezosensor.o
                0x0000000008001474                debug_output_if_needed
 .text.parse_simple_float
                0x0000000008001478       0xb8 ./Core/Src/sensor_config.o
 .text.parse_uint16
                0x0000000008001530       0x48 ./Core/Src/sensor_config.o
 .text.sensor_config_load_from_flash.part.0
                0x0000000008001578       0x9c ./Core/Src/sensor_config.o
 .text.sensor_config_set_defaults
                0x0000000008001614       0x70 ./Core/Src/sensor_config.o
                0x0000000008001614                sensor_config_set_defaults
 .text.sensor_config_init
                0x0000000008001684       0x6c ./Core/Src/sensor_config.o
                0x0000000008001684                sensor_config_init
 .text.sensor_config_save_to_flash
                0x00000000080016f0       0xa4 ./Core/Src/sensor_config.o
                0x00000000080016f0                sensor_config_save_to_flash
 .text.HAL_UART_RxCpltCallback
                0x0000000008001794       0x30 ./Core/Src/sensor_config.o
                0x0000000008001794                HAL_UART_RxCpltCallback
 .text.HAL_UART_ErrorCallback
                0x00000000080017c4        0x4 ./Core/Src/sensor_config.o
                0x00000000080017c4                HAL_UART_ErrorCallback
 .text.sensor_config_send_float
                0x00000000080017c8       0xb4 ./Core/Src/sensor_config.o
                0x00000000080017c8                sensor_config_send_float
 .text.sensor_config_send_uint16
                0x000000000800187c       0x28 ./Core/Src/sensor_config.o
                0x000000000800187c                sensor_config_send_uint16
 .text.sensor_config_process_command
                0x00000000080018a4      0x8b4 ./Core/Src/sensor_config.o
                0x00000000080018a4                sensor_config_process_command
 .text.sensor_config_load_failed
                0x0000000008002158        0xc ./Core/Src/sensor_config.o
                0x0000000008002158                sensor_config_load_failed
 .text.HAL_MspInit
                0x0000000008002164       0x44 ./Core/Src/stm32f1xx_hal_msp.o
                0x0000000008002164                HAL_MspInit
 .text.HAL_ADC_MspInit
                0x00000000080021a8       0xa0 ./Core/Src/stm32f1xx_hal_msp.o
                0x00000000080021a8                HAL_ADC_MspInit
 .text.HAL_TIM_Base_MspInit
                0x0000000008002248       0x50 ./Core/Src/stm32f1xx_hal_msp.o
                0x0000000008002248                HAL_TIM_Base_MspInit
 .text.HAL_UART_MspInit
                0x0000000008002298       0xbc ./Core/Src/stm32f1xx_hal_msp.o
                0x0000000008002298                HAL_UART_MspInit
 .text.NMI_Handler
                0x0000000008002354        0x4 ./Core/Src/stm32f1xx_it.o
                0x0000000008002354                NMI_Handler
 .text.HardFault_Handler
                0x0000000008002358        0x4 ./Core/Src/stm32f1xx_it.o
                0x0000000008002358                HardFault_Handler
 .text.MemManage_Handler
                0x000000000800235c        0x4 ./Core/Src/stm32f1xx_it.o
                0x000000000800235c                MemManage_Handler
 .text.BusFault_Handler
                0x0000000008002360        0x4 ./Core/Src/stm32f1xx_it.o
                0x0000000008002360                BusFault_Handler
 .text.UsageFault_Handler
                0x0000000008002364        0x4 ./Core/Src/stm32f1xx_it.o
                0x0000000008002364                UsageFault_Handler
 .text.SVC_Handler
                0x0000000008002368        0x4 ./Core/Src/stm32f1xx_it.o
                0x0000000008002368                SVC_Handler
 .text.DebugMon_Handler
                0x000000000800236c        0x4 ./Core/Src/stm32f1xx_it.o
                0x000000000800236c                DebugMon_Handler
 .text.PendSV_Handler
                0x0000000008002370        0x4 ./Core/Src/stm32f1xx_it.o
                0x0000000008002370                PendSV_Handler
 .text.SysTick_Handler
                0x0000000008002374        0x4 ./Core/Src/stm32f1xx_it.o
                0x0000000008002374                SysTick_Handler
 .text.DMA1_Channel1_IRQHandler
                0x0000000008002378        0xc ./Core/Src/stm32f1xx_it.o
                0x0000000008002378                DMA1_Channel1_IRQHandler
 .text.DMA1_Channel3_IRQHandler
                0x0000000008002384        0xc ./Core/Src/stm32f1xx_it.o
                0x0000000008002384                DMA1_Channel3_IRQHandler
 .text.USB_LP_CAN1_RX0_IRQHandler
                0x0000000008002390        0xc ./Core/Src/stm32f1xx_it.o
                0x0000000008002390                USB_LP_CAN1_RX0_IRQHandler
 .text.USART3_IRQHandler
                0x000000000800239c        0xc ./Core/Src/stm32f1xx_it.o
                0x000000000800239c                USART3_IRQHandler
 .text._sbrk    0x00000000080023a8       0x48 ./Core/Src/sysmem.o
                0x00000000080023a8                _sbrk
 .text.SystemInit
                0x00000000080023f0        0x4 ./Core/Src/system_stm32f1xx.o
                0x00000000080023f0                SystemInit
 .text.uart_terminal_get_input_mode
                0x00000000080023f4        0xc ./Core/Src/uart_terminal.o
                0x00000000080023f4                uart_terminal_get_input_mode
 .text.uart_terminal_send
                0x0000000008002400       0x28 ./Core/Src/uart_terminal.o
                0x0000000008002400                uart_terminal_send
 .text.uart_terminal_receive_byte
                0x0000000008002428       0x78 ./Core/Src/uart_terminal.o
                0x0000000008002428                uart_terminal_receive_byte
 .text.uart_terminal_tick
                0x00000000080024a0       0x34 ./Core/Src/uart_terminal.o
                0x00000000080024a0                uart_terminal_tick
 .text.uart_terminal_process_idle
                0x00000000080024d4       0x10 ./Core/Src/uart_terminal.o
                0x00000000080024d4                uart_terminal_process_idle
 .text.CDC_Itf_DeInit
                0x00000000080024e4        0x4 ./Core/Src/usb_cdc_wrapper.o
 .text.CDC_Itf_Receive
                0x00000000080024e8       0x6c ./Core/Src/usb_cdc_wrapper.o
 .text.CDC_Itf_Init
                0x0000000008002554       0x4c ./Core/Src/usb_cdc_wrapper.o
 .text.CDC_Itf_Control
                0x00000000080025a0       0x4c ./Core/Src/usb_cdc_wrapper.o
 .text.usb_cdc_enqueue_tx
                0x00000000080025ec       0x6c ./Core/Src/usb_cdc_wrapper.o
                0x00000000080025ec                usb_cdc_enqueue_tx
 .text.usb_cdc_process
                0x0000000008002658       0xe0 ./Core/Src/usb_cdc_wrapper.o
                0x0000000008002658                usb_cdc_process
 .text.USBD_FS_DeviceDescriptor
                0x0000000008002738        0xc ./Core/Src/usbd_composite_desc.o
                0x0000000008002738                USBD_FS_DeviceDescriptor
 .text.USBD_FS_LangIDStrDescriptor
                0x0000000008002744        0xc ./Core/Src/usbd_composite_desc.o
                0x0000000008002744                USBD_FS_LangIDStrDescriptor
 .text.IntTo_Unicode
                0x0000000008002750       0x30 ./Core/Src/usbd_composite_desc.o
 .text.USBD_FS_SerialStrDescriptor
                0x0000000008002780       0x48 ./Core/Src/usbd_composite_desc.o
                0x0000000008002780                USBD_FS_SerialStrDescriptor
 .text.USBD_FS_ManufacturerStrDescriptor
                0x00000000080027c8       0x1c ./Core/Src/usbd_composite_desc.o
                0x00000000080027c8                USBD_FS_ManufacturerStrDescriptor
 .text.USBD_FS_ProductStrDescriptor
                0x00000000080027e4       0x1c ./Core/Src/usbd_composite_desc.o
                0x00000000080027e4                USBD_FS_ProductStrDescriptor
 .text.USBD_FS_ConfigStrDescriptor
                0x0000000008002800       0x1c ./Core/Src/usbd_composite_desc.o
                0x0000000008002800                USBD_FS_ConfigStrDescriptor
 .text.USBD_FS_InterfaceStrDescriptor
                0x000000000800281c       0x4c ./Core/Src/usbd_composite_desc.o
                0x000000000800281c                USBD_FS_InterfaceStrDescriptor
 .text.USBD_Composite_EP0_TxSent
                0x0000000008002868       0x34 ./Core/Src/usbd_composite_wrapper.o
 .text.USBD_Composite_EP0_RxReady
                0x000000000800289c       0x24 ./Core/Src/usbd_composite_wrapper.o
 .text.USBD_Composite_DataIn
                0x00000000080028c0       0x44 ./Core/Src/usbd_composite_wrapper.o
 .text.USBD_Composite_DataOut
                0x0000000008002904       0x24 ./Core/Src/usbd_composite_wrapper.o
 .text.USBD_Composite_SOF
                0x0000000008002928       0x2c ./Core/Src/usbd_composite_wrapper.o
 .text.USBD_Composite_GetFSConfigDescriptor
                0x0000000008002954       0x10 ./Core/Src/usbd_composite_wrapper.o
 .text.USBD_Composite_GetHSConfigDescriptor
                0x0000000008002964        0xc ./Core/Src/usbd_composite_wrapper.o
 .text.USBD_Composite_GetDeviceQualifierDescriptor
                0x0000000008002970        0xc ./Core/Src/usbd_composite_wrapper.o
 .text.USBD_Composite_Setup
                0x000000000800297c       0x50 ./Core/Src/usbd_composite_wrapper.o
 .text.USBD_Composite_DeInit
                0x00000000080029cc       0x3c ./Core/Src/usbd_composite_wrapper.o
 .text.USBD_Composite_Init
                0x0000000008002a08       0x6c ./Core/Src/usbd_composite_wrapper.o
 .text.Reset_Handler
                0x0000000008002a74       0x48 ./Core/Startup/startup_stm32f103c8tx.o
                0x0000000008002a74                Reset_Handler
 .text.Default_Handler
                0x0000000008002abc        0x2 ./Core/Startup/startup_stm32f103c8tx.o
                0x0000000008002abc                RTC_Alarm_IRQHandler
                0x0000000008002abc                EXTI2_IRQHandler
                0x0000000008002abc                TIM1_CC_IRQHandler
                0x0000000008002abc                PVD_IRQHandler
                0x0000000008002abc                EXTI3_IRQHandler
                0x0000000008002abc                EXTI0_IRQHandler
                0x0000000008002abc                I2C2_EV_IRQHandler
                0x0000000008002abc                ADC1_2_IRQHandler
                0x0000000008002abc                SPI1_IRQHandler
                0x0000000008002abc                TAMPER_IRQHandler
                0x0000000008002abc                DMA1_Channel4_IRQHandler
                0x0000000008002abc                RTC_IRQHandler
                0x0000000008002abc                DMA1_Channel7_IRQHandler
                0x0000000008002abc                CAN1_RX1_IRQHandler
                0x0000000008002abc                TIM4_IRQHandler
                0x0000000008002abc                I2C1_EV_IRQHandler
                0x0000000008002abc                DMA1_Channel6_IRQHandler
                0x0000000008002abc                TIM3_IRQHandler
                0x0000000008002abc                RCC_IRQHandler
                0x0000000008002abc                TIM1_TRG_COM_IRQHandler
                0x0000000008002abc                Default_Handler
                0x0000000008002abc                EXTI15_10_IRQHandler
                0x0000000008002abc                EXTI9_5_IRQHandler
                0x0000000008002abc                SPI2_IRQHandler
                0x0000000008002abc                DMA1_Channel5_IRQHandler
                0x0000000008002abc                EXTI4_IRQHandler
                0x0000000008002abc                USB_HP_CAN1_TX_IRQHandler
                0x0000000008002abc                TIM1_UP_IRQHandler
                0x0000000008002abc                WWDG_IRQHandler
                0x0000000008002abc                TIM2_IRQHandler
                0x0000000008002abc                TIM1_BRK_IRQHandler
                0x0000000008002abc                EXTI1_IRQHandler
                0x0000000008002abc                USART2_IRQHandler
                0x0000000008002abc                I2C2_ER_IRQHandler
                0x0000000008002abc                DMA1_Channel2_IRQHandler
                0x0000000008002abc                CAN1_SCE_IRQHandler
                0x0000000008002abc                FLASH_IRQHandler
                0x0000000008002abc                USART1_IRQHandler
                0x0000000008002abc                I2C1_ER_IRQHandler
                0x0000000008002abc                USBWakeUp_IRQHandler
 *fill*         0x0000000008002abe        0x2 
 .text.HAL_InitTick
                0x0000000008002ac0       0x48 ./Drivers/STM32F1xx_HAL_Driver/Src/stm32f1xx_hal.o
                0x0000000008002ac0                HAL_InitTick
 .text.HAL_Init
                0x0000000008002b08       0x24 ./Drivers/STM32F1xx_HAL_Driver/Src/stm32f1xx_hal.o
                0x0000000008002b08                HAL_Init
 .text.HAL_IncTick
                0x0000000008002b2c       0x18 ./Drivers/STM32F1xx_HAL_Driver/Src/stm32f1xx_hal.o
                0x0000000008002b2c                HAL_IncTick
 .text.HAL_GetTick
                0x0000000008002b44        0xc ./Drivers/STM32F1xx_HAL_Driver/Src/stm32f1xx_hal.o
                0x0000000008002b44                HAL_GetTick
 .text.HAL_Delay
                0x0000000008002b50       0x24 ./Drivers/STM32F1xx_HAL_Driver/Src/stm32f1xx_hal.o
                0x0000000008002b50                HAL_Delay
 .text.ADC_DMAConvCplt
                0x0000000008002b74       0x50 ./Drivers/STM32F1xx_HAL_Driver/Src/stm32f1xx_hal_adc.o
                0x0000000008002b74                ADC_DMAConvCplt
 .text.ADC_DMAHalfConvCplt
                0x0000000008002bc4        0xc ./Drivers/STM32F1xx_HAL_Driver/Src/stm32f1xx_hal_adc.o
                0x0000000008002bc4                ADC_DMAHalfConvCplt
 .text.HAL_ADC_ErrorCallback
                0x0000000008002bd0        0x4 ./Drivers/STM32F1xx_HAL_Driver/Src/stm32f1xx_hal_adc.o
                0x0000000008002bd0                HAL_ADC_ErrorCallback
 .text.ADC_DMAError
                0x0000000008002bd4       0x1c ./Drivers/STM32F1xx_HAL_Driver/Src/stm32f1xx_hal_adc.o
                0x0000000008002bd4                ADC_DMAError
 .text.HAL_ADC_ConfigChannel
                0x0000000008002bf0      0x118 ./Drivers/STM32F1xx_HAL_Driver/Src/stm32f1xx_hal_adc.o
                0x0000000008002bf0                HAL_ADC_ConfigChannel
 .text.ADC_Enable
                0x0000000008002d08       0x88 ./Drivers/STM32F1xx_HAL_Driver/Src/stm32f1xx_hal_adc.o
                0x0000000008002d08                ADC_Enable
 .text.HAL_ADC_Start_DMA
                0x0000000008002d90      0x11c ./Drivers/STM32F1xx_HAL_Driver/Src/stm32f1xx_hal_adc.o
                0x0000000008002d90                HAL_ADC_Start_DMA
 .text.ADC_ConversionStop_Disable
                0x0000000008002eac       0x4c ./Drivers/STM32F1xx_HAL_Driver/Src/stm32f1xx_hal_adc.o
                0x0000000008002eac                ADC_ConversionStop_Disable
 .text.HAL_ADC_Init
                0x0000000008002ef8      0x13c ./Drivers/STM32F1xx_HAL_Driver/Src/stm32f1xx_hal_adc.o
                0x0000000008002ef8                HAL_ADC_Init
 .text.HAL_NVIC_SetPriorityGrouping
                0x0000000008003034       0x24 ./Drivers/STM32F1xx_HAL_Driver/Src/stm32f1xx_hal_cortex.o
                0x0000000008003034                HAL_NVIC_SetPriorityGrouping
 .text.HAL_NVIC_SetPriority
                0x0000000008003058       0x70 ./Drivers/STM32F1xx_HAL_Driver/Src/stm32f1xx_hal_cortex.o
                0x0000000008003058                HAL_NVIC_SetPriority
 .text.HAL_NVIC_EnableIRQ
                0x00000000080030c8       0x1c ./Drivers/STM32F1xx_HAL_Driver/Src/stm32f1xx_hal_cortex.o
                0x00000000080030c8                HAL_NVIC_EnableIRQ
 .text.HAL_SYSTICK_Config
                0x00000000080030e4       0x30 ./Drivers/STM32F1xx_HAL_Driver/Src/stm32f1xx_hal_cortex.o
                0x00000000080030e4                HAL_SYSTICK_Config
 .text.HAL_DMA_Init
                0x0000000008003114       0x70 ./Drivers/STM32F1xx_HAL_Driver/Src/stm32f1xx_hal_dma.o
                0x0000000008003114                HAL_DMA_Init
 .text.HAL_DMA_Start_IT
                0x0000000008003184       0x88 ./Drivers/STM32F1xx_HAL_Driver/Src/stm32f1xx_hal_dma.o
                0x0000000008003184                HAL_DMA_Start_IT
 .text.HAL_DMA_Abort
                0x000000000800320c       0x48 ./Drivers/STM32F1xx_HAL_Driver/Src/stm32f1xx_hal_dma.o
                0x000000000800320c                HAL_DMA_Abort
 .text.HAL_DMA_Abort_IT
                0x0000000008003254       0x98 ./Drivers/STM32F1xx_HAL_Driver/Src/stm32f1xx_hal_dma.o
                0x0000000008003254                HAL_DMA_Abort_IT
 .text.HAL_DMA_IRQHandler
                0x00000000080032ec      0x12c ./Drivers/STM32F1xx_HAL_Driver/Src/stm32f1xx_hal_dma.o
                0x00000000080032ec                HAL_DMA_IRQHandler
 .text.FLASH_SetErrorCode
                0x0000000008003418       0x54 ./Drivers/STM32F1xx_HAL_Driver/Src/stm32f1xx_hal_flash.o
 .text.HAL_FLASH_Unlock
                0x000000000800346c       0x28 ./Drivers/STM32F1xx_HAL_Driver/Src/stm32f1xx_hal_flash.o
                0x000000000800346c                HAL_FLASH_Unlock
 .text.HAL_FLASH_Lock
                0x0000000008003494       0x14 ./Drivers/STM32F1xx_HAL_Driver/Src/stm32f1xx_hal_flash.o
                0x0000000008003494                HAL_FLASH_Lock
 .text.FLASH_WaitForLastOperation
                0x00000000080034a8       0x58 ./Drivers/STM32F1xx_HAL_Driver/Src/stm32f1xx_hal_flash.o
                0x00000000080034a8                FLASH_WaitForLastOperation
 .text.HAL_FLASH_Program
                0x0000000008003500       0xa0 ./Drivers/STM32F1xx_HAL_Driver/Src/stm32f1xx_hal_flash.o
                0x0000000008003500                HAL_FLASH_Program
 .text.HAL_FLASHEx_Erase
                0x00000000080035a0       0xc4 ./Drivers/STM32F1xx_HAL_Driver/Src/stm32f1xx_hal_flash_ex.o
                0x00000000080035a0                HAL_FLASHEx_Erase
 .text.HAL_GPIO_Init
                0x0000000008003664      0x220 ./Drivers/STM32F1xx_HAL_Driver/Src/stm32f1xx_hal_gpio.o
                0x0000000008003664                HAL_GPIO_Init
 .text.HAL_GPIO_WritePin
                0x0000000008003884        0x8 ./Drivers/STM32F1xx_HAL_Driver/Src/stm32f1xx_hal_gpio.o
                0x0000000008003884                HAL_GPIO_WritePin
 .text.HAL_PCD_Init
                0x000000000800388c       0xc8 ./Drivers/STM32F1xx_HAL_Driver/Src/stm32f1xx_hal_pcd.o
                0x000000000800388c                HAL_PCD_Init
 .text.HAL_PCD_Start
                0x0000000008003954       0x34 ./Drivers/STM32F1xx_HAL_Driver/Src/stm32f1xx_hal_pcd.o
                0x0000000008003954                HAL_PCD_Start
 .text.HAL_PCD_IRQHandler
                0x0000000008003988      0xb24 ./Drivers/STM32F1xx_HAL_Driver/Src/stm32f1xx_hal_pcd.o
                0x0000000008003988                HAL_PCD_IRQHandler
 .text.HAL_PCD_SetAddress
                0x00000000080044ac       0x28 ./Drivers/STM32F1xx_HAL_Driver/Src/stm32f1xx_hal_pcd.o
                0x00000000080044ac                HAL_PCD_SetAddress
 .text.HAL_PCD_EP_Open
                0x00000000080044d4       0x68 ./Drivers/STM32F1xx_HAL_Driver/Src/stm32f1xx_hal_pcd.o
                0x00000000080044d4                HAL_PCD_EP_Open
 .text.HAL_PCD_EP_Close
                0x000000000800453c       0x64 ./Drivers/STM32F1xx_HAL_Driver/Src/stm32f1xx_hal_pcd.o
                0x000000000800453c                HAL_PCD_EP_Close
 .text.HAL_PCD_EP_Receive
                0x00000000080045a0       0x30 ./Drivers/STM32F1xx_HAL_Driver/Src/stm32f1xx_hal_pcd.o
                0x00000000080045a0                HAL_PCD_EP_Receive
 .text.HAL_PCD_EP_GetRxCount
                0x00000000080045d0       0x14 ./Drivers/STM32F1xx_HAL_Driver/Src/stm32f1xx_hal_pcd.o
                0x00000000080045d0                HAL_PCD_EP_GetRxCount
 .text.HAL_PCD_EP_Transmit
                0x00000000080045e4       0x30 ./Drivers/STM32F1xx_HAL_Driver/Src/stm32f1xx_hal_pcd.o
                0x00000000080045e4                HAL_PCD_EP_Transmit
 .text.HAL_PCD_EP_SetStall
                0x0000000008004614       0x7c ./Drivers/STM32F1xx_HAL_Driver/Src/stm32f1xx_hal_pcd.o
                0x0000000008004614                HAL_PCD_EP_SetStall
 .text.HAL_PCD_EP_ClrStall
                0x0000000008004690       0x78 ./Drivers/STM32F1xx_HAL_Driver/Src/stm32f1xx_hal_pcd.o
                0x0000000008004690                HAL_PCD_EP_ClrStall
 .text.HAL_PCDEx_PMAConfig
                0x0000000008004708       0x38 ./Drivers/STM32F1xx_HAL_Driver/Src/stm32f1xx_hal_pcd_ex.o
                0x0000000008004708                HAL_PCDEx_PMAConfig
 .text.HAL_RCC_OscConfig
                0x0000000008004740      0x400 ./Drivers/STM32F1xx_HAL_Driver/Src/stm32f1xx_hal_rcc.o
                0x0000000008004740                HAL_RCC_OscConfig
 .text.HAL_RCC_GetSysClockFreq
                0x0000000008004b40       0x5c ./Drivers/STM32F1xx_HAL_Driver/Src/stm32f1xx_hal_rcc.o
                0x0000000008004b40                HAL_RCC_GetSysClockFreq
 .text.HAL_RCC_ClockConfig
                0x0000000008004b9c      0x140 ./Drivers/STM32F1xx_HAL_Driver/Src/stm32f1xx_hal_rcc.o
                0x0000000008004b9c                HAL_RCC_ClockConfig
 .text.HAL_RCC_GetPCLK1Freq
                0x0000000008004cdc       0x20 ./Drivers/STM32F1xx_HAL_Driver/Src/stm32f1xx_hal_rcc.o
                0x0000000008004cdc                HAL_RCC_GetPCLK1Freq
 .text.HAL_RCC_GetPCLK2Freq
                0x0000000008004cfc       0x20 ./Drivers/STM32F1xx_HAL_Driver/Src/stm32f1xx_hal_rcc.o
                0x0000000008004cfc                HAL_RCC_GetPCLK2Freq
 .text.HAL_RCCEx_PeriphCLKConfig
                0x0000000008004d1c      0x100 ./Drivers/STM32F1xx_HAL_Driver/Src/stm32f1xx_hal_rcc_ex.o
                0x0000000008004d1c                HAL_RCCEx_PeriphCLKConfig
 .text.HAL_TIM_Base_Start_IT
                0x0000000008004e1c       0x58 ./Drivers/STM32F1xx_HAL_Driver/Src/stm32f1xx_hal_tim.o
                0x0000000008004e1c                HAL_TIM_Base_Start_IT
 .text.HAL_TIM_ConfigClockSource
                0x0000000008004e74      0x160 ./Drivers/STM32F1xx_HAL_Driver/Src/stm32f1xx_hal_tim.o
                0x0000000008004e74                HAL_TIM_ConfigClockSource
 .text.TIM_Base_SetConfig
                0x0000000008004fd4       0x88 ./Drivers/STM32F1xx_HAL_Driver/Src/stm32f1xx_hal_tim.o
                0x0000000008004fd4                TIM_Base_SetConfig
 .text.HAL_TIM_Base_Init
                0x000000000800505c       0x5c ./Drivers/STM32F1xx_HAL_Driver/Src/stm32f1xx_hal_tim.o
                0x000000000800505c                HAL_TIM_Base_Init
 .text.HAL_TIMEx_MasterConfigSynchronization
                0x00000000080050b8       0x64 ./Drivers/STM32F1xx_HAL_Driver/Src/stm32f1xx_hal_tim_ex.o
                0x00000000080050b8                HAL_TIMEx_MasterConfigSynchronization
 .text.UART_EndRxTransfer
                0x000000000800511c       0x60 ./Drivers/STM32F1xx_HAL_Driver/Src/stm32f1xx_hal_uart.o
 .text.UART_SetConfig
                0x000000000800517c       0x84 ./Drivers/STM32F1xx_HAL_Driver/Src/stm32f1xx_hal_uart.o
 .text.UART_WaitOnFlagUntilTimeout.constprop.0
                0x0000000008005200       0x70 ./Drivers/STM32F1xx_HAL_Driver/Src/stm32f1xx_hal_uart.o
 .text.HAL_UART_Init
                0x0000000008005270       0x64 ./Drivers/STM32F1xx_HAL_Driver/Src/stm32f1xx_hal_uart.o
                0x0000000008005270                HAL_UART_Init
 .text.HAL_UART_Transmit
                0x00000000080052d4       0xb8 ./Drivers/STM32F1xx_HAL_Driver/Src/stm32f1xx_hal_uart.o
                0x00000000080052d4                HAL_UART_Transmit
 .text.HAL_UART_Receive_IT
                0x000000000800538c       0x4c ./Drivers/STM32F1xx_HAL_Driver/Src/stm32f1xx_hal_uart.o
                0x000000000800538c                HAL_UART_Receive_IT
 .text.HAL_UART_TxCpltCallback
                0x00000000080053d8        0x4 ./Drivers/STM32F1xx_HAL_Driver/Src/stm32f1xx_hal_uart.o
                0x00000000080053d8                HAL_UART_TxCpltCallback
 .text.UART_DMAAbortOnError
                0x00000000080053dc       0x10 ./Drivers/STM32F1xx_HAL_Driver/Src/stm32f1xx_hal_uart.o
 .text.HAL_UARTEx_RxEventCallback
                0x00000000080053ec        0x4 ./Drivers/STM32F1xx_HAL_Driver/Src/stm32f1xx_hal_uart.o
                0x00000000080053ec                HAL_UARTEx_RxEventCallback
 .text.UART_Receive_IT.part.0
                0x00000000080053f0       0xcc ./Drivers/STM32F1xx_HAL_Driver/Src/stm32f1xx_hal_uart.o
 .text.HAL_UART_IRQHandler
                0x00000000080054bc      0x2c8 ./Drivers/STM32F1xx_HAL_Driver/Src/stm32f1xx_hal_uart.o
                0x00000000080054bc                HAL_UART_IRQHandler
 .text.USB_CoreInit
                0x0000000008005784       0x10 ./Drivers/STM32F1xx_HAL_Driver/Src/stm32f1xx_ll_usb.o
                0x0000000008005784                USB_CoreInit
 .text.USB_EnableGlobalInt
                0x0000000008005794       0x14 ./Drivers/STM32F1xx_HAL_Driver/Src/stm32f1xx_ll_usb.o
                0x0000000008005794                USB_EnableGlobalInt
 .text.USB_DisableGlobalInt
                0x00000000080057a8       0x14 ./Drivers/STM32F1xx_HAL_Driver/Src/stm32f1xx_ll_usb.o
                0x00000000080057a8                USB_DisableGlobalInt
 .text.USB_SetCurrentMode
                0x00000000080057bc        0x4 ./Drivers/STM32F1xx_HAL_Driver/Src/stm32f1xx_ll_usb.o
                0x00000000080057bc                USB_SetCurrentMode
 .text.USB_DevInit
                0x00000000080057c0       0x28 ./Drivers/STM32F1xx_HAL_Driver/Src/stm32f1xx_ll_usb.o
                0x00000000080057c0                USB_DevInit
 .text.USB_ActivateEndpoint
                0x00000000080057e8      0x358 ./Drivers/STM32F1xx_HAL_Driver/Src/stm32f1xx_ll_usb.o
                0x00000000080057e8                USB_ActivateEndpoint
 .text.USB_DeactivateEndpoint
                0x0000000008005b40      0x1ec ./Drivers/STM32F1xx_HAL_Driver/Src/stm32f1xx_ll_usb.o
                0x0000000008005b40                USB_DeactivateEndpoint
 .text.USB_EPStartXfer
                0x0000000008005d2c      0x878 ./Drivers/STM32F1xx_HAL_Driver/Src/stm32f1xx_ll_usb.o
                0x0000000008005d2c                USB_EPStartXfer
 .text.USB_EPSetStall
                0x00000000080065a4       0x50 ./Drivers/STM32F1xx_HAL_Driver/Src/stm32f1xx_ll_usb.o
                0x00000000080065a4                USB_EPSetStall
 .text.USB_EPClearStall
                0x00000000080065f4       0xb0 ./Drivers/STM32F1xx_HAL_Driver/Src/stm32f1xx_ll_usb.o
                0x00000000080065f4                USB_EPClearStall
 .text.USB_SetDevAddress
                0x00000000080066a4        0xc ./Drivers/STM32F1xx_HAL_Driver/Src/stm32f1xx_ll_usb.o
                0x00000000080066a4                USB_SetDevAddress
 .text.USB_DevConnect
                0x00000000080066b0        0x4 ./Drivers/STM32F1xx_HAL_Driver/Src/stm32f1xx_ll_usb.o
                0x00000000080066b0                USB_DevConnect
 .text.USB_DevDisconnect
                0x00000000080066b4        0x4 ./Drivers/STM32F1xx_HAL_Driver/Src/stm32f1xx_ll_usb.o
                0x00000000080066b4                USB_DevDisconnect
 .text.USB_ReadInterrupts
                0x00000000080066b8        0x8 ./Drivers/STM32F1xx_HAL_Driver/Src/stm32f1xx_ll_usb.o
                0x00000000080066b8                USB_ReadInterrupts
 .text.USB_EP0_OutStart
                0x00000000080066c0        0x4 ./Drivers/STM32F1xx_HAL_Driver/Src/stm32f1xx_ll_usb.o
                0x00000000080066c0                USB_EP0_OutStart
 .text.USB_WritePMA
                0x00000000080066c4       0x34 ./Drivers/STM32F1xx_HAL_Driver/Src/stm32f1xx_ll_usb.o
                0x00000000080066c4                USB_WritePMA
 .text.USB_ReadPMA
                0x00000000080066f8       0x48 ./Drivers/STM32F1xx_HAL_Driver/Src/stm32f1xx_ll_usb.o
                0x00000000080066f8                USB_ReadPMA
 .text.USBD_HID_GetFSCfgDesc
                0x0000000008006740       0x10 ./Middlewares/ST/STM32_USB_Device_Library/Class/HID/Src/usbd_hid.o
 .text.USBD_HID_GetHSCfgDesc
                0x0000000008006750       0x10 ./Middlewares/ST/STM32_USB_Device_Library/Class/HID/Src/usbd_hid.o
 .text.USBD_HID_GetOtherSpeedCfgDesc
                0x0000000008006760       0x10 ./Middlewares/ST/STM32_USB_Device_Library/Class/HID/Src/usbd_hid.o
 .text.USBD_HID_DataIn
                0x0000000008006770        0xc ./Middlewares/ST/STM32_USB_Device_Library/Class/HID/Src/usbd_hid.o
 .text.USBD_HID_GetDeviceQualifierDesc
                0x000000000800677c       0x10 ./Middlewares/ST/STM32_USB_Device_Library/Class/HID/Src/usbd_hid.o
 .text.USBD_HID_Setup
                0x000000000800678c      0x10c ./Middlewares/ST/STM32_USB_Device_Library/Class/HID/Src/usbd_hid.o
 .text.USBD_HID_DeInit
                0x0000000008006898       0x1c ./Middlewares/ST/STM32_USB_Device_Library/Class/HID/Src/usbd_hid.o
 .text.USBD_HID_Init
                0x00000000080068b4       0x1c ./Middlewares/ST/STM32_USB_Device_Library/Class/HID/Src/usbd_hid.o
 .text.USBD_HID_SendReport
                0x00000000080068d0       0x2c ./Middlewares/ST/STM32_USB_Device_Library/Class/HID/Src/usbd_hid.o
                0x00000000080068d0                USBD_HID_SendReport
 .text.USBD_Init
                0x00000000080068fc       0x2c ./Middlewares/ST/STM32_USB_Device_Library/Core/Src/usbd_core.o
                0x00000000080068fc                USBD_Init
 .text.USBD_RegisterClass
                0x0000000008006928       0x10 ./Middlewares/ST/STM32_USB_Device_Library/Core/Src/usbd_core.o
                0x0000000008006928                USBD_RegisterClass
 .text.USBD_Start
                0x0000000008006938        0xc ./Middlewares/ST/STM32_USB_Device_Library/Core/Src/usbd_core.o
                0x0000000008006938                USBD_Start
 .text.USBD_SetClassConfig
                0x0000000008006944       0x14 ./Middlewares/ST/STM32_USB_Device_Library/Core/Src/usbd_core.o
                0x0000000008006944                USBD_SetClassConfig
 .text.USBD_ClrClassConfig
                0x0000000008006958       0x10 ./Middlewares/ST/STM32_USB_Device_Library/Core/Src/usbd_core.o
                0x0000000008006958                USBD_ClrClassConfig
 .text.USBD_LL_SetupStage
                0x0000000008006968       0x5c ./Middlewares/ST/STM32_USB_Device_Library/Core/Src/usbd_core.o
                0x0000000008006968                USBD_LL_SetupStage
 .text.USBD_LL_DataOutStage
                0x00000000080069c4       0x7c ./Middlewares/ST/STM32_USB_Device_Library/Core/Src/usbd_core.o
                0x00000000080069c4                USBD_LL_DataOutStage
 .text.USBD_LL_DataInStage
                0x0000000008006a40       0xc0 ./Middlewares/ST/STM32_USB_Device_Library/Core/Src/usbd_core.o
                0x0000000008006a40                USBD_LL_DataInStage
 .text.USBD_LL_Reset
                0x0000000008006b00       0x50 ./Middlewares/ST/STM32_USB_Device_Library/Core/Src/usbd_core.o
                0x0000000008006b00                USBD_LL_Reset
 .text.USBD_LL_SetSpeed
                0x0000000008006b50        0x8 ./Middlewares/ST/STM32_USB_Device_Library/Core/Src/usbd_core.o
                0x0000000008006b50                USBD_LL_SetSpeed
 .text.USBD_LL_Suspend
                0x0000000008006b58       0x14 ./Middlewares/ST/STM32_USB_Device_Library/Core/Src/usbd_core.o
                0x0000000008006b58                USBD_LL_Suspend
 .text.USBD_LL_Resume
                0x0000000008006b6c       0x14 ./Middlewares/ST/STM32_USB_Device_Library/Core/Src/usbd_core.o
                0x0000000008006b6c                USBD_LL_Resume
 .text.USBD_LL_SOF
                0x0000000008006b80       0x1c ./Middlewares/ST/STM32_USB_Device_Library/Core/Src/usbd_core.o
                0x0000000008006b80                USBD_LL_SOF
 .text.USBD_StdDevReq
                0x0000000008006b9c      0x2ec ./Middlewares/ST/STM32_USB_Device_Library/Core/Src/usbd_ctlreq.o
                0x0000000008006b9c                USBD_StdDevReq
 .text.USBD_StdItfReq
                0x0000000008006e88       0x68 ./Middlewares/ST/STM32_USB_Device_Library/Core/Src/usbd_ctlreq.o
                0x0000000008006e88                USBD_StdItfReq
 .text.USBD_StdEPReq
                0x0000000008006ef0      0x130 ./Middlewares/ST/STM32_USB_Device_Library/Core/Src/usbd_ctlreq.o
                0x0000000008006ef0                USBD_StdEPReq
 .text.USBD_ParseSetupRequest
                0x0000000008007020       0x28 ./Middlewares/ST/STM32_USB_Device_Library/Core/Src/usbd_ctlreq.o
                0x0000000008007020                USBD_ParseSetupRequest
 .text.USBD_CtlError
                0x0000000008007048       0x18 ./Middlewares/ST/STM32_USB_Device_Library/Core/Src/usbd_ctlreq.o
                0x0000000008007048                USBD_CtlError
 .text.USBD_GetString
                0x0000000008007060       0x4c ./Middlewares/ST/STM32_USB_Device_Library/Core/Src/usbd_ctlreq.o
                0x0000000008007060                USBD_GetString
 .text.USBD_CtlSendData
                0x00000000080070ac       0x1c ./Middlewares/ST/STM32_USB_Device_Library/Core/Src/usbd_ioreq.o
                0x00000000080070ac                USBD_CtlSendData
 .text.USBD_CtlContinueSendData
                0x00000000080070c8       0x14 ./Middlewares/ST/STM32_USB_Device_Library/Core/Src/usbd_ioreq.o
                0x00000000080070c8                USBD_CtlContinueSendData
 .text.USBD_CtlPrepareRx
                0x00000000080070dc       0x1c ./Middlewares/ST/STM32_USB_Device_Library/Core/Src/usbd_ioreq.o
                0x00000000080070dc                USBD_CtlPrepareRx
 .text.USBD_CtlContinueRx
                0x00000000080070f8       0x14 ./Middlewares/ST/STM32_USB_Device_Library/Core/Src/usbd_ioreq.o
                0x00000000080070f8                USBD_CtlContinueRx
 .text.USBD_CtlSendStatus
                0x000000000800710c       0x18 ./Middlewares/ST/STM32_USB_Device_Library/Core/Src/usbd_ioreq.o
                0x000000000800710c                USBD_CtlSendStatus
 .text.USBD_CtlReceiveStatus
                0x0000000008007124       0x18 ./Middlewares/ST/STM32_USB_Device_Library/Core/Src/usbd_ioreq.o
                0x0000000008007124                USBD_CtlReceiveStatus
 .text.MX_USB_DEVICE_Init
                0x000000000800713c       0x74 ./USB_DEVICE/App/usb_device.o
                0x000000000800713c                MX_USB_DEVICE_Init
 .text.USBD_CDC_EP0_RxReady
                0x00000000080071b0       0x2c ./USB_DEVICE/App/usbd_cdc.o
 .text.USBD_CDC_GetFSCfgDesc
                0x00000000080071dc       0x10 ./USB_DEVICE/App/usbd_cdc.o
 .text.USBD_CDC_GetHSCfgDesc
                0x00000000080071ec       0x10 ./USB_DEVICE/App/usbd_cdc.o
 .text.USBD_CDC_GetOtherSpeedCfgDesc
                0x00000000080071fc       0x10 ./USB_DEVICE/App/usbd_cdc.o
 .text.USBD_CDC_GetDeviceQualifierDescriptor
                0x000000000800720c       0x10 ./USB_DEVICE/App/usbd_cdc.o
                0x000000000800720c                USBD_CDC_GetDeviceQualifierDescriptor
 .text.USBD_CDC_DataOut
                0x000000000800721c       0x30 ./USB_DEVICE/App/usbd_cdc.o
 .text.USBD_CDC_DataIn
                0x000000000800724c       0x4c ./USB_DEVICE/App/usbd_cdc.o
 .text.USBD_CDC_Setup
                0x0000000008007298       0xc4 ./USB_DEVICE/App/usbd_cdc.o
 .text.USBD_CDC_DeInit
                0x000000000800735c       0x3c ./USB_DEVICE/App/usbd_cdc.o
 .text.USBD_CDC_Init
                0x0000000008007398       0x90 ./USB_DEVICE/App/usbd_cdc.o
 .text.USBD_CDC_RegisterInterface
                0x0000000008007428       0x10 ./USB_DEVICE/App/usbd_cdc.o
                0x0000000008007428                USBD_CDC_RegisterInterface
 .text.USBD_CDC_SetTxBuffer
                0x0000000008007438       0x10 ./USB_DEVICE/App/usbd_cdc.o
                0x0000000008007438                USBD_CDC_SetTxBuffer
 .text.USBD_CDC_SetRxBuffer
                0x0000000008007448        0xc ./USB_DEVICE/App/usbd_cdc.o
                0x0000000008007448                USBD_CDC_SetRxBuffer
 .text.USBD_CDC_TransmitPacket
                0x0000000008007454       0x38 ./USB_DEVICE/App/usbd_cdc.o
                0x0000000008007454                USBD_CDC_TransmitPacket
 .text.USBD_CDC_ReceivePacket
                0x000000000800748c       0x38 ./USB_DEVICE/App/usbd_cdc.o
                0x000000000800748c                USBD_CDC_ReceivePacket
 .text.HAL_PCD_MspInit
                0x00000000080074c4       0x40 ./USB_DEVICE/Target/usbd_conf.o
                0x00000000080074c4                HAL_PCD_MspInit
 .text.HAL_PCD_SetupStageCallback
                0x0000000008007504        0xc ./USB_DEVICE/Target/usbd_conf.o
                0x0000000008007504                HAL_PCD_SetupStageCallback
 .text.HAL_PCD_DataOutStageCallback
                0x0000000008007510       0x14 ./USB_DEVICE/Target/usbd_conf.o
                0x0000000008007510                HAL_PCD_DataOutStageCallback
 .text.HAL_PCD_DataInStageCallback
                0x0000000008007524       0x14 ./USB_DEVICE/Target/usbd_conf.o
                0x0000000008007524                HAL_PCD_DataInStageCallback
 .text.HAL_PCD_SOFCallback
                0x0000000008007538        0x8 ./USB_DEVICE/Target/usbd_conf.o
                0x0000000008007538                HAL_PCD_SOFCallback
 .text.HAL_PCD_ResetCallback
                0x0000000008007540       0x24 ./USB_DEVICE/Target/usbd_conf.o
                0x0000000008007540                HAL_PCD_ResetCallback
 .text.HAL_PCD_SuspendCallback
                0x0000000008007564       0x20 ./USB_DEVICE/Target/usbd_conf.o
                0x0000000008007564                HAL_PCD_SuspendCallback
 .text.HAL_PCD_ResumeCallback
                0x0000000008007584        0x8 ./USB_DEVICE/Target/usbd_conf.o
                0x0000000008007584                HAL_PCD_ResumeCallback
 .text.USBD_LL_Init
                0x000000000800758c       0x94 ./USB_DEVICE/Target/usbd_conf.o
                0x000000000800758c                USBD_LL_Init
 .text.USBD_LL_Start
                0x0000000008007620       0x1c ./USB_DEVICE/Target/usbd_conf.o
                0x0000000008007620                USBD_LL_Start
 .text.USBD_LL_OpenEP
                0x000000000800763c       0x20 ./USB_DEVICE/Target/usbd_conf.o
                0x000000000800763c                USBD_LL_OpenEP
 .text.USBD_LL_CloseEP
                0x000000000800765c       0x1c ./USB_DEVICE/Target/usbd_conf.o
                0x000000000800765c                USBD_LL_CloseEP
 .text.USBD_LL_StallEP
                0x0000000008007678       0x1c ./USB_DEVICE/Target/usbd_conf.o
                0x0000000008007678                USBD_LL_StallEP
 .text.USBD_LL_ClearStallEP
                0x0000000008007694       0x1c ./USB_DEVICE/Target/usbd_conf.o
                0x0000000008007694                USBD_LL_ClearStallEP
 .text.USBD_LL_IsStallEP
                0x00000000080076b0       0x28 ./USB_DEVICE/Target/usbd_conf.o
                0x00000000080076b0                USBD_LL_IsStallEP
 .text.USBD_LL_SetUSBAddress
                0x00000000080076d8       0x1c ./USB_DEVICE/Target/usbd_conf.o
                0x00000000080076d8                USBD_LL_SetUSBAddress
 .text.USBD_LL_Transmit
                0x00000000080076f4       0x1c ./USB_DEVICE/Target/usbd_conf.o
                0x00000000080076f4                USBD_LL_Transmit
 .text.USBD_LL_PrepareReceive
                0x0000000008007710       0x1c ./USB_DEVICE/Target/usbd_conf.o
                0x0000000008007710                USBD_LL_PrepareReceive
 .text.USBD_LL_GetRxDataSize
                0x000000000800772c        0x8 ./USB_DEVICE/Target/usbd_conf.o
                0x000000000800772c                USBD_LL_GetRxDataSize
 .text.USBD_static_malloc
                0x0000000008007734        0x8 ./USB_DEVICE/Target/usbd_conf.o
                0x0000000008007734                USBD_static_malloc
 .text.USBD_static_free
                0x000000000800773c        0x4 ./USB_DEVICE/Target/usbd_conf.o
                0x000000000800773c                USBD_static_free
 .text.HAL_PCDEx_SetConnectionState
                0x0000000008007740        0x4 ./USB_DEVICE/Target/usbd_conf.o
                0x0000000008007740                HAL_PCDEx_SetConnectionState
 .text.__errno  0x0000000008007744        0xc c:/st/stm32cubeide_1.7.0/stm32cubeide/plugins/com.st.stm32cube.ide.mcu.externaltools.gnu-tools-for-stm32.9-2020-q2-update.win32_2.0.0.202105311346/tools/bin/../lib/gcc/arm-none-eabi/9.3.1/../../../../arm-none-eabi/lib/thumb/v7-m/nofp\libc_nano.a(lib_a-errno.o)
                0x0000000008007744                __errno
 .text.__libc_init_array
                0x0000000008007750       0x48 c:/st/stm32cubeide_1.7.0/stm32cubeide/plugins/com.st.stm32cube.ide.mcu.externaltools.gnu-tools-for-stm32.9-2020-q2-update.win32_2.0.0.202105311346/tools/bin/../lib/gcc/arm-none-eabi/9.3.1/../../../../arm-none-eabi/lib/thumb/v7-m/nofp\libc_nano.a(lib_a-init.o)
                0x0000000008007750                __libc_init_array
 .text.memcpy   0x0000000008007798       0x1c c:/st/stm32cubeide_1.7.0/stm32cubeide/plugins/com.st.stm32cube.ide.mcu.externaltools.gnu-tools-for-stm32.9-2020-q2-update.win32_2.0.0.202105311346/tools/bin/../lib/gcc/arm-none-eabi/9.3.1/../../../../arm-none-eabi/lib/thumb/v7-m/nofp\libc_nano.a(lib_a-memcpy-stub.o)
                0x0000000008007798                memcpy
 .text.memset   0x00000000080077b4       0x10 c:/st/stm32cubeide_1.7.0/stm32cubeide/plugins/com.st.stm32cube.ide.mcu.externaltools.gnu-tools-for-stm32.9-2020-q2-update.win32_2.0.0.202105311346/tools/bin/../lib/gcc/arm-none-eabi/9.3.1/../../../../arm-none-eabi/lib/thumb/v7-m/nofp\libc_nano.a(lib_a-memset.o)
                0x00000000080077b4                memset
 .text.snprintf
                0x00000000080077c4       0x68 c:/st/stm32cubeide_1.7.0/stm32cubeide/plugins/com.st.stm32cube.ide.mcu.externaltools.gnu-tools-for-stm32.9-2020-q2-update.win32_2.0.0.202105311346/tools/bin/../lib/gcc/arm-none-eabi/9.3.1/../../../../arm-none-eabi/lib/thumb/v7-m/nofp\libc_nano.a(lib_a-snprintf.o)
                0x00000000080077c4                sniprintf
                0x00000000080077c4                snprintf
 .text.strchr   0x000000000800782c       0x1a c:/st/stm32cubeide_1.7.0/stm32cubeide/plugins/com.st.stm32cube.ide.mcu.externaltools.gnu-tools-for-stm32.9-2020-q2-update.win32_2.0.0.202105311346/tools/bin/../lib/gcc/arm-none-eabi/9.3.1/../../../../arm-none-eabi/lib/thumb/v7-m/nofp\libc_nano.a(lib_a-strchr.o)
                0x000000000800782c                strchr
 .text.strncmp  0x0000000008007846       0x24 c:/st/stm32cubeide_1.7.0/stm32cubeide/plugins/com.st.stm32cube.ide.mcu.externaltools.gnu-tools-for-stm32.9-2020-q2-update.win32_2.0.0.202105311346/tools/bin/../lib/gcc/arm-none-eabi/9.3.1/../../../../arm-none-eabi/lib/thumb/v7-m/nofp\libc_nano.a(lib_a-strncmp.o)
                0x0000000008007846                strncmp
 .text.__ssputs_r
                0x000000000800786a       0xb6 c:/st/stm32cubeide_1.7.0/stm32cubeide/plugins/com.st.stm32cube.ide.mcu.externaltools.gnu-tools-for-stm32.9-2020-q2-update.win32_2.0.0.202105311346/tools/bin/../lib/gcc/arm-none-eabi/9.3.1/../../../../arm-none-eabi/lib/thumb/v7-m/nofp\libc_nano.a(lib_a-nano-svfprintf.o)
                0x000000000800786a                __ssputs_r
 .text._svfprintf_r
                0x0000000008007920      0x200 c:/st/stm32cubeide_1.7.0/stm32cubeide/plugins/com.st.stm32cube.ide.mcu.externaltools.gnu-tools-for-stm32.9-2020-q2-update.win32_2.0.0.202105311346/tools/bin/../lib/gcc/arm-none-eabi/9.3.1/../../../../arm-none-eabi/lib/thumb/v7-m/nofp\libc_nano.a(lib_a-nano-svfprintf.o)
                0x0000000008007920                _svfiprintf_r
                0x0000000008007920                _svfprintf_r
 .text._printf_common
                0x0000000008007b20       0xde c:/st/stm32cubeide_1.7.0/stm32cubeide/plugins/com.st.stm32cube.ide.mcu.externaltools.gnu-tools-for-stm32.9-2020-q2-update.win32_2.0.0.202105311346/tools/bin/../lib/gcc/arm-none-eabi/9.3.1/../../../../arm-none-eabi/lib/thumb/v7-m/nofp\libc_nano.a(lib_a-nano-vfprintf_i.o)
                0x0000000008007b20                _printf_common
 *fill*         0x0000000008007bfe        0x2 
 .text._printf_i
                0x0000000008007c00      0x24c c:/st/stm32cubeide_1.7.0/stm32cubeide/plugins/com.st.stm32cube.ide.mcu.externaltools.gnu-tools-for-stm32.9-2020-q2-update.win32_2.0.0.202105311346/tools/bin/../lib/gcc/arm-none-eabi/9.3.1/../../../../arm-none-eabi/lib/thumb/v7-m/nofp\libc_nano.a(lib_a-nano-vfprintf_i.o)
                0x0000000008007c00                _printf_i
 .text.memchr   0x0000000008007e4c       0x1c c:/st/stm32cubeide_1.7.0/stm32cubeide/plugins/com.st.stm32cube.ide.mcu.externaltools.gnu-tools-for-stm32.9-2020-q2-update.win32_2.0.0.202105311346/tools/bin/../lib/gcc/arm-none-eabi/9.3.1/../../../../arm-none-eabi/lib/thumb/v7-m/nofp\libc_nano.a(lib_a-memchr-stub.o)
                0x0000000008007e4c                memchr
 .text.memmove  0x0000000008007e68       0x34 c:/st/stm32cubeide_1.7.0/stm32cubeide/plugins/com.st.stm32cube.ide.mcu.externaltools.gnu-tools-for-stm32.9-2020-q2-update.win32_2.0.0.202105311346/tools/bin/../lib/gcc/arm-none-eabi/9.3.1/../../../../arm-none-eabi/lib/thumb/v7-m/nofp\libc_nano.a(lib_a-memmove.o)
                0x0000000008007e68                memmove
 .text._free_r  0x0000000008007e9c       0x98 c:/st/stm32cubeide_1.7.0/stm32cubeide/plugins/com.st.stm32cube.ide.mcu.externaltools.gnu-tools-for-stm32.9-2020-q2-update.win32_2.0.0.202105311346/tools/bin/../lib/gcc/arm-none-eabi/9.3.1/../../../../arm-none-eabi/lib/thumb/v7-m/nofp\libc_nano.a(lib_a-nano-freer.o)
                0x0000000008007e9c                _free_r
 .text._malloc_r
                0x0000000008007f34       0xb4 c:/st/stm32cubeide_1.7.0/stm32cubeide/plugins/com.st.stm32cube.ide.mcu.externaltools.gnu-tools-for-stm32.9-2020-q2-update.win32_2.0.0.202105311346/tools/bin/../lib/gcc/arm-none-eabi/9.3.1/../../../../arm-none-eabi/lib/thumb/v7-m/nofp\libc_nano.a(lib_a-nano-mallocr.o)
                0x0000000008007f34                _malloc_r
 .text._realloc_r
                0x0000000008007fe8       0x4c c:/st/stm32cubeide_1.7.0/stm32cubeide/plugins/com.st.stm32cube.ide.mcu.externaltools.gnu-tools-for-stm32.9-2020-q2-update.win32_2.0.0.202105311346/tools/bin/../lib/gcc/arm-none-eabi/9.3.1/../../../../arm-none-eabi/lib/thumb/v7-m/nofp\libc_nano.a(lib_a-nano-reallocr.o)
                0x0000000008007fe8                _realloc_r
 .text._sbrk_r  0x0000000008008034       0x20 c:/st/stm32cubeide_1.7.0/stm32cubeide/plugins/com.st.stm32cube.ide.mcu.externaltools.gnu-tools-for-stm32.9-2020-q2-update.win32_2.0.0.202105311346/tools/bin/../lib/gcc/arm-none-eabi/9.3.1/../../../../arm-none-eabi/lib/thumb/v7-m/nofp\libc_nano.a(lib_a-sbrkr.o)
                0x0000000008008034                _sbrk_r
 .text.__malloc_lock
                0x0000000008008054        0xc c:/st/stm32cubeide_1.7.0/stm32cubeide/plugins/com.st.stm32cube.ide.mcu.externaltools.gnu-tools-for-stm32.9-2020-q2-update.win32_2.0.0.202105311346/tools/bin/../lib/gcc/arm-none-eabi/9.3.1/../../../../arm-none-eabi/lib/thumb/v7-m/nofp\libc_nano.a(lib_a-mlock.o)
                0x0000000008008054                __malloc_lock
 .text.__malloc_unlock
                0x0000000008008060        0xc c:/st/stm32cubeide_1.7.0/stm32cubeide/plugins/com.st.stm32cube.ide.mcu.externaltools.gnu-tools-for-stm32.9-2020-q2-update.win32_2.0.0.202105311346/tools/bin/../lib/gcc/arm-none-eabi/9.3.1/../../../../arm-none-eabi/lib/thumb/v7-m/nofp\libc_nano.a(lib_a-mlock.o)
                0x0000000008008060                __malloc_unlock
 .text._malloc_usable_size_r
                0x000000000800806c       0x10 c:/st/stm32cubeide_1.7.0/stm32cubeide/plugins/com.st.stm32cube.ide.mcu.externaltools.gnu-tools-for-stm32.9-2020-q2-update.win32_2.0.0.202105311346/tools/bin/../lib/gcc/arm-none-eabi/9.3.1/../../../../arm-none-eabi/lib/thumb/v7-m/nofp\libc_nano.a(lib_a-nano-msizer.o)
                0x000000000800806c                _malloc_usable_size_r
 .text.__retarget_lock_acquire_recursive
                0x000000000800807c        0x2 c:/st/stm32cubeide_1.7.0/stm32cubeide/plugins/com.st.stm32cube.ide.mcu.externaltools.gnu-tools-for-stm32.9-2020-q2-update.win32_2.0.0.202105311346/tools/bin/../lib/gcc/arm-none-eabi/9.3.1/../../../../arm-none-eabi/lib/thumb/v7-m/nofp\libc_nano.a(lib_a-lock.o)
                0x000000000800807c                __retarget_lock_acquire_recursive
 .text.__retarget_lock_release_recursive
                0x000000000800807e        0x2 c:/st/stm32cubeide_1.7.0/stm32cubeide/plugins/com.st.stm32cube.ide.mcu.externaltools.gnu-tools-for-stm32.9-2020-q2-update.win32_2.0.0.202105311346/tools/bin/../lib/gcc/arm-none-eabi/9.3.1/../../../../arm-none-eabi/lib/thumb/v7-m/nofp\libc_nano.a(lib_a-lock.o)
                0x000000000800807e                __retarget_lock_release_recursive
 *(.glue_7)
 .glue_7        0x0000000008008080        0x0 linker stubs
 *(.glue_7t)
 .glue_7t       0x0000000008008080        0x0 linker stubs
 *(.eh_frame)
 .eh_frame      0x0000000008008080        0x0 c:/st/stm32cubeide_1.7.0/stm32cubeide/plugins/com.st.stm32cube.ide.mcu.externaltools.gnu-tools-for-stm32.9-2020-q2-update.win32_2.0.0.202105311346/tools/bin/../lib/gcc/arm-none-eabi/9.3.1/thumb/v7-m/nofp/crtbegin.o
 *(.init)
 .init          0x0000000008008080        0x4 c:/st/stm32cubeide_1.7.0/stm32cubeide/plugins/com.st.stm32cube.ide.mcu.externaltools.gnu-tools-for-stm32.9-2020-q2-update.win32_2.0.0.202105311346/tools/bin/../lib/gcc/arm-none-eabi/9.3.1/thumb/v7-m/nofp/crti.o
                0x0000000008008080                _init
 .init          0x0000000008008084        0x8 c:/st/stm32cubeide_1.7.0/stm32cubeide/plugins/com.st.stm32cube.ide.mcu.externaltools.gnu-tools-for-stm32.9-2020-q2-update.win32_2.0.0.202105311346/tools/bin/../lib/gcc/arm-none-eabi/9.3.1/thumb/v7-m/nofp/crtn.o
 *(.fini)
 .fini          0x000000000800808c        0x4 c:/st/stm32cubeide_1.7.0/stm32cubeide/plugins/com.st.stm32cube.ide.mcu.externaltools.gnu-tools-for-stm32.9-2020-q2-update.win32_2.0.0.202105311346/tools/bin/../lib/gcc/arm-none-eabi/9.3.1/thumb/v7-m/nofp/crti.o
                0x000000000800808c                _fini
 .fini          0x0000000008008090        0x8 c:/st/stm32cubeide_1.7.0/stm32cubeide/plugins/com.st.stm32cube.ide.mcu.externaltools.gnu-tools-for-stm32.9-2020-q2-update.win32_2.0.0.202105311346/tools/bin/../lib/gcc/arm-none-eabi/9.3.1/thumb/v7-m/nofp/crtn.o
                0x0000000008008098                . = ALIGN (0x4)
                0x0000000008008098                _etext = .

.vfp11_veneer   0x0000000008008098        0x0
 .vfp11_veneer  0x0000000008008098        0x0 linker stubs

.v4_bx          0x0000000008008098        0x0
 .v4_bx         0x0000000008008098        0x0 linker stubs

.iplt           0x0000000008008098        0x0
 .iplt          0x0000000008008098        0x0 c:/st/stm32cubeide_1.7.0/stm32cubeide/plugins/com.st.stm32cube.ide.mcu.externaltools.gnu-tools-for-stm32.9-2020-q2-update.win32_2.0.0.202105311346/tools/bin/../lib/gcc/arm-none-eabi/9.3.1/thumb/v7-m/nofp/crtbegin.o

.rodata         0x0000000008008098      0xdb4
                0x0000000008008098                . = ALIGN (0x4)
 *(.rodata)
 *(.rodata*)
 .rodata.sensor_config_send_ok.str1.4
                0x0000000008008098        0x5 ./Core/Src/sensor_config.o
 *fill*         0x000000000800809d        0x3 
 .rodata.sensor_config_send_float.str1.4
                0x00000000080080a0       0x29 ./Core/Src/sensor_config.o
 *fill*         0x00000000080080c9        0x3 
 .rodata.sensor_config_send_uint16.str1.4
                0x00000000080080cc        0x8 ./Core/Src/sensor_config.o
 .rodata.sensor_config_process_command.str1.4
                0x00000000080080d4      0xcc1 ./Core/Src/sensor_config.o
                                        0xcc9 (size before relaxing)
 *fill*         0x0000000008008d95        0x3 
 .rodata.AHBPrescTable
                0x0000000008008d98       0x10 ./Core/Src/system_stm32f1xx.o
                0x0000000008008d98                AHBPrescTable
 .rodata.APBPrescTable
                0x0000000008008da8        0x8 ./Core/Src/system_stm32f1xx.o
                0x0000000008008da8                APBPrescTable
 .rodata.uart_terminal_receive_byte.str1.4
                0x0000000008008db0        0x3 ./Core/Src/uart_terminal.o
 .rodata.USBD_FS_ManufacturerStrDescriptor.str1.4
                0x0000000008008db0        0x9 ./Core/Src/usbd_composite_desc.o
 *fill*         0x0000000008008db9        0x3 
 .rodata.USBD_FS_ProductStrDescriptor.str1.4
                0x0000000008008dbc        0xd ./Core/Src/usbd_composite_desc.o
 *fill*         0x0000000008008dc9        0x3 
 .rodata.USBD_FS_ConfigStrDescriptor.str1.4
                0x0000000008008dcc        0xb ./Core/Src/usbd_composite_desc.o
 *fill*         0x0000000008008dd7        0x1 
 .rodata.USBD_FS_InterfaceStrDescriptor.str1.4
                0x0000000008008dd8       0x25 ./Core/Src/usbd_composite_desc.o
 *fill*         0x0000000008008dfd        0x3 
 .rodata.aPLLMULFactorTable.6644
                0x0000000008008e00       0x10 ./Drivers/STM32F1xx_HAL_Driver/Src/stm32f1xx_hal_rcc.o
 .rodata.aPredivFactorTable.6645
                0x0000000008008e10        0x2 ./Drivers/STM32F1xx_HAL_Driver/Src/stm32f1xx_hal_rcc.o
 *fill*         0x0000000008008e12        0x2 
 .rodata.CSWTCH.3
                0x0000000008008e14        0x4 ./USB_DEVICE/Target/usbd_conf.o
 .rodata._svfprintf_r.str1.1
                0x0000000008008e18       0x11 c:/st/stm32cubeide_1.7.0/stm32cubeide/plugins/com.st.stm32cube.ide.mcu.externaltools.gnu-tools-for-stm32.9-2020-q2-update.win32_2.0.0.202105311346/tools/bin/../lib/gcc/arm-none-eabi/9.3.1/../../../../arm-none-eabi/lib/thumb/v7-m/nofp\libc_nano.a(lib_a-nano-svfprintf.o)
 .rodata._printf_i.str1.1
                0x0000000008008e29       0x22 c:/st/stm32cubeide_1.7.0/stm32cubeide/plugins/com.st.stm32cube.ide.mcu.externaltools.gnu-tools-for-stm32.9-2020-q2-update.win32_2.0.0.202105311346/tools/bin/../lib/gcc/arm-none-eabi/9.3.1/../../../../arm-none-eabi/lib/thumb/v7-m/nofp\libc_nano.a(lib_a-nano-vfprintf_i.o)
                0x0000000008008e4c                . = ALIGN (0x4)
 *fill*         0x0000000008008e4b        0x1 

.rel.dyn        0x0000000008008e4c        0x0
 .rel.iplt      0x0000000008008e4c        0x0 c:/st/stm32cubeide_1.7.0/stm32cubeide/plugins/com.st.stm32cube.ide.mcu.externaltools.gnu-tools-for-stm32.9-2020-q2-update.win32_2.0.0.202105311346/tools/bin/../lib/gcc/arm-none-eabi/9.3.1/thumb/v7-m/nofp/crtbegin.o

.ARM.extab      0x0000000008008e4c        0x0
                0x0000000008008e4c                . = ALIGN (0x4)
 *(.ARM.extab* .gnu.linkonce.armextab.*)
                0x0000000008008e4c                . = ALIGN (0x4)

.ARM            0x0000000008008e4c        0x0
                0x0000000008008e4c                . = ALIGN (0x4)
                0x0000000008008e4c                __exidx_start = .
 *(.ARM.exidx*)
                0x0000000008008e4c                __exidx_end = .
                0x0000000008008e4c                . = ALIGN (0x4)

.preinit_array  0x0000000008008e4c        0x0
                0x0000000008008e4c                . = ALIGN (0x4)
                0x0000000008008e4c                PROVIDE (__preinit_array_start = .)
 *(.preinit_array*)
                0x0000000008008e4c                PROVIDE (__preinit_array_end = .)
                0x0000000008008e4c                . = ALIGN (0x4)

.init_array     0x0000000008008e4c        0x4
                0x0000000008008e4c                . = ALIGN (0x4)
                0x0000000008008e4c                PROVIDE (__init_array_start = .)
 *(SORT_BY_NAME(.init_array.*))
 *(.init_array*)
 .init_array    0x0000000008008e4c        0x4 c:/st/stm32cubeide_1.7.0/stm32cubeide/plugins/com.st.stm32cube.ide.mcu.externaltools.gnu-tools-for-stm32.9-2020-q2-update.win32_2.0.0.202105311346/tools/bin/../lib/gcc/arm-none-eabi/9.3.1/thumb/v7-m/nofp/crtbegin.o
                0x0000000008008e50                PROVIDE (__init_array_end = .)
                0x0000000008008e50                . = ALIGN (0x4)

.fini_array     0x0000000008008e50        0x4
                0x0000000008008e50                . = ALIGN (0x4)
                [!provide]                        PROVIDE (__fini_array_start = .)
 *(SORT_BY_NAME(.fini_array.*))
 *(.fini_array*)
 .fini_array    0x0000000008008e50        0x4 c:/st/stm32cubeide_1.7.0/stm32cubeide/plugins/com.st.stm32cube.ide.mcu.externaltools.gnu-tools-for-stm32.9-2020-q2-update.win32_2.0.0.202105311346/tools/bin/../lib/gcc/arm-none-eabi/9.3.1/thumb/v7-m/nofp/crtbegin.o
                [!provide]                        PROVIDE (__fini_array_end = .)
                0x0000000008008e54                . = ALIGN (0x4)
                0x0000000008008e54                _sidata = LOADADDR (.data)

.data           0x0000000020000000      0x388 load address 0x0000000008008e54
                0x0000000020000000                . = ALIGN (0x4)
                0x0000000020000000                _sdata = .
 *(.data)
 *(.data*)
 .data.SystemCoreClock
                0x0000000020000000        0x4 ./Core/Src/system_stm32f1xx.o
                0x0000000020000000                SystemCoreClock
 .data.LineCoding
                0x0000000020000004        0x8 ./Core/Src/usb_cdc_wrapper.o
 .data.USBD_CDC_Interface_fops_FS
                0x000000002000000c       0x10 ./Core/Src/usb_cdc_wrapper.o
                0x000000002000000c                USBD_CDC_Interface_fops_FS
 .data.FS_Composite_Desc
                0x000000002000001c       0x1c ./Core/Src/usbd_composite_desc.o
                0x000000002000001c                FS_Composite_Desc
 .data.USBD_Composite_FS_DeviceDesc
                0x0000000020000038       0x12 ./Core/Src/usbd_composite_desc.o
                0x0000000020000038                USBD_Composite_FS_DeviceDesc
 *fill*         0x000000002000004a        0x2 
 .data.USBD_FS_CfgDesc
                0x000000002000004c       0x6c ./Core/Src/usbd_composite_desc.o
                0x000000002000004c                USBD_FS_CfgDesc
 .data.USBD_LangIDDesc
                0x00000000200000b8        0x4 ./Core/Src/usbd_composite_desc.o
                0x00000000200000b8                USBD_LangIDDesc
 .data.USBD_StringSerial
                0x00000000200000bc       0x1a ./Core/Src/usbd_composite_desc.o
                0x00000000200000bc                USBD_StringSerial
 *fill*         0x00000000200000d6        0x2 
 .data.USBD_COMPOSITE
                0x00000000200000d8       0x38 ./Core/Src/usbd_composite_wrapper.o
                0x00000000200000d8                USBD_COMPOSITE
 .data.uwTickFreq
                0x0000000020000110        0x1 ./Drivers/STM32F1xx_HAL_Driver/Src/stm32f1xx_hal.o
                0x0000000020000110                uwTickFreq
 *fill*         0x0000000020000111        0x3 
 .data.uwTickPrio
                0x0000000020000114        0x4 ./Drivers/STM32F1xx_HAL_Driver/Src/stm32f1xx_hal.o
                0x0000000020000114                uwTickPrio
 .data.HID_MOUSE_ReportDesc
                0x0000000020000118       0x3f ./Middlewares/ST/STM32_USB_Device_Library/Class/HID/Src/usbd_hid.o
 *fill*         0x0000000020000157        0x1 
 .data.USBD_HID
                0x0000000020000158       0x38 ./Middlewares/ST/STM32_USB_Device_Library/Class/HID/Src/usbd_hid.o
                0x0000000020000158                USBD_HID
 .data.USBD_HID_CfgFSDesc
                0x0000000020000190       0x22 ./Middlewares/ST/STM32_USB_Device_Library/Class/HID/Src/usbd_hid.o
 *fill*         0x00000000200001b2        0x2 
 .data.USBD_HID_CfgHSDesc
                0x00000000200001b4       0x22 ./Middlewares/ST/STM32_USB_Device_Library/Class/HID/Src/usbd_hid.o
 *fill*         0x00000000200001d6        0x2 
 .data.USBD_HID_Desc
                0x00000000200001d8        0x9 ./Middlewares/ST/STM32_USB_Device_Library/Class/HID/Src/usbd_hid.o
 *fill*         0x00000000200001e1        0x3 
 .data.USBD_HID_DeviceQualifierDesc
                0x00000000200001e4        0xa ./Middlewares/ST/STM32_USB_Device_Library/Class/HID/Src/usbd_hid.o
 *fill*         0x00000000200001ee        0x2 
 .data.USBD_HID_OtherSpeedCfgDesc
                0x00000000200001f0       0x22 ./Middlewares/ST/STM32_USB_Device_Library/Class/HID/Src/usbd_hid.o
 *fill*         0x0000000020000212        0x2 
 .data.USBD_CDC
                0x0000000020000214       0x38 ./USB_DEVICE/App/usbd_cdc.o
                0x0000000020000214                USBD_CDC
 .data.USBD_CDC_CfgFSDesc
                0x000000002000024c       0x43 ./USB_DEVICE/App/usbd_cdc.o
                0x000000002000024c                USBD_CDC_CfgFSDesc
 *fill*         0x000000002000028f        0x1 
 .data.USBD_CDC_CfgHSDesc
                0x0000000020000290       0x43 ./USB_DEVICE/App/usbd_cdc.o
                0x0000000020000290                USBD_CDC_CfgHSDesc
 *fill*         0x00000000200002d3        0x1 
 .data.USBD_CDC_DeviceQualifierDesc
                0x00000000200002d4        0xa ./USB_DEVICE/App/usbd_cdc.o
 *fill*         0x00000000200002de        0x2 
 .data.USBD_CDC_OtherSpeedCfgDesc
                0x00000000200002e0       0x43 ./USB_DEVICE/App/usbd_cdc.o
                0x00000000200002e0                USBD_CDC_OtherSpeedCfgDesc
 *fill*         0x0000000020000323        0x1 
 .data._impure_ptr
                0x0000000020000324        0x4 c:/st/stm32cubeide_1.7.0/stm32cubeide/plugins/com.st.stm32cube.ide.mcu.externaltools.gnu-tools-for-stm32.9-2020-q2-update.win32_2.0.0.202105311346/tools/bin/../lib/gcc/arm-none-eabi/9.3.1/../../../../arm-none-eabi/lib/thumb/v7-m/nofp\libc_nano.a(lib_a-impure.o)
                0x0000000020000324                _impure_ptr
 .data.impure_data
                0x0000000020000328       0x60 c:/st/stm32cubeide_1.7.0/stm32cubeide/plugins/com.st.stm32cube.ide.mcu.externaltools.gnu-tools-for-stm32.9-2020-q2-update.win32_2.0.0.202105311346/tools/bin/../lib/gcc/arm-none-eabi/9.3.1/../../../../arm-none-eabi/lib/thumb/v7-m/nofp\libc_nano.a(lib_a-impure.o)
 *(.RamFunc)
 *(.RamFunc*)
                0x0000000020000388                . = ALIGN (0x4)
                0x0000000020000388                _edata = .

.igot.plt       0x0000000020000388        0x0 load address 0x00000000080091dc
 .igot.plt      0x0000000020000388        0x0 c:/st/stm32cubeide_1.7.0/stm32cubeide/plugins/com.st.stm32cube.ide.mcu.externaltools.gnu-tools-for-stm32.9-2020-q2-update.win32_2.0.0.202105311346/tools/bin/../lib/gcc/arm-none-eabi/9.3.1/thumb/v7-m/nofp/crtbegin.o
                0x0000000020000388                . = ALIGN (0x4)

.bss            0x0000000020000388     0x269c load address 0x00000000080091dc
                0x0000000020000388                _sbss = .
                0x0000000020000388                __bss_start__ = _sbss
 *(.bss)
 .bss           0x0000000020000388       0x1c c:/st/stm32cubeide_1.7.0/stm32cubeide/plugins/com.st.stm32cube.ide.mcu.externaltools.gnu-tools-for-stm32.9-2020-q2-update.win32_2.0.0.202105311346/tools/bin/../lib/gcc/arm-none-eabi/9.3.1/thumb/v7-m/nofp/crtbegin.o
 *(.bss*)
 .bss.arrADC1_DMA
                0x00000000200003a4      0x3c0 ./Core/Src/main.o
 .bss.g_xgood_blink
                0x0000000020000764        0x8 ./Core/Src/main.o
 .bss.g_debug_state
                0x000000002000076c       0x10 ./Core/Src/piezosensor.o
                0x000000002000076c                g_debug_state
 .bss.g_hid_report
                0x000000002000077c        0x8 ./Core/Src/piezosensor.o
                0x000000002000077c                g_hid_report
 .bss.g_sensors
                0x0000000020000784      0x930 ./Core/Src/piezosensor.o
                0x0000000020000784                g_sensors
 .bss.g_system_ms
                0x00000000200010b4        0x4 ./Core/Src/piezosensor.o
                0x00000000200010b4                g_system_ms
 .bss.g_tournament
                0x00000000200010b8        0xc ./Core/Src/piezosensor.o
                0x00000000200010b8                g_tournament
 .bss.g_trigger_fsm
                0x00000000200010c4       0x1c ./Core/Src/piezosensor.o
                0x00000000200010c4                g_trigger_fsm
 .bss.g_config_load_failed
                0x00000000200010e0        0x1 ./Core/Src/sensor_config.o
 *fill*         0x00000000200010e1        0x3 
 .bss.g_sensor_config
                0x00000000200010e4       0x2c ./Core/Src/sensor_config.o
                0x00000000200010e4                g_sensor_config
 .bss.g_terminal_mode_active
                0x0000000020001110        0x1 ./Core/Src/sensor_config.o
 *fill*         0x0000000020001111        0x3 
 .bss.g_uart_rx_buffer
                0x0000000020001114        0x1 ./Core/Src/sensor_config.o
 *fill*         0x0000000020001115        0x3 
 .bss.__sbrk_heap_end
                0x0000000020001118        0x4 ./Core/Src/sysmem.o
 .bss.g_terminal
                0x000000002000111c       0x4c ./Core/Src/uart_terminal.o
 .bss.g_rx_ring_buffer
                0x0000000020001168      0x104 ./Core/Src/usb_cdc_wrapper.o
 .bss.g_tx_ring_buffer
                0x000000002000126c      0x804 ./Core/Src/usb_cdc_wrapper.o
 .bss.g_usb_tx_busy
                0x0000000020001a70        0x1 ./Core/Src/usb_cdc_wrapper.o
 .bss.cfgidx.8581
                0x0000000020001a71        0x1 ./Middlewares/ST/STM32_USB_Device_Library/Core/Src/usbd_ctlreq.o
 *fill*         0x0000000020001a72        0x2 
 .bss.mem.8679  0x0000000020001a74      0x23c ./USB_DEVICE/Target/usbd_conf.o
 .bss.__malloc_free_list
                0x0000000020001cb0        0x4 c:/st/stm32cubeide_1.7.0/stm32cubeide/plugins/com.st.stm32cube.ide.mcu.externaltools.gnu-tools-for-stm32.9-2020-q2-update.win32_2.0.0.202105311346/tools/bin/../lib/gcc/arm-none-eabi/9.3.1/../../../../arm-none-eabi/lib/thumb/v7-m/nofp\libc_nano.a(lib_a-nano-mallocr.o)
                0x0000000020001cb0                __malloc_free_list
 .bss.__malloc_sbrk_start
                0x0000000020001cb4        0x4 c:/st/stm32cubeide_1.7.0/stm32cubeide/plugins/com.st.stm32cube.ide.mcu.externaltools.gnu-tools-for-stm32.9-2020-q2-update.win32_2.0.0.202105311346/tools/bin/../lib/gcc/arm-none-eabi/9.3.1/../../../../arm-none-eabi/lib/thumb/v7-m/nofp\libc_nano.a(lib_a-nano-mallocr.o)
                0x0000000020001cb4                __malloc_sbrk_start
 *(COMMON)
 COMMON         0x0000000020001cb8      0x190 ./Core/Src/main.o
                0x0000000020001cb8                hdma_usart3_rx
                0x0000000020001cfc                huart3
                0x0000000020001d44                htim3
                0x0000000020001d8c                hadc1
                0x0000000020001dbc                hdma_adc1
                0x0000000020001e00                htim1
 COMMON         0x0000000020001e48      0x400 ./Core/Src/usb_cdc_wrapper.o
                0x0000000020001e48                UserRxBufferFS
                0x0000000020002048                UserTxBufferFS
 COMMON         0x0000000020002248      0x200 ./Core/Src/usbd_composite_desc.o
                0x0000000020002248                USBD_StrDesc
 COMMON         0x0000000020002448        0x4 ./Drivers/STM32F1xx_HAL_Driver/Src/stm32f1xx_hal.o
                0x0000000020002448                uwTick
 *fill*         0x000000002000244c        0x4 
 COMMON         0x0000000020002450       0x20 ./Drivers/STM32F1xx_HAL_Driver/Src/stm32f1xx_hal_flash.o
                0x0000000020002450                pFlash
 COMMON         0x0000000020002470      0x2cc ./USB_DEVICE/App/usb_device.o
                0x0000000020002470                hUsbDeviceFS
 COMMON         0x000000002000273c      0x2d8 ./USB_DEVICE/Target/usbd_conf.o
                0x000000002000273c                hpcd_USB_FS
 COMMON         0x0000000020002a14        0x4 c:/st/stm32cubeide_1.7.0/stm32cubeide/plugins/com.st.stm32cube.ide.mcu.externaltools.gnu-tools-for-stm32.9-2020-q2-update.win32_2.0.0.202105311346/tools/bin/../lib/gcc/arm-none-eabi/9.3.1/../../../../arm-none-eabi/lib/thumb/v7-m/nofp\libc_nano.a(lib_a-reent.o)
                0x0000000020002a14                errno
 COMMON         0x0000000020002a18        0x9 c:/st/stm32cubeide_1.7.0/stm32cubeide/plugins/com.st.stm32cube.ide.mcu.externaltools.gnu-tools-for-stm32.9-2020-q2-update.win32_2.0.0.202105311346/tools/bin/../lib/gcc/arm-none-eabi/9.3.1/../../../../arm-none-eabi/lib/thumb/v7-m/nofp\libc_nano.a(lib_a-lock.o)
                0x0000000020002a18                __lock___atexit_recursive_mutex
                0x0000000020002a19                __lock___arc4random_mutex
                0x0000000020002a1a                __lock___env_recursive_mutex
                0x0000000020002a1b                __lock___sinit_recursive_mutex
                0x0000000020002a1c                __lock___malloc_recursive_mutex
                0x0000000020002a1d                __lock___at_quick_exit_mutex
                0x0000000020002a1e                __lock___dd_hash_mutex
                0x0000000020002a1f                __lock___tz_mutex
                0x0000000020002a20                __lock___sfp_recursive_mutex
                0x0000000020002a24                . = ALIGN (0x4)
 *fill*         0x0000000020002a21        0x3 
                0x0000000020002a24                _ebss = .
                0x0000000020002a24                __bss_end__ = _ebss

._user_heap_stack
                0x0000000020002a24      0x804 load address 0x00000000080091dc
                0x0000000020002a28                . = ALIGN (0x8)
 *fill*         0x0000000020002a24        0x4 
                [!provide]                        PROVIDE (end = .)
                0x0000000020002a28                PROVIDE (_end = .)
                0x0000000020002e28                . = (. + _Min_Heap_Size)
 *fill*         0x0000000020002a28      0x400 
                0x0000000020003228                . = (. + _Min_Stack_Size)
 *fill*         0x0000000020002e28      0x400 
                0x0000000020003228                . = ALIGN (0x8)

/DISCARD/
 libc.a(*)
 libm.a(*)
 libgcc.a(*)

.ARM.attributes
                0x0000000000000000       0x29
 *(.ARM.attributes)
 .ARM.attributes
                0x0000000000000000       0x1d c:/st/stm32cubeide_1.7.0/stm32cubeide/plugins/com.st.stm32cube.ide.mcu.externaltools.gnu-tools-for-stm32.9-2020-q2-update.win32_2.0.0.202105311346/tools/bin/../lib/gcc/arm-none-eabi/9.3.1/thumb/v7-m/nofp/crti.o
 .ARM.attributes
                0x000000000000001d       0x2d c:/st/stm32cubeide_1.7.0/stm32cubeide/plugins/com.st.stm32cube.ide.mcu.externaltools.gnu-tools-for-stm32.9-2020-q2-update.win32_2.0.0.202105311346/tools/bin/../lib/gcc/arm-none-eabi/9.3.1/thumb/v7-m/nofp/crtbegin.o
 .ARM.attributes
                0x000000000000004a       0x2d ./Core/Src/main.o
 .ARM.attributes
                0x0000000000000077       0x2d ./Core/Src/piezosensor.o
 .ARM.attributes
                0x00000000000000a4       0x2d ./Core/Src/sensor_config.o
 .ARM.attributes
                0x00000000000000d1       0x2d ./Core/Src/stm32f1xx_hal_msp.o
 .ARM.attributes
                0x00000000000000fe       0x2d ./Core/Src/stm32f1xx_it.o
 .ARM.attributes
                0x000000000000012b       0x2d ./Core/Src/sysmem.o
 .ARM.attributes
                0x0000000000000158       0x2d ./Core/Src/system_stm32f1xx.o
 .ARM.attributes
                0x0000000000000185       0x2d ./Core/Src/uart_terminal.o
 .ARM.attributes
                0x00000000000001b2       0x2d ./Core/Src/usb_cdc_wrapper.o
 .ARM.attributes
                0x00000000000001df       0x2d ./Core/Src/usbd_composite_desc.o
 .ARM.attributes
                0x000000000000020c       0x2d ./Core/Src/usbd_composite_wrapper.o
 .ARM.attributes
                0x0000000000000239       0x21 ./Core/Startup/startup_stm32f103c8tx.o
 .ARM.attributes
                0x000000000000025a       0x2d ./Drivers/STM32F1xx_HAL_Driver/Src/stm32f1xx_hal.o
 .ARM.attributes
                0x0000000000000287       0x2d ./Drivers/STM32F1xx_HAL_Driver/Src/stm32f1xx_hal_adc.o
 .ARM.attributes
                0x00000000000002b4       0x2d ./Drivers/STM32F1xx_HAL_Driver/Src/stm32f1xx_hal_cortex.o
 .ARM.attributes
                0x00000000000002e1       0x2d ./Drivers/STM32F1xx_HAL_Driver/Src/stm32f1xx_hal_dma.o
 .ARM.attributes
                0x000000000000030e       0x2d ./Drivers/STM32F1xx_HAL_Driver/Src/stm32f1xx_hal_flash.o
 .ARM.attributes
                0x000000000000033b       0x2d ./Drivers/STM32F1xx_HAL_Driver/Src/stm32f1xx_hal_flash_ex.o
 .ARM.attributes
                0x0000000000000368       0x2d ./Drivers/STM32F1xx_HAL_Driver/Src/stm32f1xx_hal_gpio.o
 .ARM.attributes
                0x0000000000000395       0x2d ./Drivers/STM32F1xx_HAL_Driver/Src/stm32f1xx_hal_pcd.o
 .ARM.attributes
                0x00000000000003c2       0x2d ./Drivers/STM32F1xx_HAL_Driver/Src/stm32f1xx_hal_pcd_ex.o
 .ARM.attributes
                0x00000000000003ef       0x2d ./Drivers/STM32F1xx_HAL_Driver/Src/stm32f1xx_hal_rcc.o
 .ARM.attributes
                0x000000000000041c       0x2d ./Drivers/STM32F1xx_HAL_Driver/Src/stm32f1xx_hal_rcc_ex.o
 .ARM.attributes
                0x0000000000000449       0x2d ./Drivers/STM32F1xx_HAL_Driver/Src/stm32f1xx_hal_tim.o
 .ARM.attributes
                0x0000000000000476       0x2d ./Drivers/STM32F1xx_HAL_Driver/Src/stm32f1xx_hal_tim_ex.o
 .ARM.attributes
                0x00000000000004a3       0x2d ./Drivers/STM32F1xx_HAL_Driver/Src/stm32f1xx_hal_uart.o
 .ARM.attributes
                0x00000000000004d0       0x2d ./Drivers/STM32F1xx_HAL_Driver/Src/stm32f1xx_ll_usb.o
 .ARM.attributes
                0x00000000000004fd       0x2d ./Middlewares/ST/STM32_USB_Device_Library/Class/HID/Src/usbd_hid.o
 .ARM.attributes
                0x000000000000052a       0x2d ./Middlewares/ST/STM32_USB_Device_Library/Core/Src/usbd_core.o
 .ARM.attributes
                0x0000000000000557       0x2d ./Middlewares/ST/STM32_USB_Device_Library/Core/Src/usbd_ctlreq.o
 .ARM.attributes
                0x0000000000000584       0x2d ./Middlewares/ST/STM32_USB_Device_Library/Core/Src/usbd_ioreq.o
 .ARM.attributes
                0x00000000000005b1       0x2d ./USB_DEVICE/App/usb_device.o
 .ARM.attributes
                0x00000000000005de       0x2d ./USB_DEVICE/App/usbd_cdc.o
 .ARM.attributes
                0x000000000000060b       0x2d ./USB_DEVICE/Target/usbd_conf.o
 .ARM.attributes
                0x0000000000000638       0x2d c:/st/stm32cubeide_1.7.0/stm32cubeide/plugins/com.st.stm32cube.ide.mcu.externaltools.gnu-tools-for-stm32.9-2020-q2-update.win32_2.0.0.202105311346/tools/bin/../lib/gcc/arm-none-eabi/9.3.1/../../../../arm-none-eabi/lib/thumb/v7-m/nofp\libc_nano.a(lib_a-errno.o)
 .ARM.attributes
                0x0000000000000665       0x2d c:/st/stm32cubeide_1.7.0/stm32cubeide/plugins/com.st.stm32cube.ide.mcu.externaltools.gnu-tools-for-stm32.9-2020-q2-update.win32_2.0.0.202105311346/tools/bin/../lib/gcc/arm-none-eabi/9.3.1/../../../../arm-none-eabi/lib/thumb/v7-m/nofp\libc_nano.a(lib_a-impure.o)
 .ARM.attributes
                0x0000000000000692       0x2d c:/st/stm32cubeide_1.7.0/stm32cubeide/plugins/com.st.stm32cube.ide.mcu.externaltools.gnu-tools-for-stm32.9-2020-q2-update.win32_2.0.0.202105311346/tools/bin/../lib/gcc/arm-none-eabi/9.3.1/../../../../arm-none-eabi/lib/thumb/v7-m/nofp\libc_nano.a(lib_a-init.o)
 .ARM.attributes
                0x00000000000006bf       0x2d c:/st/stm32cubeide_1.7.0/stm32cubeide/plugins/com.st.stm32cube.ide.mcu.externaltools.gnu-tools-for-stm32.9-2020-q2-update.win32_2.0.0.202105311346/tools/bin/../lib/gcc/arm-none-eabi/9.3.1/../../../../arm-none-eabi/lib/thumb/v7-m/nofp\libc_nano.a(lib_a-memcpy-stub.o)
 .ARM.attributes
                0x00000000000006ec       0x2d c:/st/stm32cubeide_1.7.0/stm32cubeide/plugins/com.st.stm32cube.ide.mcu.externaltools.gnu-tools-for-stm32.9-2020-q2-update.win32_2.0.0.202105311346/tools/bin/../lib/gcc/arm-none-eabi/9.3.1/../../../../arm-none-eabi/lib/thumb/v7-m/nofp\libc_nano.a(lib_a-memset.o)
 .ARM.attributes
                0x0000000000000719       0x2d c:/st/stm32cubeide_1.7.0/stm32cubeide/plugins/com.st.stm32cube.ide.mcu.externaltools.gnu-tools-for-stm32.9-2020-q2-update.win32_2.0.0.202105311346/tools/bin/../lib/gcc/arm-none-eabi/9.3.1/../../../../arm-none-eabi/lib/thumb/v7-m/nofp\libc_nano.a(lib_a-snprintf.o)
 .ARM.attributes
                0x0000000000000746       0x2d c:/st/stm32cubeide_1.7.0/stm32cubeide/plugins/com.st.stm32cube.ide.mcu.externaltools.gnu-tools-for-stm32.9-2020-q2-update.win32_2.0.0.202105311346/tools/bin/../lib/gcc/arm-none-eabi/9.3.1/../../../../arm-none-eabi/lib/thumb/v7-m/nofp\libc_nano.a(lib_a-strchr.o)
 .ARM.attributes
                0x0000000000000773       0x1b c:/st/stm32cubeide_1.7.0/stm32cubeide/plugins/com.st.stm32cube.ide.mcu.externaltools.gnu-tools-for-stm32.9-2020-q2-update.win32_2.0.0.202105311346/tools/bin/../lib/gcc/arm-none-eabi/9.3.1/../../../../arm-none-eabi/lib/thumb/v7-m/nofp\libc_nano.a(lib_a-strcmp.o)
 .ARM.attributes
                0x000000000000078e       0x17 c:/st/stm32cubeide_1.7.0/stm32cubeide/plugins/com.st.stm32cube.ide.mcu.externaltools.gnu-tools-for-stm32.9-2020-q2-update.win32_2.0.0.202105311346/tools/bin/../lib/gcc/arm-none-eabi/9.3.1/../../../../arm-none-eabi/lib/thumb/v7-m/nofp\libc_nano.a(lib_a-strlen.o)
 .ARM.attributes
                0x00000000000007a5       0x2d c:/st/stm32cubeide_1.7.0/stm32cubeide/plugins/com.st.stm32cube.ide.mcu.externaltools.gnu-tools-for-stm32.9-2020-q2-update.win32_2.0.0.202105311346/tools/bin/../lib/gcc/arm-none-eabi/9.3.1/../../../../arm-none-eabi/lib/thumb/v7-m/nofp\libc_nano.a(lib_a-strncmp.o)
 .ARM.attributes
                0x00000000000007d2       0x2d c:/st/stm32cubeide_1.7.0/stm32cubeide/plugins/com.st.stm32cube.ide.mcu.externaltools.gnu-tools-for-stm32.9-2020-q2-update.win32_2.0.0.202105311346/tools/bin/../lib/gcc/arm-none-eabi/9.3.1/../../../../arm-none-eabi/lib/thumb/v7-m/nofp\libc_nano.a(lib_a-nano-svfprintf.o)
 .ARM.attributes
                0x00000000000007ff       0x2d c:/st/stm32cubeide_1.7.0/stm32cubeide/plugins/com.st.stm32cube.ide.mcu.externaltools.gnu-tools-for-stm32.9-2020-q2-update.win32_2.0.0.202105311346/tools/bin/../lib/gcc/arm-none-eabi/9.3.1/../../../../arm-none-eabi/lib/thumb/v7-m/nofp\libc_nano.a(lib_a-nano-vfprintf_i.o)
 .ARM.attributes
                0x000000000000082c       0x2d c:/st/stm32cubeide_1.7.0/stm32cubeide/plugins/com.st.stm32cube.ide.mcu.externaltools.gnu-tools-for-stm32.9-2020-q2-update.win32_2.0.0.202105311346/tools/bin/../lib/gcc/arm-none-eabi/9.3.1/../../../../arm-none-eabi/lib/thumb/v7-m/nofp\libc_nano.a(lib_a-memchr-stub.o)
 .ARM.attributes
                0x0000000000000859       0x2d c:/st/stm32cubeide_1.7.0/stm32cubeide/plugins/com.st.stm32cube.ide.mcu.externaltools.gnu-tools-for-stm32.9-2020-q2-update.win32_2.0.0.202105311346/tools/bin/../lib/gcc/arm-none-eabi/9.3.1/../../../../arm-none-eabi/lib/thumb/v7-m/nofp\libc_nano.a(lib_a-memmove.o)
 .ARM.attributes
                0x0000000000000886       0x2d c:/st/stm32cubeide_1.7.0/stm32cubeide/plugins/com.st.stm32cube.ide.mcu.externaltools.gnu-tools-for-stm32.9-2020-q2-update.win32_2.0.0.202105311346/tools/bin/../lib/gcc/arm-none-eabi/9.3.1/../../../../arm-none-eabi/lib/thumb/v7-m/nofp\libc_nano.a(lib_a-nano-freer.o)
 .ARM.attributes
                0x00000000000008b3       0x2d c:/st/stm32cubeide_1.7.0/stm32cubeide/plugins/com.st.stm32cube.ide.mcu.externaltools.gnu-tools-for-stm32.9-2020-q2-update.win32_2.0.0.202105311346/tools/bin/../lib/gcc/arm-none-eabi/9.3.1/../../../../arm-none-eabi/lib/thumb/v7-m/nofp\libc_nano.a(lib_a-nano-mallocr.o)
 .ARM.attributes
                0x00000000000008e0       0x2d c:/st/stm32cubeide_1.7.0/stm32cubeide/plugins/com.st.stm32cube.ide.mcu.externaltools.gnu-tools-for-stm32.9-2020-q2-update.win32_2.0.0.202105311346/tools/bin/../lib/gcc/arm-none-eabi/9.3.1/../../../../arm-none-eabi/lib/thumb/v7-m/nofp\libc_nano.a(lib_a-nano-reallocr.o)
 .ARM.attributes
                0x000000000000090d       0x2d c:/st/stm32cubeide_1.7.0/stm32cubeide/plugins/com.st.stm32cube.ide.mcu.externaltools.gnu-tools-for-stm32.9-2020-q2-update.win32_2.0.0.202105311346/tools/bin/../lib/gcc/arm-none-eabi/9.3.1/../../../../arm-none-eabi/lib/thumb/v7-m/nofp\libc_nano.a(lib_a-sbrkr.o)
 .ARM.attributes
                0x000000000000093a       0x2d c:/st/stm32cubeide_1.7.0/stm32cubeide/plugins/com.st.stm32cube.ide.mcu.externaltools.gnu-tools-for-stm32.9-2020-q2-update.win32_2.0.0.202105311346/tools/bin/../lib/gcc/arm-none-eabi/9.3.1/../../../../arm-none-eabi/lib/thumb/v7-m/nofp\libc_nano.a(lib_a-mlock.o)
 .ARM.attributes