Archive member included to satisfy reference by file (symbol)

c:/st/stm32cubeide_1.7.0/stm32cubeide/plugins/com.st.stm32cube.ide.mcu.externaltools.gnu-tools-for-stm32.9-2020-q2-update.win32_2.0.0.202105311346/tools/bin/../lib/gcc/arm-none-eabi/9.3.1/../../../../arm-none-eabi/lib/thumb/v7-m/nofp\libc_nano.a(lib_a-errno.o)
                              ./Core/Src/syscalls.o (__errno)
c:/st/stm32cubeide_1.7.0/stm32cubeide/plugins/com.st.stm32cube.ide.mcu.externaltools.gnu-tools-for-stm32.9-2020-q2-update.win32_2.0.0.202105311346/tools/bin/../lib/gcc/arm-none-eabi/9.3.1/../../../../arm-none-eabi/lib/thumb/v7-m/nofp\libc_nano.a(lib_a-exit.o)
                              c:/st/stm32cubeide_1.7.0/stm32cubeide/plugins/com.st.stm32cube.ide.mcu.externaltools.gnu-tools-for-stm32.9-2020-q2-update.win32_2.0.0.202105311346/tools/bin/../lib/gcc/arm-none-eabi/9.3.1/../../../../arm-none-eabi/lib/thumb/v7-m/nofp/crt0.o (exit)
c:/st/stm32cubeide_1.7.0/stm32cubeide/plugins/com.st.stm32cube.ide.mcu.externaltools.gnu-tools-for-stm32.9-2020-q2-update.win32_2.0.0.202105311346/tools/bin/../lib/gcc/arm-none-eabi/9.3.1/../../../../arm-none-eabi/lib/thumb/v7-m/nofp\libc_nano.a(lib_a-impure.o)
                              c:/st/stm32cubeide_1.7.0/stm32cubeide/plugins/com.st.stm32cube.ide.mcu.externaltools.gnu-tools-for-stm32.9-2020-q2-update.win32_2.0.0.202105311346/tools/bin/../lib/gcc/arm-none-eabi/9.3.1/../../../../arm-none-eabi/lib/thumb/v7-m/nofp\libc_nano.a(lib_a-exit.o) (_global_impure_ptr)
c:/st/stm32cubeide_1.7.0/stm32cubeide/plugins/com.st.stm32cube.ide.mcu.externaltools.gnu-tools-for-stm32.9-2020-q2-update.win32_2.0.0.202105311346/tools/bin/../lib/gcc/arm-none-eabi/9.3.1/../../../../arm-none-eabi/lib/thumb/v7-m/nofp\libc_nano.a(lib_a-init.o)
                              c:/st/stm32cubeide_1.7.0/stm32cubeide/plugins/com.st.stm32cube.ide.mcu.externaltools.gnu-tools-for-stm32.9-2020-q2-update.win32_2.0.0.202105311346/tools/bin/../lib/gcc/arm-none-eabi/9.3.1/../../../../arm-none-eabi/lib/thumb/v7-m/nofp/crt0.o (__libc_init_array)
c:/st/stm32cubeide_1.7.0/stm32cubeide/plugins/com.st.stm32cube.ide.mcu.externaltools.gnu-tools-for-stm32.9-2020-q2-update.win32_2.0.0.202105311346/tools/bin/../lib/gcc/arm-none-eabi/9.3.1/../../../../arm-none-eabi/lib/thumb/v7-m/nofp\libc_nano.a(lib_a-memcpy-stub.o)
                              ./Core/Src/sensor_config.o (memcpy)
c:/st/stm32cubeide_1.7.0/stm32cubeide/plugins/com.st.stm32cube.ide.mcu.externaltools.gnu-tools-for-stm32.9-2020-q2-update.win32_2.0.0.202105311346/tools/bin/../lib/gcc/arm-none-eabi/9.3.1/../../../../arm-none-eabi/lib/thumb/v7-m/nofp\libc_nano.a(lib_a-memset.o)
                              c:/st/stm32cubeide_1.7.0/stm32cubeide/plugins/com.st.stm32cube.ide.mcu.externaltools.gnu-tools-for-stm32.9-2020-q2-update.win32_2.0.0.202105311346/tools/bin/../lib/gcc/arm-none-eabi/9.3.1/../../../../arm-none-eabi/lib/thumb/v7-m/nofp/crt0.o (memset)
c:/st/stm32cubeide_1.7.0/stm32cubeide/plugins/com.st.stm32cube.ide.mcu.externaltools.gnu-tools-for-stm32.9-2020-q2-update.win32_2.0.0.202105311346/tools/bin/../lib/gcc/arm-none-eabi/9.3.1/../../../../arm-none-eabi/lib/thumb/v7-m/nofp\libc_nano.a(lib_a-snprintf.o)
                              ./Core/Src/sensor_config.o (snprintf)
c:/st/stm32cubeide_1.7.0/stm32cubeide/plugins/com.st.stm32cube.ide.mcu.externaltools.gnu-tools-for-stm32.9-2020-q2-update.win32_2.0.0.202105311346/tools/bin/../lib/gcc/arm-none-eabi/9.3.1/../../../../arm-none-eabi/lib/thumb/v7-m/nofp\libc_nano.a(lib_a-strchr.o)
                              ./Core/Src/sensor_config.o (strchr)
c:/st/stm32cubeide_1.7.0/stm32cubeide/plugins/com.st.stm32cube.ide.mcu.externaltools.gnu-tools-for-stm32.9-2020-q2-update.win32_2.0.0.202105311346/tools/bin/../lib/gcc/arm-none-eabi/9.3.1/../../../../arm-none-eabi/lib/thumb/v7-m/nofp\libc_nano.a(lib_a-strcmp.o)
                              ./Core/Src/sensor_config.o (strcmp)
c:/st/stm32cubeide_1.7.0/stm32cubeide/plugins/com.st.stm32cube.ide.mcu.externaltools.gnu-tools-for-stm32.9-2020-q2-update.win32_2.0.0.202105311346/tools/bin/../lib/gcc/arm-none-eabi/9.3.1/../../../../arm-none-eabi/lib/thumb/v7-m/nofp\libc_nano.a(lib_a-strlen.o)
                              ./Core/Src/sensor_config.o (strlen)
c:/st/stm32cubeide_1.7.0/stm32cubeide/plugins/com.st.stm32cube.ide.mcu.externaltools.gnu-tools-for-stm32.9-2020-q2-update.win32_2.0.0.202105311346/tools/bin/../lib/gcc/arm-none-eabi/9.3.1/../../../../arm-none-eabi/lib/thumb/v7-m/nofp\libc_nano.a(lib_a-strncmp.o)
                              ./Core/Src/sensor_config.o (strncmp)
c:/st/stm32cubeide_1.7.0/stm32cubeide/plugins/com.st.stm32cube.ide.mcu.externaltools.gnu-tools-for-stm32.9-2020-q2-update.win32_2.0.0.202105311346/tools/bin/../lib/gcc/arm-none-eabi/9.3.1/../../../../arm-none-eabi/lib/thumb/v7-m/nofp\libc_nano.a(lib_a-nano-svfprintf.o)
[...]
Memory Configuration

Name             Origin             Length             Attributes
RAM              0x0000000020000000 0x0000000000005000 xrw
FLASH            0x0000000008000000 0x0000000000010000 xr
*default*        0x0000000000000000 0xffffffffffffffff

Linker script and memory map

LOAD c:/st/stm32cubeide_1.7.0/stm32cubeide/plugins/com.st.stm32cube.ide.mcu.externaltools.gnu-tools-for-stm32.9-2020-q2-update.win32_2.0.0.202105311346/tools/bin/../lib/gcc/arm-none-eabi/9.3.1/thumb/v7-m/nofp/crti.o
LOAD c:/st/stm32cubeide_1.7.0/stm32cubeide/plugins/com.st.stm32cube.ide.mcu.externaltools.gnu-tools-for-stm32.9-2020-q2-update.win32_2.0.0.202105311346/tools/bin/../lib/gcc/arm-none-eabi/9.3.1/thumb/v7-m/nofp/crtbegin.o
LOAD c:/st/stm32cubeide_1.7.0/stm32cubeide/plugins/com.st.stm32cube.ide.mcu.externaltools.gnu-tools-for-stm32.9-2020-q2-update.win32_2.0.0.202105311346/tools/bin/../lib/gcc/arm-none-eabi/9.3.1/../../../../arm-none-eabi/lib/thumb/v7-m/nofp/crt0.o
LOAD ./Core/Src/main.o
LOAD ./Core/Src/piezosensor.o
LOAD ./Core/Src/sensor_config.o
LOAD ./Core/Src/stm32f1xx_hal_msp.o
LOAD ./Core/Src/stm32f1xx_it.o
LOAD ./Core/Src/syscalls.o
LOAD ./Core/Src/sysmem.o
LOAD ./Core/Src/system_stm32f1xx.o
LOAD ./Core/Src/uart_terminal.o
LOAD ./Core/Src/usb_cdc_wrapper.o
LOAD ./Core/Src/usbd_composite_desc.o
LOAD ./Core/Src/usbd_composite_wrapper.o
LOAD ./Core/Startup/startup_stm32f103c8tx.o
LOAD ./Drivers/STM32F1xx_HAL_Driver/Src/stm32f1xx_hal.o
LOAD ./Drivers/STM32F1xx_HAL_Driver/Src/stm32f1xx_hal_adc.o
LOAD ./Drivers/STM32F1xx_HAL_Driver/Src/stm32f1xx_hal_adc_ex.o
LOAD ./Drivers/STM32F1xx_HAL_Driver/Src/stm32f1xx_hal_cortex.o
LOAD ./Drivers/STM32F1xx_HAL_Driver/Src/stm32f1xx_hal_dma.o
LOAD ./Drivers/STM32F1xx_HAL_Driver/Src/stm32f1xx_hal_exti.o
LOAD ./Drivers/STM32F1xx_HAL_Driver/Src/stm32f1xx_hal_flash.o
LOAD ./Drivers/STM32F1xx_HAL_Driver/Src/stm32f1xx_hal_flash_ex.o
LOAD ./Drivers/STM32F1xx_HAL_Driver/Src/stm32f1xx_hal_gpio.o
LOAD ./Drivers/STM32F1xx_HAL_Driver/Src/stm32f1xx_hal_gpio_ex.o
LOAD ./Drivers/STM32F1xx_HAL_Driver/Src/stm32f1xx_hal_pcd.o
LOAD ./Drivers/STM32F1xx_HAL_Driver/Src/stm32f1xx_hal_pcd_ex.o
LOAD ./Drivers/STM32F1xx_HAL_Driver/Src/stm32f1xx_hal_pwr.o
LOAD ./Drivers/STM32F1xx_HAL_Driver/Src/stm32f1xx_hal_rcc.o
LOAD ./Drivers/STM32F1xx_HAL_Driver/Src/stm32f1xx_hal_rcc_ex.o
LOAD ./Drivers/STM32F1xx_HAL_Driver/Src/stm32f1xx_hal_tim.o
LOAD ./Drivers/STM32F1xx_HAL_Driver/Src/stm32f1xx_hal_tim_ex.o
LOAD ./Drivers/STM32F1xx_HAL_Driver/Src/stm32f1xx_hal_uart.o
LOAD ./Drivers/STM32F1xx_HAL_Driver/Src/stm32f1xx_ll_usb.o
LOAD ./Middlewares/ST/STM32_USB_Device_Library/Class/HID/Src/usbd_hid.o
LOAD ./Middlewares/ST/STM32_USB_Device_Library/Core/Src/usbd_core.o
LOAD ./Middlewares/ST/STM32_USB_Device_Library/Core/Src/usbd_ctlreq.o
LOAD ./Middlewares/ST/STM32_USB_Device_Library/Core/Src/usbd_ioreq.o
LOAD ./USB_DEVICE/App/usb_device.o
LOAD ./USB_DEVICE/App/usbd_cdc.o
LOAD ./USB_DEVICE/Target/usbd_conf.o
START GROUP
LOAD c:/st/stm32cubeide_1.7.0/stm32cubeide/plugins/com.st.stm32cube.ide.mcu.externaltools.gnu-tools-for-stm32.9-2020-q2-update.win32_2.0.0.202105311346/tools/bin/../lib/gcc/arm-none-eabi/9.3.1/../../../../arm-none-eabi/lib/thumb/v7-m/nofp\libc_nano.a
LOAD c:/st/stm32cubeide_1.7.0/stm32cubeide/plugins/com.st.stm32cube.ide.mcu.externaltools.gnu-tools-for-stm32.9-2020-q2-update.win32_2.0.0.202105311346/tools/bin/../lib/gcc/arm-none-eabi/9.3.1/../../../../arm-none-eabi/lib/thumb/v7-m/nofp\libm.a
END GROUP
START GROUP
LOAD c:/st/stm32cubeide_1.7.0/stm32cubeide/plugins/com.st.stm32cube.ide.mcu.externaltools.gnu-tools-for-stm32.9-2020-q2-update.win32_2.0.0.202105311346/tools/bin/../lib/gcc/arm-none-eabi/9.3.1/thumb/v7-m/nofp\libgcc.a
LOAD c:/st/stm32cubeide_1.7.0/stm32cubeide/plugins/com.st.stm32cube.ide.mcu.externaltools.gnu-tools-for-stm32.9-2020-q2-update.win32_2.0.0.202105311346/tools/bin/../lib/gcc/arm-none-eabi/9.3.1/../../../../arm-none-eabi/lib/thumb/v7-m/nofp\libc_nano.a
END GROUP
START GROUP
LOAD c:/st/stm32cubeide_1.7.0/stm32cubeide/plugins/com.st.stm32cube.ide.mcu.externaltools.gnu-tools-for-stm32.9-2020-q2-update.win32_2.0.0.202105311346/tools/bin/../lib/gcc/arm-none-eabi/9.3.1/thumb/v7-m/nofp\libgcc.a
LOAD c:/st/stm32cubeide_1.7.0/stm32cubeide/plugins/com.st.stm32cube.ide.mcu.externaltools.gnu-tools-for-stm32.9-2020-q2-update.win32_2.0.0.202105311346/tools/bin/../lib/gcc/arm-none-eabi/9.3.1/../../../../arm-none-eabi/lib/thumb/v7-m/nofp\libc_nano.a
LOAD c:/st/stm32cubeide_1.7.0/stm32cubeide/plugins/com.st.stm32cube.ide.mcu.externaltools.gnu-tools-for-stm32.9-2020-q2-update.win32_2.0.0.202105311346/tools/bin/../lib/gcc/arm-none-eabi/9.3.1/../../../../arm-none-eabi/lib/thumb/v7-m/nofp\libnosys.a
END GROUP
START GROUP
LOAD c:/st/stm32cubeide_1.7.0/stm32cubeide/plugins/com.st.stm32cube.ide.mcu.externaltools.gnu-tools-for-stm32.9-2020-q2-update.win32_2.0.0.202105311346/tools/bin/../lib/gcc/arm-none-eabi/9.3.1/thumb/v7-m/nofp\libgcc.a
LOAD c:/st/stm32cubeide_1.7.0/stm32cubeide/plugins/com.st.stm32cube.ide.mcu.externaltools.gnu-tools-for-stm32.9-2020-q2-update.win32_2.0.0.202105311346/tools/bin/../lib/gcc/arm-none-eabi/9.3.1/../../../../arm-none-eabi/lib/thumb/v7-m/nofp\libc_nano.a
LOAD c:/st/stm32cubeide_1.7.0/stm32cubeide/plugins/com.st.stm32cube.ide.mcu.externaltools.gnu-tools-for-stm32.9-2020-q2-update.win32_2.0.0.202105311346/tools/bin/../lib/gcc/arm-none-eabi/9.3.1/../../../../arm-none-eabi/lib/thumb/v7-m/nofp\libnosys.a
END GROUP
LOAD c:/st/stm32cubeide_1.7.0/stm32cubeide/plugins/com.st.stm32cube.ide.mcu.externaltools.gnu-tools-for-stm32.9-2020-q2-update.win32_2.0.0.202105311346/tools/bin/../lib/gcc/arm-none-eabi/9.3.1/thumb/v7-m/nofp/crtend.o
LOAD c:/st/stm32cubeide_1.7.0/stm32cubeide/plugins/com.st.stm32cube.ide.mcu.externaltools.gnu-tools-for-stm32.9-2020-q2-update.win32_2.0.0.202105311346/tools/bin/../lib/gcc/arm-none-eabi/9.3.1/thumb/v7-m/nofp/crtn.o
                0x0000000020005000                _estack = (ORIGIN (RAM) + LENGTH (RAM))
                0x0000000000000400                _Min_Heap_Size = 0x400
                0x0000000000000400                _Min_Stack_Size = 0x400

.isr_vector     0x0000000008000000      0x10c
                0x0000000008000000                . = ALIGN (0x4)
 *(.isr_vector)
 .isr_vector    0x0000000008000000      0x10c ./Core/Startup/startup_stm32f103c8tx.o
                0x0000000008000000                g_pfnVectors
                0x000000000800010c                . = ALIGN (0x4)

.text           0x000000000800010c     0x852c
                0x000000000800010c                . = ALIGN (0x4)
 *(.text)
 .text          0x000000000800010c       0x40 c:/st/stm32cubeide_1.7.0/stm32cubeide/plugins/com.st.stm32cube.ide.mcu.externaltools.gnu-tools-for-stm32.9-2020-q2-update.win32_2.0.0.202105311346/tools/bin/../lib/gcc/arm-none-eabi/9.3.1/thumb/v7-m/nofp/crtbegin.o
 .text          0x000000000800014c       0x14 c:/st/stm32cubeide_1.7.0/stm32cubeide/plugins/com.st.stm32cube.ide.mcu.externaltools.gnu-tools-for-stm32.9-2020-q2-update.win32_2.0.0.202105311346/tools/bin/../lib/gcc/arm-none-eabi/9.3.1/../../../../arm-none-eabi/lib/thumb/v7-m/nofp\libc_nano.a(lib_a-strcmp.o)
                0x000000000800014c                strcmp
 .text          0x0000000008000160       0x10 c:/st/stm32cubeide_1.7.0/stm32cubeide/plugins/com.st.stm32cube.ide.mcu.externaltools.gnu-tools-for-stm32.9-2020-q2-update.win32_2.0.0.202105311346/tools/bin/../lib/gcc/arm-none-eabi/9.3.1/../../../../arm-none-eabi/lib/thumb/v7-m/nofp\libc_nano.a(lib_a-strlen.o)
                0x0000000008000160                strlen
 .text          0x0000000008000170      0x21c c:/st/stm32cubeide_1.7.0/stm32cubeide/plugins/com.st.stm32cube.ide.mcu.externaltools.gnu-tools-for-stm32.9-2020-q2-update.win32_2.0.0.202105311346/tools/bin/../lib/gcc/arm-none-eabi/9.3.1/thumb/v7-m/nofp\libgcc.a(_arm_addsubsf3.o)
                0x0000000008000170                __aeabi_frsub
                0x0000000008000178                __subsf3
                0x0000000008000178                __aeabi_fsub
                0x000000000800017c                __aeabi_fadd
                0x000000000800017c                __addsf3
                0x00000000080002dc                __aeabi_ui2f
                0x00000000080002dc                __floatunsisf
                0x00000000080002e4                __aeabi_i2f
                0x00000000080002e4                __floatsisf
                0x0000000008000300                __aeabi_ul2f
                0x0000000008000300                __floatundisf
                0x0000000008000310                __aeabi_l2f
                0x0000000008000310                __floatdisf
 .text          0x000000000800038c      0x2a0 c:/st/stm32cubeide_1.7.0/stm32cubeide/plugins/com.st.stm32cube.ide.mcu.externaltools.gnu-tools-for-stm32.9-2020-q2-update.win32_2.0.0.202105311346/tools/bin/../lib/gcc/arm-none-eabi/9.3.1/thumb/v7-m/nofp\libgcc.a(_arm_muldivsf3.o)
                0x000000000800038c                __mulsf3
                0x000000000800038c                __aeabi_fmul
                0x00000000080004f4                __aeabi_fdiv
                0x00000000080004f4                __divsf3
 .text          0x000000000800062c       0xec c:/st/stm32cubeide_1.7.0/stm32cubeide/plugins/com.st.stm32cube.ide.mcu.externaltools.gnu-tools-for-stm32.9-2020-q2-update.win32_2.0.0.202105311346/tools/bin/../lib/gcc/arm-none-eabi/9.3.1/thumb/v7-m/nofp\libgcc.a(_arm_cmpsf2.o)
                0x000000000800062c                __gesf2
                0x000000000800062c                __gtsf2
                0x0000000008000634                __lesf2
                0x0000000008000634                __ltsf2
                0x000000000800063c                __nesf2
                0x000000000800063c                __eqsf2
                0x000000000800063c                __cmpsf2
                0x000000000800069c                __aeabi_cfrcmple
                0x00000000080006a4                __aeabi_cfcmpeq
                0x00000000080006a4                __aeabi_cfcmple
                0x00000000080006b4                __aeabi_fcmpeq
                0x00000000080006c8                __aeabi_fcmplt
                0x00000000080006dc                __aeabi_fcmple
                0x00000000080006f0                __aeabi_fcmpge
                0x0000000008000704                __aeabi_fcmpgt
 .text          0x0000000008000718       0x4c c:/st/stm32cubeide_1.7.0/stm32cubeide/plugins/com.st.stm32cube.ide.mcu.externaltools.gnu-tools-for-stm32.9-2020-q2-update.win32_2.0.0.202105311346/tools/bin/../lib/gcc/arm-none-eabi/9.3.1/thumb/v7-m/nofp\libgcc.a(_arm_fixsfsi.o)
                0x0000000008000718                __aeabi_f2iz
                0x0000000008000718                __fixsfsi
 *(.text*)
 .text.MX_GPIO_Init
                0x0000000008000764       0xa0 ./Core/Src/main.o
 .text.MX_DMA_Init
                0x0000000008000804       0x44 ./Core/Src/main.o
 .text.xgood_led_blink_handler
                0x0000000008000848       0x50 ./Core/Src/main.o
                0x0000000008000848                xgood_led_blink_handler
 .text.HAL_ADC_ConvHalfCpltCallback
                0x0000000008000898       0x64 ./Core/Src/main.o
                0x0000000008000898                HAL_ADC_ConvHalfCpltCallback
 .text.HAL_ADC_ConvCpltCallback
                0x00000000080008fc       0x64 ./Core/Src/main.o
                0x00000000080008fc                HAL_ADC_ConvCpltCallback
 .text.Error_Handler
                0x0000000008000960        0x4 ./Core/Src/main.o
                0x0000000008000960                Error_Handler
 .text.MX_ADC1_Init
                0x0000000008000964       0xb4 ./Core/Src/main.o
 .text.MX_USART3_UART_Init
                0x0000000008000a18       0x34 ./Core/Src/main.o
 .text.MX_TIM1_Init
                0x0000000008000a4c       0x6c ./Core/Src/main.o
 .text.MX_TIM3_Init
                0x0000000008000ab8       0x6c ./Core/Src/main.o
 .text.SystemClock_Config
                0x0000000008000b24       0x8c ./Core/Src/main.o
                0x0000000008000b24                SystemClock_Config
 .text.main     0x0000000008000bb0       0x7c ./Core/Src/main.o
                0x0000000008000bb0                main
 .text.ring_buffer_add
                0x0000000008000c2c       0x44 ./Core/Src/piezosensor.o
 .text.ring_buffer_get_average
                0x0000000008000c70       0x38 ./Core/Src/piezosensor.o
 .text.ring_buffer_get_latest
                0x0000000008000ca8       0x1e ./Core/Src/piezosensor.o
 *fill*         0x0000000008000cc6        0x2 
 .text.wait_for_trigger_state
                0x0000000008000cc8       0xd4 ./Core/Src/piezosensor.o
 .text.tournament_state
                0x0000000008000d9c       0xe0 ./Core/Src/piezosensor.o
 .text.piezosensor_init
                0x0000000008000e7c      0x180 ./Core/Src/piezosensor.o
                0x0000000008000e7c                piezosensor_init
 .text.cooldown_fsm_process
                0x0000000008000ffc       0xbc ./Core/Src/piezosensor.o
                0x0000000008000ffc                cooldown_fsm_process
 .text.hid_clear_report
                0x00000000080010b8       0x10 ./Core/Src/piezosensor.o
                0x00000000080010b8                hid_clear_report
 .text.schedule_key_press
                0x00000000080010c8       0x34 ./Core/Src/piezosensor.o
                0x00000000080010c8                schedule_key_press
 .text.hid_send_buffered_reports
                0x00000000080010fc       0x6c ./Core/Src/piezosensor.o
                0x00000000080010fc                hid_send_buffered_reports
 .text.hid_process_afterglow
                0x0000000008001168       0x8c ./Core/Src/piezosensor.o
                0x0000000008001168                hid_process_afterglow
 .text.led_set_sensor_triggered
                0x00000000080011f4       0x34 ./Core/Src/piezosensor.o
                0x00000000080011f4                led_set_sensor_triggered
 .text.final_state
                0x0000000008001228      0x1a4 ./Core/Src/piezosensor.o
 .text.trigger_fsm_process
                0x00000000080013cc       0x28 ./Core/Src/piezosensor.o
                0x00000000080013cc                trigger_fsm_process
 .text.decay_adjusted_threshold
                0x00000000080013f4       0x98 ./Core/Src/piezosensor.o
                0x00000000080013f4                decay_adjusted_threshold
 .text.increment_system_ms
                0x000000000800148c       0x10 ./Core/Src/piezosensor.o
                0x000000000800148c                increment_system_ms
 .text.led_check_turn_off
                0x000000000800149c       0x4c ./Core/Src/piezosensor.o
                0x000000000800149c                led_check_turn_off
 .text.debug_init
                0x00000000080014e8       0x14 ./Core/Src/piezosensor.o
                0x00000000080014e8                debug_init
 .text.debug_update_max
                0x00000000080014fc       0x1c ./Core/Src/piezosensor.o
                0x00000000080014fc                debug_update_max
 .text.extract_envelope_from_samples
                0x0000000008001518       0xfc ./Core/Src/piezosensor.o
                0x0000000008001518                extract_envelope_from_samples
 .text.debug_output_if_needed
                0x0000000008001614        0x2 ./Core/Src/piezosensor.o
                0x0000000008001614                debug_output_if_needed
 *fill*         0x0000000008001616        0x2 
 .text.parse_simple_float
                0x0000000008001618       0xac ./Core/Src/sensor_config.o
 .text.parse_fixed_point
                0x00000000080016c4       0xb2 ./Core/Src/sensor_config.o
 .text.parse_uint16
                0x0000000008001776       0x50 ./Core/Src/sensor_config.o
 *fill*         0x00000000080017c6        0x2 
 .text.uart_start_receive
                0x00000000080017c8       0x18 ./Core/Src/sensor_config.o
 .text.fixed_point_to_string
                0x00000000080017e0       0x50 ./Core/Src/sensor_config.o
 .text.sensor_config_calculate_checksum
                0x0000000008001830       0x16 ./Core/Src/sensor_config.o
                0x0000000008001830                sensor_config_calculate_checksum
 *fill*         0x0000000008001846        0x2 
 .text.sensor_config_set_defaults
                0x0000000008001848       0x74 ./Core/Src/sensor_config.o
                0x0000000008001848                sensor_config_set_defaults
 .text.sensor_config_load_from_flash
                0x00000000080018bc       0xa4 ./Core/Src/sensor_config.o
                0x00000000080018bc                sensor_config_load_from_flash
 .text.sensor_config_init
                0x0000000008001960       0x4c ./Core/Src/sensor_config.o
                0x0000000008001960                sensor_config_init
 .text.sensor_config_save_to_flash
                0x00000000080019ac       0xa0 ./Core/Src/sensor_config.o
                0x00000000080019ac                sensor_config_save_to_flash
 .text.HAL_UART_RxCpltCallback
                0x0000000008001a4c       0x24 ./Core/Src/sensor_config.o
                0x0000000008001a4c                HAL_UART_RxCpltCallback
 .text.HAL_UART_ErrorCallback
                0x0000000008001a70        0x2 ./Core/Src/sensor_config.o
                0x0000000008001a70                HAL_UART_ErrorCallback
 .text.sensor_config_send_string
                0x0000000008001a72       0x12 ./Core/Src/sensor_config.o
                0x0000000008001a72                sensor_config_send_string
 .text.sensor_config_send_ok
                0x0000000008001a84       0x10 ./Core/Src/sensor_config.o
                0x0000000008001a84                sensor_config_send_ok
 .text.handle_set_command
                0x0000000008001a94      0x224 ./Core/Src/sensor_config.o
 .text.sensor_config_send_float
                0x0000000008001cb8       0x98 ./Core/Src/sensor_config.o
                0x0000000008001cb8                sensor_config_send_float
 .text.sensor_config_send_uint16
                0x0000000008001d50       0x24 ./Core/Src/sensor_config.o
                0x0000000008001d50                sensor_config_send_uint16
 .text.handle_query_command
                0x0000000008001d74      0x240 ./Core/Src/sensor_config.o
 .text.sensor_config_process_command
                0x0000000008001fb4      0x2e8 ./Core/Src/sensor_config.o
                0x0000000008001fb4                sensor_config_process_command
 .text.sensor_config_load_failed
                0x000000000800229c        0xc ./Core/Src/sensor_config.o
                0x000000000800229c                sensor_config_load_failed
 .text.HAL_MspInit
                0x00000000080022a8       0x44 ./Core/Src/stm32f1xx_hal_msp.o
                0x00000000080022a8                HAL_MspInit
 .text.HAL_ADC_MspInit
                0x00000000080022ec       0xa0 ./Core/Src/stm32f1xx_hal_msp.o
                0x00000000080022ec                HAL_ADC_MspInit
 .text.HAL_TIM_Base_MspInit
                0x000000000800238c       0x4c ./Core/Src/stm32f1xx_hal_msp.o
                0x000000000800238c                HAL_TIM_Base_MspInit
 .text.HAL_UART_MspInit
                0x00000000080023d8       0xc0 ./Core/Src/stm32f1xx_hal_msp.o
                0x00000000080023d8                HAL_UART_MspInit
 .text.NMI_Handler
                0x0000000008002498        0x2 ./Core/Src/stm32f1xx_it.o
                0x0000000008002498                NMI_Handler
 .text.HardFault_Handler
                0x000000000800249a        0x2 ./Core/Src/stm32f1xx_it.o
                0x000000000800249a                HardFault_Handler
 .text.MemManage_Handler
                0x000000000800249c        0x2 ./Core/Src/stm32f1xx_it.o
                0x000000000800249c                MemManage_Handler
 .text.BusFault_Handler
                0x000000000800249e        0x2 ./Core/Src/stm32f1xx_it.o
                0x000000000800249e                BusFault_Handler
 .text.UsageFault_Handler
                0x00000000080024a0        0x2 ./Core/Src/stm32f1xx_it.o
                0x00000000080024a0                UsageFault_Handler
 .text.SVC_Handler
                0x00000000080024a2        0x2 ./Core/Src/stm32f1xx_it.o
                0x00000000080024a2                SVC_Handler
 .text.DebugMon_Handler
                0x00000000080024a4        0x2 ./Core/Src/stm32f1xx_it.o
                0x00000000080024a4                DebugMon_Handler
 .text.PendSV_Handler
                0x00000000080024a6        0x2 ./Core/Src/stm32f1xx_it.o
                0x00000000080024a6                PendSV_Handler
 .text.SysTick_Handler
                0x00000000080024a8        0x8 ./Core/Src/stm32f1xx_it.o
                0x00000000080024a8                SysTick_Handler
 .text.DMA1_Channel1_IRQHandler
                0x00000000080024b0       0x10 ./Core/Src/stm32f1xx_it.o
                0x00000000080024b0                DMA1_Channel1_IRQHandler
 .text.DMA1_Channel3_IRQHandler
                0x00000000080024c0       0x10 ./Core/Src/stm32f1xx_it.o
                0x00000000080024c0                DMA1_Channel3_IRQHandler
 .text.USB_LP_CAN1_RX0_IRQHandler
                0x00000000080024d0       0x10 ./Core/Src/stm32f1xx_it.o
                0x00000000080024d0                USB_LP_CAN1_RX0_IRQHandler
 .text.USART3_IRQHandler
                0x00000000080024e0       0x10 ./Core/Src/stm32f1xx_it.o
                0x00000000080024e0                USART3_IRQHandler
 .text._sbrk    0x00000000080024f0       0x48 ./Core/Src/sysmem.o
                0x00000000080024f0                _sbrk
 .text.SystemInit
                0x0000000008002538        0x2 ./Core/Src/system_stm32f1xx.o
                0x0000000008002538                SystemInit
 *fill*         0x000000000800253a        0x2 
 .text.is_cdc_connected
                0x000000000800253c       0x14 ./Core/Src/uart_terminal.o
 .text.uart_terminal_process_command
                0x0000000008002550       0x18 ./Core/Src/uart_terminal.o
 .text.uart_terminal_get_input_mode
                0x0000000008002568        0xc ./Core/Src/uart_terminal.o
                0x0000000008002568                uart_terminal_get_input_mode
 .text.uart_terminal_send
                0x0000000008002574       0x28 ./Core/Src/uart_terminal.o
                0x0000000008002574                uart_terminal_send
 .text.uart_terminal_receive_byte
                0x000000000800259c       0x78 ./Core/Src/uart_terminal.o
                0x000000000800259c                uart_terminal_receive_byte
 .text.uart_terminal_tick
                0x0000000008002614       0x38 ./Core/Src/uart_terminal.o
                0x0000000008002614                uart_terminal_tick
 .text.uart_terminal_process_idle
                0x000000000800264c        0xc ./Core/Src/uart_terminal.o
                0x000000000800264c                uart_terminal_process_idle
 .text.ring_buffer_init
                0x0000000008002658       0x28 ./Core/Src/usb_cdc_wrapper.o
 .text.tx_ring_buffer_enqueue
                0x0000000008002680       0x70 ./Core/Src/usb_cdc_wrapper.o
 .text.tx_ring_buffer_dequeue
                0x00000000080026f0       0x60 ./Core/Src/usb_cdc_wrapper.o
 .text.rx_ring_buffer_enqueue
                0x0000000008002750       0x44 ./Core/Src/usb_cdc_wrapper.o
 .text.rx_ring_buffer_dequeue
                0x0000000008002794       0x38 ./Core/Src/usb_cdc_wrapper.o
 .text.CDC_Itf_DeInit
                0x00000000080027cc        0x4 ./Core/Src/usb_cdc_wrapper.o
 .text.CDC_Itf_Control
                0x00000000080027d0       0x5c ./Core/Src/usb_cdc_wrapper.o
 .text.CDC_Itf_Receive
                0x000000000800282c       0x40 ./Core/Src/usb_cdc_wrapper.o
 .text.CDC_Itf_Init
                0x000000000800286c       0x2c ./Core/Src/usb_cdc_wrapper.o
 .text.usb_cdc_enqueue_tx
                0x0000000008002898        0x8 ./Core/Src/usb_cdc_wrapper.o
                0x0000000008002898                usb_cdc_enqueue_tx
 .text.CDC_Transmit_FS
                0x00000000080028a0       0x30 ./Core/Src/usb_cdc_wrapper.o
                0x00000000080028a0                CDC_Transmit_FS
 .text.usb_cdc_process
                0x00000000080028d0       0x68 ./Core/Src/usb_cdc_wrapper.o
                0x00000000080028d0                usb_cdc_process
 .text.USBD_FS_DeviceDescriptor
                0x0000000008002938        0xc ./Core/Src/usbd_composite_desc.o
                0x0000000008002938                USBD_FS_DeviceDescriptor
 .text.USBD_FS_LangIDStrDescriptor
                0x0000000008002944        0xc ./Core/Src/usbd_composite_desc.o
                0x0000000008002944                USBD_FS_LangIDStrDescriptor
 .text.IntTo_Unicode
                0x0000000008002950       0x38 ./Core/Src/usbd_composite_desc.o
 .text.Get_SerialNum
                0x0000000008002988       0x34 ./Core/Src/usbd_composite_desc.o
 .text.USBD_FS_SerialStrDescriptor
                0x00000000080029bc       0x14 ./Core/Src/usbd_composite_desc.o
                0x00000000080029bc                USBD_FS_SerialStrDescriptor
 .text.USBD_FS_ProductStrDescriptor
                0x00000000080029d0       0x24 ./Core/Src/usbd_composite_desc.o
                0x00000000080029d0                USBD_FS_ProductStrDescriptor
 .text.USBD_FS_ManufacturerStrDescriptor
                0x00000000080029f4       0x1c ./Core/Src/usbd_composite_desc.o
                0x00000000080029f4                USBD_FS_ManufacturerStrDescriptor
 .text.USBD_FS_ConfigStrDescriptor
                0x0000000008002a10       0x24 ./Core/Src/usbd_composite_desc.o
                0x0000000008002a10                USBD_FS_ConfigStrDescriptor
 .text.USBD_FS_InterfaceStrDescriptor
                0x0000000008002a34       0x50 ./Core/Src/usbd_composite_desc.o
                0x0000000008002a34                USBD_FS_InterfaceStrDescriptor
 .text.USBD_Composite_EP0_TxSent
                0x0000000008002a84       0x34 ./Core/Src/usbd_composite_wrapper.o
 .text.USBD_Composite_EP0_RxReady
                0x0000000008002ab8       0x24 ./Core/Src/usbd_composite_wrapper.o
 .text.USBD_Composite_DataIn
                0x0000000008002adc       0x3c ./Core/Src/usbd_composite_wrapper.o
 .text.USBD_Composite_DataOut
                0x0000000008002b18       0x20 ./Core/Src/usbd_composite_wrapper.o
 .text.USBD_Composite_SOF
                0x0000000008002b38       0x28 ./Core/Src/usbd_composite_wrapper.o
 .text.USBD_Composite_GetFSConfigDescriptor
                0x0000000008002b60        0xc ./Core/Src/usbd_composite_wrapper.o
 .text.USBD_Composite_GetHSConfigDescriptor
                0x0000000008002b6c       0x10 ./Core/Src/usbd_composite_wrapper.o
 .text.USBD_Composite_GetDeviceQualifierDescriptor
                0x0000000008002b7c        0x8 ./Core/Src/usbd_composite_wrapper.o
 .text.USBD_Composite_Setup
                0x0000000008002b84       0x48 ./Core/Src/usbd_composite_wrapper.o
 .text.USBD_Composite_DeInit
                0x0000000008002bcc       0x3c ./Core/Src/usbd_composite_wrapper.o
 .text.USBD_Composite_Init
                0x0000000008002c08       0x70 ./Core/Src/usbd_composite_wrapper.o
 .text.Reset_Handler
                0x0000000008002c78       0x48 ./Core/Startup/startup_stm32f103c8tx.o
                0x0000000008002c78                Reset_Handler
 .text.Default_Handler
                0x0000000008002cc0        0x2 ./Core/Startup/startup_stm32f103c8tx.o
                0x0000000008002cc0                RTC_Alarm_IRQHandler
                0x0000000008002cc0                EXTI2_IRQHandler
                0x0000000008002cc0                TIM1_CC_IRQHandler
                0x0000000008002cc0                PVD_IRQHandler
                0x0000000008002cc0                EXTI3_IRQHandler
                0x0000000008002cc0                EXTI0_IRQHandler
                0x0000000008002cc0                I2C2_EV_IRQHandler
                0x0000000008002cc0                ADC1_2_IRQHandler
                0x0000000008002cc0                SPI1_IRQHandler
                0x0000000008002cc0                TAMPER_IRQHandler
                0x0000000008002cc0                DMA1_Channel4_IRQHandler
                0x0000000008002cc0                RTC_IRQHandler
                0x0000000008002cc0                DMA1_Channel7_IRQHandler
                0x0000000008002cc0                CAN1_RX1_IRQHandler
                0x0000000008002cc0                TIM4_IRQHandler
                0x0000000008002cc0                I2C1_EV_IRQHandler
                0x0000000008002cc0                DMA1_Channel6_IRQHandler
                0x0000000008002cc0                TIM3_IRQHandler
                0x0000000008002cc0                RCC_IRQHandler
                0x0000000008002cc0                TIM1_TRG_COM_IRQHandler
                0x0000000008002cc0                Default_Handler
                0x0000000008002cc0                EXTI15_10_IRQHandler
                0x0000000008002cc0                EXTI9_5_IRQHandler
                0x0000000008002cc0                SPI2_IRQHandler
                0x0000000008002cc0                DMA1_Channel5_IRQHandler
                0x0000000008002cc0                EXTI4_IRQHandler
                0x0000000008002cc0                USB_HP_CAN1_TX_IRQHandler
                0x0000000008002cc0                TIM1_UP_IRQHandler
                0x0000000008002cc0                WWDG_IRQHandler
                0x0000000008002cc0                TIM2_IRQHandler
                0x0000000008002cc0                TIM1_BRK_IRQHandler
                0x0000000008002cc0                EXTI1_IRQHandler
                0x0000000008002cc0                USART2_IRQHandler
                0x0000000008002cc0                I2C2_ER_IRQHandler
                0x0000000008002cc0                DMA1_Channel2_IRQHandler
                0x0000000008002cc0                CAN1_SCE_IRQHandler
                0x0000000008002cc0                FLASH_IRQHandler
                0x0000000008002cc0                USART1_IRQHandler
                0x0000000008002cc0                I2C1_ER_IRQHandler
                0x0000000008002cc0                USBWakeUp_IRQHandler
 *fill*         0x0000000008002cc2        0x2 
 .text.HAL_InitTick
                0x0000000008002cc4       0x4c ./Drivers/STM32F1xx_HAL_Driver/Src/stm32f1xx_hal.o
                0x0000000008002cc4                HAL_InitTick
 .text.HAL_Init
                0x0000000008002d10       0x24 ./Drivers/STM32F1xx_HAL_Driver/Src/stm32f1xx_hal.o
                0x0000000008002d10                HAL_Init
 .text.HAL_IncTick
                0x0000000008002d34       0x18 ./Drivers/STM32F1xx_HAL_Driver/Src/stm32f1xx_hal.o
                0x0000000008002d34                HAL_IncTick
 .text.HAL_GetTick
                0x0000000008002d4c        0xc ./Drivers/STM32F1xx_HAL_Driver/Src/stm32f1xx_hal.o
                0x0000000008002d4c                HAL_GetTick
 .text.HAL_Delay
                0x0000000008002d58       0x28 ./Drivers/STM32F1xx_HAL_Driver/Src/stm32f1xx_hal.o
                0x0000000008002d58                HAL_Delay
 .text.ADC_DMAConvCplt
                0x0000000008002d80       0x52 ./Drivers/STM32F1xx_HAL_Driver/Src/stm32f1xx_hal_adc.o
                0x0000000008002d80                ADC_DMAConvCplt
 .text.ADC_DMAHalfConvCplt
                0x0000000008002dd2        0xa ./Drivers/STM32F1xx_HAL_Driver/Src/stm32f1xx_hal_adc.o
                0x0000000008002dd2                ADC_DMAHalfConvCplt
 .text.HAL_ADC_ErrorCallback
                0x0000000008002ddc        0x2 ./Drivers/STM32F1xx_HAL_Driver/Src/stm32f1xx_hal_adc.o
                0x0000000008002ddc                HAL_ADC_ErrorCallback
 .text.ADC_DMAError
                0x0000000008002dde       0x1a ./Drivers/STM32F1xx_HAL_Driver/Src/stm32f1xx_hal_adc.o
                0x0000000008002dde                ADC_DMAError
 .text.HAL_ADC_ConfigChannel
                0x0000000008002df8      0x138 ./Drivers/STM32F1xx_HAL_Driver/Src/stm32f1xx_hal_adc.o
                0x0000000008002df8                HAL_ADC_ConfigChannel
 .text.ADC_Enable
                0x0000000008002f30       0x88 ./Drivers/STM32F1xx_HAL_Driver/Src/stm32f1xx_hal_adc.o
                0x0000000008002f30                ADC_Enable
 .text.HAL_ADC_Start_DMA
                0x0000000008002fb8      0x130 ./Drivers/STM32F1xx_HAL_Driver/Src/stm32f1xx_hal_adc.o
                0x0000000008002fb8                HAL_ADC_Start_DMA
 .text.ADC_ConversionStop_Disable
                0x00000000080030e8       0x56 ./Drivers/STM32F1xx_HAL_Driver/Src/stm32f1xx_hal_adc.o
                0x00000000080030e8                ADC_ConversionStop_Disable
 *fill*         0x000000000800313e        0x2 
 .text.HAL_ADC_Init
                0x0000000008003140      0x108 ./Drivers/STM32F1xx_HAL_Driver/Src/stm32f1xx_hal_adc.o
                0x0000000008003140                HAL_ADC_Init
 .text.HAL_NVIC_SetPriorityGrouping
                0x0000000008003248       0x24 ./Drivers/STM32F1xx_HAL_Driver/Src/stm32f1xx_hal_cortex.o
                0x0000000008003248                HAL_NVIC_SetPriorityGrouping
 .text.HAL_NVIC_SetPriority
                0x000000000800326c       0x68 ./Drivers/STM32F1xx_HAL_Driver/Src/stm32f1xx_hal_cortex.o
                0x000000000800326c                HAL_NVIC_SetPriority
 .text.HAL_NVIC_EnableIRQ
                0x00000000080032d4       0x1c ./Drivers/STM32F1xx_HAL_Driver/Src/stm32f1xx_hal_cortex.o
                0x00000000080032d4                HAL_NVIC_EnableIRQ
 .text.HAL_SYSTICK_Config
                0x00000000080032f0       0x2c ./Drivers/STM32F1xx_HAL_Driver/Src/stm32f1xx_hal_cortex.o
                0x00000000080032f0                HAL_SYSTICK_Config
 .text.DMA_SetConfig
                0x000000000800331c       0x2c ./Drivers/STM32F1xx_HAL_Driver/Src/stm32f1xx_hal_dma.o
 .text.HAL_DMA_Init
                0x0000000008003348       0x6c ./Drivers/STM32F1xx_HAL_Driver/Src/stm32f1xx_hal_dma.o
                0x0000000008003348                HAL_DMA_Init
 .text.HAL_DMA_Start_IT
                0x00000000080033b4       0x76 ./Drivers/STM32F1xx_HAL_Driver/Src/stm32f1xx_hal_dma.o
                0x00000000080033b4                HAL_DMA_Start_IT
 .text.HAL_DMA_Abort
                0x000000000800342a       0x46 ./Drivers/STM32F1xx_HAL_Driver/Src/stm32f1xx_hal_dma.o
                0x000000000800342a                HAL_DMA_Abort
 .text.HAL_DMA_Abort_IT
                0x0000000008003470       0x98 ./Drivers/STM32F1xx_HAL_Driver/Src/stm32f1xx_hal_dma.o
                0x0000000008003470                HAL_DMA_Abort_IT
 .text.HAL_DMA_IRQHandler
                0x0000000008003508      0x144 ./Drivers/STM32F1xx_HAL_Driver/Src/stm32f1xx_hal_dma.o
                0x0000000008003508                HAL_DMA_IRQHandler
 .text.FLASH_Program_HalfWord
                0x000000000800364c       0x1c ./Drivers/STM32F1xx_HAL_Driver/Src/stm32f1xx_hal_flash.o
 .text.FLASH_SetErrorCode
                0x0000000008003668       0x70 ./Drivers/STM32F1xx_HAL_Driver/Src/stm32f1xx_hal_flash.o
 .text.HAL_FLASH_Unlock
                0x00000000080036d8       0x34 ./Drivers/STM32F1xx_HAL_Driver/Src/stm32f1xx_hal_flash.o
                0x00000000080036d8                HAL_FLASH_Unlock
 .text.HAL_FLASH_Lock
                0x000000000800370c       0x14 ./Drivers/STM32F1xx_HAL_Driver/Src/stm32f1xx_hal_flash.o
                0x000000000800370c                HAL_FLASH_Lock
 .text.FLASH_WaitForLastOperation
                0x0000000008003720       0x68 ./Drivers/STM32F1xx_HAL_Driver/Src/stm32f1xx_hal_flash.o
                0x0000000008003720                FLASH_WaitForLastOperation
 .text.HAL_FLASH_Program
                0x0000000008003788       0x9c ./Drivers/STM32F1xx_HAL_Driver/Src/stm32f1xx_hal_flash.o
                0x0000000008003788                HAL_FLASH_Program
 .text.FLASH_MassErase
                0x0000000008003824       0x24 ./Drivers/STM32F1xx_HAL_Driver/Src/stm32f1xx_hal_flash_ex.o
 .text.FLASH_PageErase
                0x0000000008003848       0x24 ./Drivers/STM32F1xx_HAL_Driver/Src/stm32f1xx_hal_flash_ex.o
                0x0000000008003848                FLASH_PageErase
 .text.HAL_FLASHEx_Erase
                0x000000000800386c       0xa4 ./Drivers/STM32F1xx_HAL_Driver/Src/stm32f1xx_hal_flash_ex.o
                0x000000000800386c                HAL_FLASHEx_Erase
 .text.HAL_GPIO_Init
                0x0000000008003910      0x220 ./Drivers/STM32F1xx_HAL_Driver/Src/stm32f1xx_hal_gpio.o
                0x0000000008003910                HAL_GPIO_Init
 .text.HAL_GPIO_WritePin
                0x0000000008003b30        0xc ./Drivers/STM32F1xx_HAL_Driver/Src/stm32f1xx_hal_gpio.o
                0x0000000008003b30                HAL_GPIO_WritePin
 .text.HAL_PCD_EP_DB_Receive
                0x0000000008003b3c      0x116 ./Drivers/STM32F1xx_HAL_Driver/Src/stm32f1xx_hal_pcd.o
 .text.HAL_PCD_Init
                0x0000000008003c52       0xe6 ./Drivers/STM32F1xx_HAL_Driver/Src/stm32f1xx_hal_pcd.o
                0x0000000008003c52                HAL_PCD_Init
 .text.HAL_PCD_Start
                0x0000000008003d38       0x32 ./Drivers/STM32F1xx_HAL_Driver/Src/stm32f1xx_hal_pcd.o
                0x0000000008003d38                HAL_PCD_Start
 .text.HAL_PCD_EP_DB_Transmit
                0x0000000008003d6a      0x424 ./Drivers/STM32F1xx_HAL_Driver/Src/stm32f1xx_hal_pcd.o
 .text.PCD_EP_ISR_Handler
                0x000000000800418e      0x554 ./Drivers/STM32F1xx_HAL_Driver/Src/stm32f1xx_hal_pcd.o
 .text.HAL_PCD_SetAddress
                0x00000000080046e2       0x26 ./Drivers/STM32F1xx_HAL_Driver/Src/stm32f1xx_hal_pcd.o
                0x00000000080046e2                HAL_PCD_SetAddress
 .text.HAL_PCD_IRQHandler
                0x0000000008004708      0x1b0 ./Drivers/STM32F1xx_HAL_Driver/Src/stm32f1xx_hal_pcd.o
                0x0000000008004708                HAL_PCD_IRQHandler
 .text.HAL_PCD_EP_Open
                0x00000000080048b8       0x7a ./Drivers/STM32F1xx_HAL_Driver/Src/stm32f1xx_hal_pcd.o
                0x00000000080048b8                HAL_PCD_EP_Open
 .text.HAL_PCD_EP_Close
                0x0000000008004932       0x6c ./Drivers/STM32F1xx_HAL_Driver/Src/stm32f1xx_hal_pcd.o
                0x0000000008004932                HAL_PCD_EP_Close
 .text.HAL_PCD_EP_Receive
                0x000000000800499e       0x3a ./Drivers/STM32F1xx_HAL_Driver/Src/stm32f1xx_hal_pcd.o
                0x000000000800499e                HAL_PCD_EP_Receive
 .text.HAL_PCD_EP_GetRxCount
                0x00000000080049d8       0x12 ./Drivers/STM32F1xx_HAL_Driver/Src/stm32f1xx_hal_pcd.o
                0x00000000080049d8                HAL_PCD_EP_GetRxCount
 .text.HAL_PCD_EP_Transmit
                0x00000000080049ea       0x42 ./Drivers/STM32F1xx_HAL_Driver/Src/stm32f1xx_hal_pcd.o
                0x00000000080049ea                HAL_PCD_EP_Transmit
 .text.HAL_PCD_EP_SetStall
                0x0000000008004a2c       0x80 ./Drivers/STM32F1xx_HAL_Driver/Src/stm32f1xx_hal_pcd.o
                0x0000000008004a2c                HAL_PCD_EP_SetStall
 .text.HAL_PCD_EP_ClrStall
                0x0000000008004aac       0x7e ./Drivers/STM32F1xx_HAL_Driver/Src/stm32f1xx_hal_pcd.o
                0x0000000008004aac                HAL_PCD_EP_ClrStall
 .text.HAL_PCDEx_PMAConfig
                0x0000000008004b2a       0x38 ./Drivers/STM32F1xx_HAL_Driver/Src/stm32f1xx_hal_pcd_ex.o
                0x0000000008004b2a                HAL_PCDEx_PMAConfig
 *fill*         0x0000000008004b62        0x2 
 .text.RCC_Delay
                0x0000000008004b64       0x2c ./Drivers/STM32F1xx_HAL_Driver/Src/stm32f1xx_hal_rcc.o
 .text.HAL_RCC_OscConfig
                0x0000000008004b90      0x410 ./Drivers/STM32F1xx_HAL_Driver/Src/stm32f1xx_hal_rcc.o
                0x0000000008004b90                HAL_RCC_OscConfig
 .text.HAL_RCC_GetSysClockFreq
                0x0000000008004fa0       0x60 ./Drivers/STM32F1xx_HAL_Driver/Src/stm32f1xx_hal_rcc.o
                0x0000000008004fa0                HAL_RCC_GetSysClockFreq
 .text.HAL_RCC_ClockConfig
                0x0000000008005000      0x16c ./Drivers/STM32F1xx_HAL_Driver/Src/stm32f1xx_hal_rcc.o
                0x0000000008005000                HAL_RCC_ClockConfig
 .text.HAL_RCC_GetHCLKFreq
                0x000000000800516c        0xc ./Drivers/STM32F1xx_HAL_Driver/Src/stm32f1xx_hal_rcc.o
                0x000000000800516c                HAL_RCC_GetHCLKFreq
 .text.HAL_RCC_GetPCLK1Freq
                0x0000000008005178       0x20 ./Drivers/STM32F1xx_HAL_Driver/Src/stm32f1xx_hal_rcc.o
                0x0000000008005178                HAL_RCC_GetPCLK1Freq
 .text.HAL_RCC_GetPCLK2Freq
                0x0000000008005198       0x20 ./Drivers/STM32F1xx_HAL_Driver/Src/stm32f1xx_hal_rcc.o
                0x0000000008005198                HAL_RCC_GetPCLK2Freq
 .text.HAL_RCCEx_PeriphCLKConfig
                0x00000000080051b8      0x114 ./Drivers/STM32F1xx_HAL_Driver/Src/stm32f1xx_hal_rcc_ex.o
                0x00000000080051b8                HAL_RCCEx_PeriphCLKConfig
 .text.TIM_TI1_ConfigInputStage
                0x00000000080052cc       0x24 ./Drivers/STM32F1xx_HAL_Driver/Src/stm32f1xx_hal_tim.o
 .text.TIM_TI2_ConfigInputStage
                0x00000000080052f0       0x26 ./Drivers/STM32F1xx_HAL_Driver/Src/stm32f1xx_hal_tim.o
 .text.TIM_ITRx_SetConfig
                0x0000000008005316       0x10 ./Drivers/STM32F1xx_HAL_Driver/Src/stm32f1xx_hal_tim.o
 *fill*         0x0000000008005326        0x2 
 .text.HAL_TIM_Base_Start_IT
                0x0000000008005328       0x68 ./Drivers/STM32F1xx_HAL_Driver/Src/stm32f1xx_hal_tim.o
                0x0000000008005328                HAL_TIM_Base_Start_IT
 .text.TIM_Base_SetConfig
                0x0000000008005390       0x84 ./Drivers/STM32F1xx_HAL_Driver/Src/stm32f1xx_hal_tim.o
                0x0000000008005390                TIM_Base_SetConfig
 .text.HAL_TIM_Base_Init
                0x0000000008005414       0x58 ./Drivers/STM32F1xx_HAL_Driver/Src/stm32f1xx_hal_tim.o
                0x0000000008005414                HAL_TIM_Base_Init
 .text.TIM_ETR_SetConfig
                0x000000000800546c       0x16 ./Drivers/STM32F1xx_HAL_Driver/Src/stm32f1xx_hal_tim.o
                0x000000000800546c                TIM_ETR_SetConfig
 .text.HAL_TIM_ConfigClockSource
                0x0000000008005482       0xfe ./Drivers/STM32F1xx_HAL_Driver/Src/stm32f1xx_hal_tim.o
                0x0000000008005482                HAL_TIM_ConfigClockSource
 .text.HAL_TIMEx_MasterConfigSynchronization
                0x0000000008005580       0x68 ./Drivers/STM32F1xx_HAL_Driver/Src/stm32f1xx_hal_tim_ex.o
                0x0000000008005580                HAL_TIMEx_MasterConfigSynchronization
 .text.UART_EndRxTransfer
                0x00000000080055e8       0x5c ./Drivers/STM32F1xx_HAL_Driver/Src/stm32f1xx_hal_uart.o
 .text.UART_Transmit_IT
                0x0000000008005644       0x60 ./Drivers/STM32F1xx_HAL_Driver/Src/stm32f1xx_hal_uart.o
 .text.UART_SetConfig
                0x00000000080056a4       0x90 ./Drivers/STM32F1xx_HAL_Driver/Src/stm32f1xx_hal_uart.o
 .text.UART_WaitOnFlagUntilTimeout
                0x0000000008005734       0x86 ./Drivers/STM32F1xx_HAL_Driver/Src/stm32f1xx_hal_uart.o
 .text.HAL_UART_Init
                0x00000000080057ba       0x60 ./Drivers/STM32F1xx_HAL_Driver/Src/stm32f1xx_hal_uart.o
                0x00000000080057ba                HAL_UART_Init
 .text.HAL_UART_Transmit
                0x000000000800581a       0xcc ./Drivers/STM32F1xx_HAL_Driver/Src/stm32f1xx_hal_uart.o
                0x000000000800581a                HAL_UART_Transmit
 .text.HAL_UART_TxCpltCallback
                0x00000000080058e6        0x2 ./Drivers/STM32F1xx_HAL_Driver/Src/stm32f1xx_hal_uart.o
                0x00000000080058e6                HAL_UART_TxCpltCallback
 .text.UART_EndTransmit_IT
                0x00000000080058e8       0x1a ./Drivers/STM32F1xx_HAL_Driver/Src/stm32f1xx_hal_uart.o
 .text.UART_DMAAbortOnError
                0x0000000008005902       0x10 ./Drivers/STM32F1xx_HAL_Driver/Src/stm32f1xx_hal_uart.o
 .text.HAL_UARTEx_RxEventCallback
                0x0000000008005912        0x2 ./Drivers/STM32F1xx_HAL_Driver/Src/stm32f1xx_hal_uart.o
                0x0000000008005912                HAL_UARTEx_RxEventCallback
 .text.UART_Receive_IT
                0x0000000008005914       0xe6 ./Drivers/STM32F1xx_HAL_Driver/Src/stm32f1xx_hal_uart.o
 *fill*         0x00000000080059fa        0x2 
 .text.HAL_UART_IRQHandler
                0x00000000080059fc      0x288 ./Drivers/STM32F1xx_HAL_Driver/Src/stm32f1xx_hal_uart.o
                0x00000000080059fc                HAL_UART_IRQHandler
 .text.UART_Start_Receive_IT
                0x0000000008005c84       0x36 ./Drivers/STM32F1xx_HAL_Driver/Src/stm32f1xx_hal_uart.o
                0x0000000008005c84                UART_Start_Receive_IT
 .text.HAL_UART_Receive_IT
                0x0000000008005cba       0x26 ./Drivers/STM32F1xx_HAL_Driver/Src/stm32f1xx_hal_uart.o
                0x0000000008005cba                HAL_UART_Receive_IT
 .text.USB_CoreInit
                0x0000000008005ce0        0xe ./Drivers/STM32F1xx_HAL_Driver/Src/stm32f1xx_ll_usb.o
                0x0000000008005ce0                USB_CoreInit
 .text.USB_EnableGlobalInt
                0x0000000008005cee       0x12 ./Drivers/STM32F1xx_HAL_Driver/Src/stm32f1xx_ll_usb.o
                0x0000000008005cee                USB_EnableGlobalInt
 .text.USB_DisableGlobalInt
                0x0000000008005d00       0x14 ./Drivers/STM32F1xx_HAL_Driver/Src/stm32f1xx_ll_usb.o
                0x0000000008005d00                USB_DisableGlobalInt
 .text.USB_SetCurrentMode
                0x0000000008005d14        0x4 ./Drivers/STM32F1xx_HAL_Driver/Src/stm32f1xx_ll_usb.o
                0x0000000008005d14                USB_SetCurrentMode
 .text.USB_DevInit
                0x0000000008005d18       0x26 ./Drivers/STM32F1xx_HAL_Driver/Src/stm32f1xx_ll_usb.o
                0x0000000008005d18                USB_DevInit
 .text.USB_ActivateEndpoint
                0x0000000008005d3e      0x38e ./Drivers/STM32F1xx_HAL_Driver/Src/stm32f1xx_ll_usb.o
                0x0000000008005d3e                USB_ActivateEndpoint
 .text.USB_DeactivateEndpoint
                0x00000000080060cc      0x1d4 ./Drivers/STM32F1xx_HAL_Driver/Src/stm32f1xx_ll_usb.o
                0x00000000080060cc                USB_DeactivateEndpoint
 .text.USB_EPSetStall
                0x00000000080062a0       0x4a ./Drivers/STM32F1xx_HAL_Driver/Src/stm32f1xx_ll_usb.o
                0x00000000080062a0                USB_EPSetStall
 .text.USB_EPClearStall
                0x00000000080062ea       0xa2 ./Drivers/STM32F1xx_HAL_Driver/Src/stm32f1xx_ll_usb.o
                0x00000000080062ea                USB_EPClearStall
 .text.USB_SetDevAddress
                0x000000000800638c        0xc ./Drivers/STM32F1xx_HAL_Driver/Src/stm32f1xx_ll_usb.o
                0x000000000800638c                USB_SetDevAddress
 .text.USB_DevConnect
                0x0000000008006398        0x4 ./Drivers/STM32F1xx_HAL_Driver/Src/stm32f1xx_ll_usb.o
                0x0000000008006398                USB_DevConnect
 .text.USB_DevDisconnect
                0x000000000800639c        0x4 ./Drivers/STM32F1xx_HAL_Driver/Src/stm32f1xx_ll_usb.o
                0x000000000800639c                USB_DevDisconnect
 .text.USB_ReadInterrupts
                0x00000000080063a0        0x8 ./Drivers/STM32F1xx_HAL_Driver/Src/stm32f1xx_ll_usb.o
                0x00000000080063a0                USB_ReadInterrupts
 .text.USB_EP0_OutStart
                0x00000000080063a8        0x4 ./Drivers/STM32F1xx_HAL_Driver/Src/stm32f1xx_ll_usb.o
                0x00000000080063a8                USB_EP0_OutStart
 .text.USB_WritePMA
                0x00000000080063ac       0x26 ./Drivers/STM32F1xx_HAL_Driver/Src/stm32f1xx_ll_usb.o
                0x00000000080063ac                USB_WritePMA
 .text.USB_EPStartXfer
                0x00000000080063d2      0x7ce ./Drivers/STM32F1xx_HAL_Driver/Src/stm32f1xx_ll_usb.o
                0x00000000080063d2                USB_EPStartXfer
 .text.USB_ReadPMA
                0x0000000008006ba0       0x2e ./Drivers/STM32F1xx_HAL_Driver/Src/stm32f1xx_ll_usb.o
                0x0000000008006ba0                USB_ReadPMA
 *fill*         0x0000000008006bce        0x2 
 .text.USBD_HID_GetFSCfgDesc
                0x0000000008006bd0        0xc ./Middlewares/ST/STM32_USB_Device_Library/Class/HID/Src/usbd_hid.o
 .text.USBD_HID_GetHSCfgDesc
                0x0000000008006bdc        0xc ./Middlewares/ST/STM32_USB_Device_Library/Class/HID/Src/usbd_hid.o
 .text.USBD_HID_GetOtherSpeedCfgDesc
                0x0000000008006be8        0xc ./Middlewares/ST/STM32_USB_Device_Library/Class/HID/Src/usbd_hid.o
 .text.USBD_HID_DataIn
                0x0000000008006bf4        0xa ./Middlewares/ST/STM32_USB_Device_Library/Class/HID/Src/usbd_hid.o
 *fill*         0x0000000008006bfe        0x2 
 .text.USBD_HID_GetDeviceQualifierDesc
                0x0000000008006c00        0xc ./Middlewares/ST/STM32_USB_Device_Library/Class/HID/Src/usbd_hid.o
 .text.USBD_HID_Setup
                0x0000000008006c0c      0x114 ./Middlewares/ST/STM32_USB_Device_Library/Class/HID/Src/usbd_hid.o
 .text.USBD_HID_DeInit
                0x0000000008006d20       0x1e ./Middlewares/ST/STM32_USB_Device_Library/Class/HID/Src/usbd_hid.o
 .text.USBD_HID_Init
                0x0000000008006d3e       0x1c ./Middlewares/ST/STM32_USB_Device_Library/Class/HID/Src/usbd_hid.o
 .text.USBD_HID_SendReport
                0x0000000008006d5a       0x28 ./Middlewares/ST/STM32_USB_Device_Library/Class/HID/Src/usbd_hid.o
                0x0000000008006d5a                USBD_HID_SendReport
 .text.USBD_Init
                0x0000000008006d82       0x2e ./Middlewares/ST/STM32_USB_Device_Library/Core/Src/usbd_core.o
                0x0000000008006d82                USBD_Init
 .text.USBD_RegisterClass
                0x0000000008006db0        0xe ./Middlewares/ST/STM32_USB_Device_Library/Core/Src/usbd_core.o
                0x0000000008006db0                USBD_RegisterClass
 .text.USBD_Start
                0x0000000008006dbe        0xa ./Middlewares/ST/STM32_USB_Device_Library/Core/Src/usbd_core.o
                0x0000000008006dbe                USBD_Start
 .text.USBD_SetClassConfig
                0x0000000008006dc8       0x18 ./Middlewares/ST/STM32_USB_Device_Library/Core/Src/usbd_core.o
                0x0000000008006dc8                USBD_SetClassConfig
 .text.USBD_ClrClassConfig
                0x0000000008006de0        0xe ./Middlewares/ST/STM32_USB_Device_Library/Core/Src/usbd_core.o
                0x0000000008006de0                USBD_ClrClassConfig
 .text.USBD_LL_SetupStage
                0x0000000008006dee       0x5a ./Middlewares/ST/STM32_USB_Device_Library/Core/Src/usbd_core.o
                0x0000000008006dee                USBD_LL_SetupStage
 .text.USBD_LL_DataOutStage
                0x0000000008006e48       0x8c ./Middlewares/ST/STM32_USB_Device_Library/Core/Src/usbd_core.o
                0x0000000008006e48                USBD_LL_DataOutStage
 .text.USBD_LL_DataInStage
                0x0000000008006ed4       0xd0 ./Middlewares/ST/STM32_USB_Device_Library/Core/Src/usbd_core.o
                0x0000000008006ed4                USBD_LL_DataInStage
 .text.USBD_LL_Reset
                0x0000000008006fa4       0x50 ./Middlewares/ST/STM32_USB_Device_Library/Core/Src/usbd_core.o
                0x0000000008006fa4                USBD_LL_Reset
 .text.USBD_LL_SetSpeed
                0x0000000008006ff4        0x6 ./Middlewares/ST/STM32_USB_Device_Library/Core/Src/usbd_core.o
                0x0000000008006ff4                USBD_LL_SetSpeed
 .text.USBD_LL_Suspend
                0x0000000008006ffa       0x12 ./Middlewares/ST/STM32_USB_Device_Library/Core/Src/usbd_core.o
                0x0000000008006ffa                USBD_LL_Suspend
 .text.USBD_LL_Resume
                0x000000000800700c       0x16 ./Middlewares/ST/STM32_USB_Device_Library/Core/Src/usbd_core.o
                0x000000000800700c                USBD_LL_Resume
 .text.USBD_LL_SOF
                0x0000000008007022       0x1c ./Middlewares/ST/STM32_USB_Device_Library/Core/Src/usbd_core.o
                0x0000000008007022                USBD_LL_SOF
 .text.USBD_GetLen
                0x000000000800703e       0x12 ./Middlewares/ST/STM32_USB_Device_Library/Core/Src/usbd_ctlreq.o
 .text.USBD_SetFeature
                0x0000000008007050       0x14 ./Middlewares/ST/STM32_USB_Device_Library/Core/Src/usbd_ctlreq.o
 .text.USBD_ParseSetupRequest
                0x0000000008007064       0x28 ./Middlewares/ST/STM32_USB_Device_Library/Core/Src/usbd_ctlreq.o
                0x0000000008007064                USBD_ParseSetupRequest
 .text.USBD_CtlError
                0x000000000800708c       0x14 ./Middlewares/ST/STM32_USB_Device_Library/Core/Src/usbd_ctlreq.o
                0x000000000800708c                USBD_CtlError
 .text.USBD_GetDescriptor
                0x00000000080070a0      0x186 ./Middlewares/ST/STM32_USB_Device_Library/Core/Src/usbd_ctlreq.o
 .text.USBD_SetAddress
                0x0000000008007226       0x4e ./Middlewares/ST/STM32_USB_Device_Library/Core/Src/usbd_ctlreq.o
 .text.USBD_SetConfig
                0x0000000008007274       0xb0 ./Middlewares/ST/STM32_USB_Device_Library/Core/Src/usbd_ctlreq.o
 .text.USBD_GetConfig
                0x0000000008007324       0x3e ./Middlewares/ST/STM32_USB_Device_Library/Core/Src/usbd_ctlreq.o
 .text.USBD_GetStatus
                0x0000000008007362       0x38 ./Middlewares/ST/STM32_USB_Device_Library/Core/Src/usbd_ctlreq.o
 .text.USBD_ClrFeature
                0x000000000800739a       0x26 ./Middlewares/ST/STM32_USB_Device_Library/Core/Src/usbd_ctlreq.o
 .text.USBD_StdDevReq
                0x00000000080073c0       0x68 ./Middlewares/ST/STM32_USB_Device_Library/Core/Src/usbd_ctlreq.o
                0x00000000080073c0                USBD_StdDevReq
 .text.USBD_StdItfReq
                0x0000000008007428       0x60 ./Middlewares/ST/STM32_USB_Device_Library/Core/Src/usbd_ctlreq.o
                0x0000000008007428                USBD_StdItfReq
 .text.USBD_StdEPReq
                0x0000000008007488      0x1e2 ./Middlewares/ST/STM32_USB_Device_Library/Core/Src/usbd_ctlreq.o
                0x0000000008007488                USBD_StdEPReq
 .text.USBD_GetString
                0x000000000800766a       0x38 ./Middlewares/ST/STM32_USB_Device_Library/Core/Src/usbd_ctlreq.o
                0x000000000800766a                USBD_GetString
 .text.USBD_CtlSendData
                0x00000000080076a2       0x1a ./Middlewares/ST/STM32_USB_Device_Library/Core/Src/usbd_ioreq.o
                0x00000000080076a2                USBD_CtlSendData
 .text.USBD_CtlContinueSendData
                0x00000000080076bc       0x10 ./Middlewares/ST/STM32_USB_Device_Library/Core/Src/usbd_ioreq.o
                0x00000000080076bc                USBD_CtlContinueSendData
 .text.USBD_CtlPrepareRx
                0x00000000080076cc       0x1e ./Middlewares/ST/STM32_USB_Device_Library/Core/Src/usbd_ioreq.o
                0x00000000080076cc                USBD_CtlPrepareRx
 .text.USBD_CtlContinueRx
                0x00000000080076ea       0x10 ./Middlewares/ST/STM32_USB_Device_Library/Core/Src/usbd_ioreq.o
                0x00000000080076ea                USBD_CtlContinueRx
 .text.USBD_CtlSendStatus
                0x00000000080076fa       0x16 ./Middlewares/ST/STM32_USB_Device_Library/Core/Src/usbd_ioreq.o
                0x00000000080076fa                USBD_CtlSendStatus
 .text.USBD_CtlReceiveStatus
                0x0000000008007710       0x16 ./Middlewares/ST/STM32_USB_Device_Library/Core/Src/usbd_ioreq.o
                0x0000000008007710                USBD_CtlReceiveStatus
 *fill*         0x0000000008007726        0x2 
 .text.MX_USB_DEVICE_Init
                0x0000000008007728       0x54 ./USB_DEVICE/App/usb_device.o
                0x0000000008007728                MX_USB_DEVICE_Init
 .text.USBD_CDC_EP0_RxReady
                0x000000000800777c       0x28 ./USB_DEVICE/App/usbd_cdc.o
 .text.USBD_CDC_GetFSCfgDesc
                0x00000000080077a4        0xc ./USB_DEVICE/App/usbd_cdc.o
 .text.USBD_CDC_GetHSCfgDesc
                0x00000000080077b0        0xc ./USB_DEVICE/App/usbd_cdc.o
 .text.USBD_CDC_GetOtherSpeedCfgDesc
                0x00000000080077bc        0xc ./USB_DEVICE/App/usbd_cdc.o
 .text.USBD_CDC_GetDeviceQualifierDescriptor
                0x00000000080077c8        0xc ./USB_DEVICE/App/usbd_cdc.o
                0x00000000080077c8                USBD_CDC_GetDeviceQualifierDescriptor
 .text.USBD_CDC_DataOut
                0x00000000080077d4       0x2e ./USB_DEVICE/App/usbd_cdc.o
 .text.USBD_CDC_DataIn
                0x0000000008007802       0x52 ./USB_DEVICE/App/usbd_cdc.o
 .text.USBD_CDC_Setup
                0x0000000008007854       0xd6 ./USB_DEVICE/App/usbd_cdc.o
 .text.USBD_CDC_DeInit
                0x000000000800792a       0x3a ./USB_DEVICE/App/usbd_cdc.o
 .text.USBD_CDC_Init
                0x0000000008007964       0x98 ./USB_DEVICE/App/usbd_cdc.o
 .text.USBD_CDC_RegisterInterface
                0x00000000080079fc        0xe ./USB_DEVICE/App/usbd_cdc.o
                0x00000000080079fc                USBD_CDC_RegisterInterface
 .text.USBD_CDC_SetTxBuffer
                0x0000000008007a0a       0x10 ./USB_DEVICE/App/usbd_cdc.o
                0x0000000008007a0a                USBD_CDC_SetTxBuffer
 .text.USBD_CDC_SetRxBuffer
                0x0000000008007a1a        0xc ./USB_DEVICE/App/usbd_cdc.o
                0x0000000008007a1a                USBD_CDC_SetRxBuffer
 .text.USBD_CDC_TransmitPacket
                0x0000000008007a26       0x38 ./USB_DEVICE/App/usbd_cdc.o
                0x0000000008007a26                USBD_CDC_TransmitPacket
 .text.USBD_CDC_ReceivePacket
                0x0000000008007a5e       0x34 ./USB_DEVICE/App/usbd_cdc.o
                0x0000000008007a5e                USBD_CDC_ReceivePacket
 .text.USBD_Get_USB_Status
                0x0000000008007a92       0x14 ./USB_DEVICE/Target/usbd_conf.o
 *fill*         0x0000000008007aa6        0x2 
 .text.HAL_PCD_MspInit
                0x0000000008007aa8       0x40 ./USB_DEVICE/Target/usbd_conf.o
                0x0000000008007aa8                HAL_PCD_MspInit
 .text.HAL_PCD_SetupStageCallback
                0x0000000008007ae8       0x10 ./USB_DEVICE/Target/usbd_conf.o
                0x0000000008007ae8                HAL_PCD_SetupStageCallback
 .text.HAL_PCD_DataOutStageCallback
                0x0000000008007af8       0x18 ./USB_DEVICE/Target/usbd_conf.o
                0x0000000008007af8                HAL_PCD_DataOutStageCallback
 .text.HAL_PCD_DataInStageCallback
                0x0000000008007b10       0x16 ./USB_DEVICE/Target/usbd_conf.o
                0x0000000008007b10                HAL_PCD_DataInStageCallback
 .text.HAL_PCD_SOFCallback
                0x0000000008007b26        0xc ./USB_DEVICE/Target/usbd_conf.o
                0x0000000008007b26                HAL_PCD_SOFCallback
 .text.HAL_PCD_ResetCallback
                0x0000000008007b32       0x24 ./USB_DEVICE/Target/usbd_conf.o
                0x0000000008007b32                HAL_PCD_ResetCallback
 *fill*         0x0000000008007b56        0x2 
 .text.HAL_PCD_SuspendCallback
                0x0000000008007b58       0x20 ./USB_DEVICE/Target/usbd_conf.o
                0x0000000008007b58                HAL_PCD_SuspendCallback
 .text.HAL_PCD_ResumeCallback
                0x0000000008007b78        0xc ./USB_DEVICE/Target/usbd_conf.o
                0x0000000008007b78                HAL_PCD_ResumeCallback
 .text.USBD_LL_Init
                0x0000000008007b84       0x94 ./USB_DEVICE/Target/usbd_conf.o
                0x0000000008007b84                USBD_LL_Init
 .text.USBD_LL_Start
                0x0000000008007c18       0x10 ./USB_DEVICE/Target/usbd_conf.o
                0x0000000008007c18                USBD_LL_Start
 .text.USBD_LL_OpenEP
                0x0000000008007c28       0x16 ./USB_DEVICE/Target/usbd_conf.o
                0x0000000008007c28                USBD_LL_OpenEP
 .text.USBD_LL_CloseEP
                0x0000000008007c3e       0x10 ./USB_DEVICE/Target/usbd_conf.o
                0x0000000008007c3e                USBD_LL_CloseEP
 .text.USBD_LL_StallEP
                0x0000000008007c4e       0x10 ./USB_DEVICE/Target/usbd_conf.o
                0x0000000008007c4e                USBD_LL_StallEP
 .text.USBD_LL_ClearStallEP
                0x0000000008007c5e       0x10 ./USB_DEVICE/Target/usbd_conf.o
                0x0000000008007c5e                USBD_LL_ClearStallEP
 .text.USBD_LL_IsStallEP
                0x0000000008007c6e       0x2c ./USB_DEVICE/Target/usbd_conf.o
                0x0000000008007c6e                USBD_LL_IsStallEP
 .text.USBD_LL_SetUSBAddress
                0x0000000008007c9a       0x10 ./USB_DEVICE/Target/usbd_conf.o
                0x0000000008007c9a                USBD_LL_SetUSBAddress
 .text.USBD_LL_Transmit
                0x0000000008007caa       0x10 ./USB_DEVICE/Target/usbd_conf.o
                0x0000000008007caa                USBD_LL_Transmit
 .text.USBD_LL_PrepareReceive
                0x0000000008007cba       0x10 ./USB_DEVICE/Target/usbd_conf.o
                0x0000000008007cba                USBD_LL_PrepareReceive
 .text.USBD_LL_GetRxDataSize
                0x0000000008007cca        0xc ./USB_DEVICE/Target/usbd_conf.o
                0x0000000008007cca                USBD_LL_GetRxDataSize
 *fill*         0x0000000008007cd6        0x2 
 .text.USBD_static_malloc
                0x0000000008007cd8        0x8 ./USB_DEVICE/Target/usbd_conf.o
                0x0000000008007cd8                USBD_static_malloc
 .text.USBD_static_free
                0x0000000008007ce0        0x2 ./USB_DEVICE/Target/usbd_conf.o
                0x0000000008007ce0                USBD_static_free
 .text.HAL_PCDEx_SetConnectionState
                0x0000000008007ce2        0x2 ./USB_DEVICE/Target/usbd_conf.o
                0x0000000008007ce2                HAL_PCDEx_SetConnectionState
 .text.__errno  0x0000000008007ce4        0xc c:/st/stm32cubeide_1.7.0/stm32cubeide/plugins/com.st.stm32cube.ide.mcu.externaltools.gnu-tools-for-stm32.9-2020-q2-update.win32_2.0.0.202105311346/tools/bin/../lib/gcc/arm-none-eabi/9.3.1/../../../../arm-none-eabi/lib/thumb/v7-m/nofp\libc_nano.a(lib_a-errno.o)
                0x0000000008007ce4                __errno
 .text.__libc_init_array
                0x0000000008007cf0       0x48 c:/st/stm32cubeide_1.7.0/stm32cubeide/plugins/com.st.stm32cube.ide.mcu.externaltools.gnu-tools-for-stm32.9-2020-q2-update.win32_2.0.0.202105311346/tools/bin/../lib/gcc/arm-none-eabi/9.3.1/../../../../arm-none-eabi/lib/thumb/v7-m/nofp\libc_nano.a(lib_a-init.o)
                0x0000000008007cf0                __libc_init_array
 .text.memcpy   0x0000000008007d38       0x1c c:/st/stm32cubeide_1.7.0/stm32cubeide/plugins/com.st.stm32cube.ide.mcu.externaltools.gnu-tools-for-stm32.9-2020-q2-update.win32_2.0.0.202105311346/tools/bin/../lib/gcc/arm-none-eabi/9.3.1/../../../../arm-none-eabi/lib/thumb/v7-m/nofp\libc_nano.a(lib_a-memcpy-stub.o)
                0x0000000008007d38                memcpy
 .text.memset   0x0000000008007d54       0x10 c:/st/stm32cubeide_1.7.0/stm32cubeide/plugins/com.st.stm32cube.ide.mcu.externaltools.gnu-tools-for-stm32.9-2020-q2-update.win32_2.0.0.202105311346/tools/bin/../lib/gcc/arm-none-eabi/9.3.1/../../../../arm-none-eabi/lib/thumb/v7-m/nofp\libc_nano.a(lib_a-memset.o)
                0x0000000008007d54                memset
 .text.snprintf
                0x0000000008007d64       0x68 c:/st/stm32cubeide_1.7.0/stm32cubeide/plugins/com.st.stm32cube.ide.mcu.externaltools.gnu-tools-for-stm32.9-2020-q2-update.win32_2.0.0.202105311346/tools/bin/../lib/gcc/arm-none-eabi/9.3.1/../../../../arm-none-eabi/lib/thumb/v7-m/nofp\libc_nano.a(lib_a-snprintf.o)
                0x0000000008007d64                sniprintf
                0x0000000008007d64                snprintf
 .text.strchr   0x0000000008007dcc       0x1a c:/st/stm32cubeide_1.7.0/stm32cubeide/plugins/com.st.stm32cube.ide.mcu.externaltools.gnu-tools-for-stm32.9-2020-q2-update.win32_2.0.0.202105311346/tools/bin/../lib/gcc/arm-none-eabi/9.3.1/../../../../arm-none-eabi/lib/thumb/v7-m/nofp\libc_nano.a(lib_a-strchr.o)
                0x0000000008007dcc                strchr
 .text.strncmp  0x0000000008007de6       0x24 c:/st/stm32cubeide_1.7.0/stm32cubeide/plugins/com.st.stm32cube.ide.mcu.externaltools.gnu-tools-for-stm32.9-2020-q2-update.win32_2.0.0.202105311346/tools/bin/../lib/gcc/arm-none-eabi/9.3.1/../../../../arm-none-eabi/lib/thumb/v7-m/nofp\libc_nano.a(lib_a-strncmp.o)
                0x0000000008007de6                strncmp
 .text.__ssputs_r
                0x0000000008007e0a       0xb6 c:/st/stm32cubeide_1.7.0/stm32cubeide/plugins/com.st.stm32cube.ide.mcu.externaltools.gnu-tools-for-stm32.9-2020-q2-update.win32_2.0.0.202105311346/tools/bin/../lib/gcc/arm-none-eabi/9.3.1/../../../../arm-none-eabi/lib/thumb/v7-m/nofp\libc_nano.a(lib_a-nano-svfprintf.o)
                0x0000000008007e0a                __ssputs_r
 .text._svfprintf_r
                0x0000000008007ec0      0x200 c:/st/stm32cubeide_1.7.0/stm32cubeide/plugins/com.st.stm32cube.ide.mcu.externaltools.gnu-tools-for-stm32.9-2020-q2-update.win32_2.0.0.202105311346/tools/bin/../lib/gcc/arm-none-eabi/9.3.1/../../../../arm-none-eabi/lib/thumb/v7-m/nofp\libc_nano.a(lib_a-nano-svfprintf.o)
                0x0000000008007ec0                _svfiprintf_r
                0x0000000008007ec0                _svfprintf_r
 .text._printf_common
                0x00000000080080c0       0xde c:/st/stm32cubeide_1.7.0/stm32cubeide/plugins/com.st.stm32cube.ide.mcu.externaltools.gnu-tools-for-stm32.9-2020-q2-update.win32_2.0.0.202105311346/tools/bin/../lib/gcc/arm-none-eabi/9.3.1/../../../../arm-none-eabi/lib/thumb/v7-m/nofp\libc_nano.a(lib_a-nano-vfprintf_i.o)
                0x00000000080080c0                _printf_common
 *fill*         0x000000000800819e        0x2 
 .text._printf_i
                0x00000000080081a0      0x24c c:/st/stm32cubeide_1.7.0/stm32cubeide/plugins/com.st.stm32cube.ide.mcu.externaltools.gnu-tools-for-stm32.9-2020-q2-update.win32_2.0.0.202105311346/tools/bin/../lib/gcc/arm-none-eabi/9.3.1/../../../../arm-none-eabi/lib/thumb/v7-m/nofp\libc_nano.a(lib_a-nano-vfprintf_i.o)
                0x00000000080081a0                _printf_i
 .text.memchr   0x00000000080083ec       0x1c c:/st/stm32cubeide_1.7.0/stm32cubeide/plugins/com.st.stm32cube.ide.mcu.externaltools.gnu-tools-for-stm32.9-2020-q2-update.win32_2.0.0.202105311346/tools/bin/../lib/gcc/arm-none-eabi/9.3.1/../../../../arm-none-eabi/lib/thumb/v7-m/nofp\libc_nano.a(lib_a-memchr-stub.o)
                0x00000000080083ec                memchr
 .text.memmove  0x0000000008008408       0x34 c:/st/stm32cubeide_1.7.0/stm32cubeide/plugins/com.st.stm32cube.ide.mcu.externaltools.gnu-tools-for-stm32.9-2020-q2-update.win32_2.0.0.202105311346/tools/bin/../lib/gcc/arm-none-eabi/9.3.1/../../../../arm-none-eabi/lib/thumb/v7-m/nofp\libc_nano.a(lib_a-memmove.o)
                0x0000000008008408                memmove
 .text._free_r  0x000000000800843c       0x98 c:/st/stm32cubeide_1.7.0/stm32cubeide/plugins/com.st.stm32cube.ide.mcu.externaltools.gnu-tools-for-stm32.9-2020-q2-update.win32_2.0.0.202105311346/tools/bin/../lib/gcc/arm-none-eabi/9.3.1/../../../../arm-none-eabi/lib/thumb/v7-m/nofp\libc_nano.a(lib_a-nano-freer.o)
                0x000000000800843c                _free_r
 .text._malloc_r
                0x00000000080084d4       0xb4 c:/st/stm32cubeide_1.7.0/stm32cubeide/plugins/com.st.stm32cube.ide.mcu.externaltools.gnu-tools-for-stm32.9-2020-q2-update.win32_2.0.0.202105311346/tools/bin/../lib/gcc/arm-none-eabi/9.3.1/../../../../arm-none-eabi/lib/thumb/v7-m/nofp\libc_nano.a(lib_a-nano-mallocr.o)
                0x00000000080084d4                _malloc_r
 .text._realloc_r
                0x0000000008008588       0x4c c:/st/stm32cubeide_1.7.0/stm32cubeide/plugins/com.st.stm32cube.ide.mcu.externaltools.gnu-tools-for-stm32.9-2020-q2-update.win32_2.0.0.202105311346/tools/bin/../lib/gcc/arm-none-eabi/9.3.1/../../../../arm-none-eabi/lib/thumb/v7-m/nofp\libc_nano.a(lib_a-nano-reallocr.o)
                0x0000000008008588                _realloc_r
 .text._sbrk_r  0x00000000080085d4       0x20 c:/st/stm32cubeide_1.7.0/stm32cubeide/plugins/com.st.stm32cube.ide.mcu.externaltools.gnu-tools-for-stm32.9-2020-q2-update.win32_2.0.0.202105311346/tools/bin/../lib/gcc/arm-none-eabi/9.3.1/../../../../arm-none-eabi/lib/thumb/v7-m/nofp\libc_nano.a(lib_a-sbrkr.o)
                0x00000000080085d4                _sbrk_r
 .text.__malloc_lock
                0x00000000080085f4        0xc c:/st/stm32cubeide_1.7.0/stm32cubeide/plugins/com.st.stm32cube.ide.mcu.externaltools.gnu-tools-for-stm32.9-2020-q2-update.win32_2.0.0.202105311346/tools/bin/../lib/gcc/arm-none-eabi/9.3.1/../../../../arm-none-eabi/lib/thumb/v7-m/nofp\libc_nano.a(lib_a-mlock.o)
                0x00000000080085f4                __malloc_lock
 .text.__malloc_unlock
                0x0000000008008600        0xc c:/st/stm32cubeide_1.7.0/stm32cubeide/plugins/com.st.stm32cube.ide.mcu.externaltools.gnu-tools-for-stm32.9-2020-q2-update.win32_2.0.0.202105311346/tools/bin/../lib/gcc/arm-none-eabi/9.3.1/../../../../arm-none-eabi/lib/thumb/v7-m/nofp\libc_nano.a(lib_a-mlock.o)
                0x0000000008008600                __malloc_unlock
 .text._malloc_usable_size_r
                0x000000000800860c       0x10 c:/st/stm32cubeide_1.7.0/stm32cubeide/plugins/com.st.stm32cube.ide.mcu.externaltools.gnu-tools-for-stm32.9-2020-q2-update.win32_2.0.0.202105311346/tools/bin/../lib/gcc/arm-none-eabi/9.3.1/../../../../arm-none-eabi/lib/thumb/v7-m/nofp\libc_nano.a(lib_a-nano-msizer.o)
                0x000000000800860c                _malloc_usable_size_r
 .text.__retarget_lock_acquire_recursive
                0x000000000800861c        0x2 c:/st/stm32cubeide_1.7.0/stm32cubeide/plugins/com.st.stm32cube.ide.mcu.externaltools.gnu-tools-for-stm32.9-2020-q2-update.win32_2.0.0.202105311346/tools/bin/../lib/gcc/arm-none-eabi/9.3.1/../../../../arm-none-eabi/lib/thumb/v7-m/nofp\libc_nano.a(lib_a-lock.o)
                0x000000000800861c                __retarget_lock_acquire_recursive
 .text.__retarget_lock_release_recursive
                0x000000000800861e        0x2 c:/st/stm32cubeide_1.7.0/stm32cubeide/plugins/com.st.stm32cube.ide.mcu.externaltools.gnu-tools-for-stm32.9-2020-q2-update.win32_2.0.0.202105311346/tools/bin/../lib/gcc/arm-none-eabi/9.3.1/../../../../arm-none-eabi/lib/thumb/v7-m/nofp\libc_nano.a(lib_a-lock.o)
                0x000000000800861e                __retarget_lock_release_recursive
 *(.glue_7)
 .glue_7        0x0000000008008620        0x0 linker stubs
 *(.glue_7t)
 .glue_7t       0x0000000008008620        0x0 linker stubs
 *(.eh_frame)
 .eh_frame      0x0000000008008620        0x0 c:/st/stm32cubeide_1.7.0/stm32cubeide/plugins/com.st.stm32cube.ide.mcu.externaltools.gnu-tools-for-stm32.9-2020-q2-update.win32_2.0.0.202105311346/tools/bin/../lib/gcc/arm-none-eabi/9.3.1/thumb/v7-m/nofp/crtbegin.o
 *(.init)
 .init          0x0000000008008620        0x4 c:/st/stm32cubeide_1.7.0/stm32cubeide/plugins/com.st.stm32cube.ide.mcu.externaltools.gnu-tools-for-stm32.9-2020-q2-update.win32_2.0.0.202105311346/tools/bin/../lib/gcc/arm-none-eabi/9.3.1/thumb/v7-m/nofp/crti.o
                0x0000000008008620                _init
 .init          0x0000000008008624        0x8 c:/st/stm32cubeide_1.7.0/stm32cubeide/plugins/com.st.stm32cube.ide.mcu.externaltools.gnu-tools-for-stm32.9-2020-q2-update.win32_2.0.0.202105311346/tools/bin/../lib/gcc/arm-none-eabi/9.3.1/thumb/v7-m/nofp/crtn.o
 *(.fini)
 .fini          0x000000000800862c        0x4 c:/st/stm32cubeide_1.7.0/stm32cubeide/plugins/com.st.stm32cube.ide.mcu.externaltools.gnu-tools-for-stm32.9-2020-q2-update.win32_2.0.0.202105311346/tools/bin/../lib/gcc/arm-none-eabi/9.3.1/thumb/v7-m/nofp/crti.o
                0x000000000800862c                _fini
 .fini          0x0000000008008630        0x8 c:/st/stm32cubeide_1.7.0/stm32cubeide/plugins/com.st.stm32cube.ide.mcu.externaltools.gnu-tools-for-stm32.9-2020-q2-update.win32_2.0.0.202105311346/tools/bin/../lib/gcc/arm-none-eabi/9.3.1/thumb/v7-m/nofp/crtn.o
                0x0000000008008638                . = ALIGN (0x4)
                0x0000000008008638                _etext = .

.vfp11_veneer   0x0000000008008638        0x0
 .vfp11_veneer  0x0000000008008638        0x0 linker stubs

.v4_bx          0x0000000008008638        0x0
 .v4_bx         0x0000000008008638        0x0 linker stubs

.iplt           0x0000000008008638        0x0
 .iplt          0x0000000008008638        0x0 c:/st/stm32cubeide_1.7.0/stm32cubeide/plugins/com.st.stm32cube.ide.mcu.externaltools.gnu-tools-for-stm32.9-2020-q2-update.win32_2.0.0.202105311346/tools/bin/../lib/gcc/arm-none-eabi/9.3.1/thumb/v7-m/nofp/crtbegin.o

.rodata         0x0000000008008638      0xdc0
                0x0000000008008638                . = ALIGN (0x4)
 *(.rodata)
 *(.rodata*)
 .rodata.fixed_point_to_string.str1.4
                0x0000000008008638        0xe ./Core/Src/sensor_config.o
                                         0x12 (size before relaxing)
 *fill*         0x0000000008008646        0x2 
 .rodata.sensor_config_send_ok.str1.4
                0x0000000008008648        0x5 ./Core/Src/sensor_config.o
 *fill*         0x000000000800864d        0x3 
 .rodata.handle_set_command.str1.4
                0x0000000008008650       0x66 ./Core/Src/sensor_config.o
 *fill*         0x00000000080086b6        0x2 
 .rodata.sensor_config_send_float.str1.4
                0x00000000080086b8       0x29 ./Core/Src/sensor_config.o
 *fill*         0x00000000080086e1        0x3 
 .rodata.sensor_config_send_uint16.str1.4
                0x00000000080086e4        0x8 ./Core/Src/sensor_config.o
 .rodata.handle_query_command.str1.4
                0x00000000080086ec      0x452 ./Core/Src/sensor_config.o
                                        0x456 (size before relaxing)
 *fill*         0x0000000008008b3e        0x2 
 .rodata.sensor_config_process_command.str1.4
                0x0000000008008b40      0x7f9 ./Core/Src/sensor_config.o
 *fill*         0x0000000008009339        0x3 
 .rodata.SENSOR_MULTIPLIERS_DEFAULT
                0x000000000800933c        0xa ./Core/Src/sensor_config.o
                0x000000000800933c                SENSOR_MULTIPLIERS_DEFAULT
 *fill*         0x0000000008009346        0x2 
 .rodata.AHBPrescTable
                0x0000000008009348       0x10 ./Core/Src/system_stm32f1xx.o
                0x0000000008009348                AHBPrescTable
 .rodata.APBPrescTable
                0x0000000008009358        0x8 ./Core/Src/system_stm32f1xx.o
                0x0000000008009358                APBPrescTable
 .rodata.uart_terminal_receive_byte.str1.4
                0x0000000008009360        0x3 ./Core/Src/uart_terminal.o
 .rodata.USBD_FS_ProductStrDescriptor.str1.4
                0x0000000008009360        0xd ./Core/Src/usbd_composite_desc.o
 *fill*         0x000000000800936d        0x3 
 .rodata.USBD_FS_ManufacturerStrDescriptor.str1.4
                0x0000000008009370        0x9 ./Core/Src/usbd_composite_desc.o
 *fill*         0x0000000008009379        0x3 
 .rodata.USBD_FS_ConfigStrDescriptor.str1.4
                0x000000000800937c        0xb ./Core/Src/usbd_composite_desc.o
 *fill*         0x0000000008009387        0x1 
 .rodata.USBD_FS_InterfaceStrDescriptor.str1.4
                0x0000000008009388       0x25 ./Core/Src/usbd_composite_desc.o
 *fill*         0x00000000080093ad        0x3 
 .rodata.aPLLMULFactorTable.6644
                0x00000000080093b0       0x10 ./Drivers/STM32F1xx_HAL_Driver/Src/stm32f1xx_hal_rcc.o
 .rodata.aPredivFactorTable.6645
                0x00000000080093c0        0x2 ./Drivers/STM32F1xx_HAL_Driver/Src/stm32f1xx_hal_rcc.o
 .rodata._svfprintf_r.str1.1
                0x00000000080093c2       0x11 c:/st/stm32cubeide_1.7.0/stm32cubeide/plugins/com.st.stm32cube.ide.mcu.externaltools.gnu-tools-for-stm32.9-2020-q2-update.win32_2.0.0.202105311346/tools/bin/../lib/gcc/arm-none-eabi/9.3.1/../../../../arm-none-eabi/lib/thumb/v7-m/nofp\libc_nano.a(lib_a-nano-svfprintf.o)
 .rodata._printf_i.str1.1
                0x00000000080093d3       0x22 c:/st/stm32cubeide_1.7.0/stm32cubeide/plugins/com.st.stm32cube.ide.mcu.externaltools.gnu-tools-for-stm32.9-2020-q2-update.win32_2.0.0.202105311346/tools/bin/../lib/gcc/arm-none-eabi/9.3.1/../../../../arm-none-eabi/lib/thumb/v7-m/nofp\libc_nano.a(lib_a-nano-vfprintf_i.o)
                0x00000000080093f8                . = ALIGN (0x4)
 *fill*         0x00000000080093f5        0x3 

.rel.dyn        0x00000000080093f8        0x0
 .rel.iplt      0x00000000080093f8        0x0 c:/st/stm32cubeide_1.7.0/stm32cubeide/plugins/com.st.stm32cube.ide.mcu.externaltools.gnu-tools-for-stm32.9-2020-q2-update.win32_2.0.0.202105311346/tools/bin/../lib/gcc/arm-none-eabi/9.3.1/thumb/v7-m/nofp/crtbegin.o

.ARM.extab      0x00000000080093f8        0x0
                0x00000000080093f8                . = ALIGN (0x4)
 *(.ARM.extab* .gnu.linkonce.armextab.*)
                0x00000000080093f8                . = ALIGN (0x4)

.ARM            0x00000000080093f8        0x0
                0x00000000080093f8                . = ALIGN (0x4)
                0x00000000080093f8                __exidx_start = .
 *(.ARM.exidx*)
                0x00000000080093f8                __exidx_end = .
                0x00000000080093f8                . = ALIGN (0x4)

.preinit_array  0x00000000080093f8        0x0
                0x00000000080093f8                . = ALIGN (0x4)
                0x00000000080093f8                PROVIDE (__preinit_array_start = .)
 *(.preinit_array*)
                0x00000000080093f8                PROVIDE (__preinit_array_end = .)
                0x00000000080093f8                . = ALIGN (0x4)

.init_array     0x00000000080093f8        0x4
                0x00000000080093f8                . = ALIGN (0x4)
                0x00000000080093f8                PROVIDE (__init_array_start = .)
 *(SORT_BY_NAME(.init_array.*))
 *(.init_array*)
 .init_array    0x00000000080093f8        0x4 c:/st/stm32cubeide_1.7.0/stm32cubeide/plugins/com.st.stm32cube.ide.mcu.externaltools.gnu-tools-for-stm32.9-2020-q2-update.win32_2.0.0.202105311346/tools/bin/../lib/gcc/arm-none-eabi/9.3.1/thumb/v7-m/nofp/crtbegin.o
                0x00000000080093fc                PROVIDE (__init_array_end = .)
                0x00000000080093fc                . = ALIGN (0x4)

.fini_array     0x00000000080093fc        0x4
                0x00000000080093fc                . = ALIGN (0x4)
                [!provide]                        PROVIDE (__fini_array_start = .)
 *(SORT_BY_NAME(.fini_array.*))
 *(.fini_array*)
 .fini_array    0x00000000080093fc        0x4 c:/st/stm32cubeide_1.7.0/stm32cubeide/plugins/com.st.stm32cube.ide.mcu.externaltools.gnu-tools-for-stm32.9-2020-q2-update.win32_2.0.0.202105311346/tools/bin/../lib/gcc/arm-none-eabi/9.3.1/thumb/v7-m/nofp/crtbegin.o
                [!provide]                        PROVIDE (__fini_array_end = .)
                0x0000000008009400                . = ALIGN (0x4)
                0x0000000008009400                _sidata = LOADADDR (.data)

.data           0x0000000020000000      0x388 load address 0x0000000008009400
                0x0000000020000000                . = ALIGN (0x4)
                0x0000000020000000                _sdata = .
 *(.data)
 *(.data*)
 .data.SystemCoreClock
                0x0000000020000000        0x4 ./Core/Src/system_stm32f1xx.o
                0x0000000020000000                SystemCoreClock
 .data.LineCoding
                0x0000000020000004        0x8 ./Core/Src/usb_cdc_wrapper.o
 .data.USBD_CDC_Interface_fops_FS
                0x000000002000000c       0x10 ./Core/Src/usb_cdc_wrapper.o
                0x000000002000000c                USBD_CDC_Interface_fops_FS
 .data.FS_Composite_Desc
                0x000000002000001c       0x1c ./Core/Src/usbd_composite_desc.o
                0x000000002000001c                FS_Composite_Desc
 .data.USBD_Composite_FS_DeviceDesc
                0x0000000020000038       0x12 ./Core/Src/usbd_composite_desc.o
                0x0000000020000038                USBD_Composite_FS_DeviceDesc
 *fill*         0x000000002000004a        0x2 
 .data.USBD_FS_CfgDesc
                0x000000002000004c       0x6c ./Core/Src/usbd_composite_desc.o
                0x000000002000004c                USBD_FS_CfgDesc
 .data.USBD_LangIDDesc
                0x00000000200000b8        0x4 ./Core/Src/usbd_composite_desc.o
                0x00000000200000b8                USBD_LangIDDesc
 .data.USBD_StringSerial
                0x00000000200000bc       0x1a ./Core/Src/usbd_composite_desc.o
                0x00000000200000bc                USBD_StringSerial
 *fill*         0x00000000200000d6        0x2 
 .data.USBD_COMPOSITE
                0x00000000200000d8       0x38 ./Core/Src/usbd_composite_wrapper.o
                0x00000000200000d8                USBD_COMPOSITE
 .data.uwTickFreq
                0x0000000020000110        0x1 ./Drivers/STM32F1xx_HAL_Driver/Src/stm32f1xx_hal.o
                0x0000000020000110                uwTickFreq
 *fill*         0x0000000020000111        0x3 
 .data.uwTickPrio
                0x0000000020000114        0x4 ./Drivers/STM32F1xx_HAL_Driver/Src/stm32f1xx_hal.o
                0x0000000020000114                uwTickPrio
 .data.HID_MOUSE_ReportDesc
                0x0000000020000118       0x3f ./Middlewares/ST/STM32_USB_Device_Library/Class/HID/Src/usbd_hid.o
 *fill*         0x0000000020000157        0x1 
 .data.USBD_HID
                0x0000000020000158       0x38 ./Middlewares/ST/STM32_USB_Device_Library/Class/HID/Src/usbd_hid.o
                0x0000000020000158                USBD_HID
 .data.USBD_HID_CfgFSDesc
                0x0000000020000190       0x22 ./Middlewares/ST/STM32_USB_Device_Library/Class/HID/Src/usbd_hid.o
 *fill*         0x00000000200001b2        0x2 
 .data.USBD_HID_CfgHSDesc
                0x00000000200001b4       0x22 ./Middlewares/ST/STM32_USB_Device_Library/Class/HID/Src/usbd_hid.o
 *fill*         0x00000000200001d6        0x2 
 .data.USBD_HID_Desc
                0x00000000200001d8        0x9 ./Middlewares/ST/STM32_USB_Device_Library/Class/HID/Src/usbd_hid.o
 *fill*         0x00000000200001e1        0x3 
 .data.USBD_HID_DeviceQualifierDesc
                0x00000000200001e4        0xa ./Middlewares/ST/STM32_USB_Device_Library/Class/HID/Src/usbd_hid.o
 *fill*         0x00000000200001ee        0x2 
 .data.USBD_HID_OtherSpeedCfgDesc
                0x00000000200001f0       0x22 ./Middlewares/ST/STM32_USB_Device_Library/Class/HID/Src/usbd_hid.o
 *fill*         0x0000000020000212        0x2 
 .data.USBD_CDC
                0x0000000020000214       0x38 ./USB_DEVICE/App/usbd_cdc.o
                0x0000000020000214                USBD_CDC
 .data.USBD_CDC_CfgFSDesc
                0x000000002000024c       0x43 ./USB_DEVICE/App/usbd_cdc.o
                0x000000002000024c                USBD_CDC_CfgFSDesc
 *fill*         0x000000002000028f        0x1 
 .data.USBD_CDC_CfgHSDesc
                0x0000000020000290       0x43 ./USB_DEVICE/App/usbd_cdc.o
                0x0000000020000290                USBD_CDC_CfgHSDesc
 *fill*         0x00000000200002d3        0x1 
 .data.USBD_CDC_DeviceQualifierDesc
                0x00000000200002d4        0xa ./USB_DEVICE/App/usbd_cdc.o
 *fill*         0x00000000200002de        0x2 
 .data.USBD_CDC_OtherSpeedCfgDesc
                0x00000000200002e0       0x43 ./USB_DEVICE/App/usbd_cdc.o
                0x00000000200002e0                USBD_CDC_OtherSpeedCfgDesc
 *fill*         0x0000000020000323        0x1 
 .data._impure_ptr
                0x0000000020000324        0x4 c:/st/stm32cubeide_1.7.0/stm32cubeide/plugins/com.st.stm32cube.ide.mcu.externaltools.gnu-tools-for-stm32.9-2020-q2-update.win32_2.0.0.202105311346/tools/bin/../lib/gcc/arm-none-eabi/9.3.1/../../../../arm-none-eabi/lib/thumb/v7-m/nofp\libc_nano.a(lib_a-impure.o)
                0x0000000020000324                _impure_ptr
 .data.impure_data
                0x0000000020000328       0x60 c:/st/stm32cubeide_1.7.0/stm32cubeide/plugins/com.st.stm32cube.ide.mcu.externaltools.gnu-tools-for-stm32.9-2020-q2-update.win32_2.0.0.202105311346/tools/bin/../lib/gcc/arm-none-eabi/9.3.1/../../../../arm-none-eabi/lib/thumb/v7-m/nofp\libc_nano.a(lib_a-impure.o)
 *(.RamFunc)
 *(.RamFunc*)
                0x0000000020000388                . = ALIGN (0x4)
                0x0000000020000388                _edata = .

.igot.plt       0x0000000020000388        0x0 load address 0x0000000008009788
 .igot.plt      0x0000000020000388        0x0 c:/st/stm32cubeide_1.7.0/stm32cubeide/plugins/com.st.stm32cube.ide.mcu.externaltools.gnu-tools-for-stm32.9-2020-q2-update.win32_2.0.0.202105311346/tools/bin/../lib/gcc/arm-none-eabi/9.3.1/thumb/v7-m/nofp/crtbegin.o
                0x0000000020000388                . = ALIGN (0x4)

.bss            0x0000000020000388     0x269c load address 0x0000000008009788
                0x0000000020000388                _sbss = .
                0x0000000020000388                __bss_start__ = _sbss
 *(.bss)
 .bss           0x0000000020000388       0x1c c:/st/stm32cubeide_1.7.0/stm32cubeide/plugins/com.st.stm32cube.ide.mcu.externaltools.gnu-tools-for-stm32.9-2020-q2-update.win32_2.0.0.202105311346/tools/bin/../lib/gcc/arm-none-eabi/9.3.1/thumb/v7-m/nofp/crtbegin.o
 *(.bss*)
 .bss.arrADC1_DMA
                0x00000000200003a4      0x3c0 ./Core/Src/main.o
 .bss.g_xgood_blink
                0x0000000020000764        0x8 ./Core/Src/main.o
 .bss.g_debug_state
                0x000000002000076c       0x10 ./Core/Src/piezosensor.o
                0x000000002000076c                g_debug_state
 .bss.g_hid_report
                0x000000002000077c        0x8 ./Core/Src/piezosensor.o
                0x000000002000077c                g_hid_report
 .bss.g_sensors
                0x0000000020000784      0x930 ./Core/Src/piezosensor.o
                0x0000000020000784                g_sensors
 .bss.g_system_ms
                0x00000000200010b4        0x4 ./Core/Src/piezosensor.o
                0x00000000200010b4                g_system_ms
 .bss.g_tournament
                0x00000000200010b8        0xc ./Core/Src/piezosensor.o
                0x00000000200010b8                g_tournament
 .bss.g_trigger_fsm
                0x00000000200010c4       0x1c ./Core/Src/piezosensor.o
                0x00000000200010c4                g_trigger_fsm
 .bss.g_config_load_failed
                0x00000000200010e0        0x1 ./Core/Src/sensor_config.o
 *fill*         0x00000000200010e1        0x3 
 .bss.g_sensor_config
                0x00000000200010e4       0x2c ./Core/Src/sensor_config.o
                0x00000000200010e4                g_sensor_config
 .bss.g_terminal_mode_active
                0x0000000020001110        0x1 ./Core/Src/sensor_config.o
 *fill*         0x0000000020001111        0x3 
 .bss.g_uart_rx_buffer
                0x0000000020001114        0x1 ./Core/Src/sensor_config.o
 *fill*         0x0000000020001115        0x3 
 .bss.__sbrk_heap_end
                0x0000000020001118        0x4 ./Core/Src/sysmem.o
 .bss.g_terminal
                0x000000002000111c       0x4c ./Core/Src/uart_terminal.o
 .bss.g_rx_ring_buffer
                0x0000000020001168      0x104 ./Core/Src/usb_cdc_wrapper.o
 .bss.g_tx_ring_buffer
                0x000000002000126c      0x804 ./Core/Src/usb_cdc_wrapper.o
 .bss.g_usb_tx_busy
                0x0000000020001a70        0x1 ./Core/Src/usb_cdc_wrapper.o
 .bss.cfgidx.8581
                0x0000000020001a71        0x1 ./Middlewares/ST/STM32_USB_Device_Library/Core/Src/usbd_ctlreq.o
 *fill*         0x0000000020001a72        0x2 
 .bss.mem.8679  0x0000000020001a74      0x23c ./USB_DEVICE/Target/usbd_conf.o
 .bss.__malloc_free_list
                0x0000000020001cb0        0x4 c:/st/stm32cubeide_1.7.0/stm32cubeide/plugins/com.st.stm32cube.ide.mcu.externaltools.gnu-tools-for-stm32.9-2020-q2-update.win32_2.0.0.202105311346/tools/bin/../lib/gcc/arm-none-eabi/9.3.1/../../../../arm-none-eabi/lib/thumb/v7-m/nofp\libc_nano.a(lib_a-nano-mallocr.o)
                0x0000000020001cb0                __malloc_free_list
 .bss.__malloc_sbrk_start
                0x0000000020001cb4        0x4 c:/st/stm32cubeide_1.7.0/stm32cubeide/plugins/com.st.stm32cube.ide.mcu.externaltools.gnu-tools-for-stm32.9-2020-q2-update.win32_2.0.0.202105311346/tools/bin/../lib/gcc/arm-none-eabi/9.3.1/../../../../arm-none-eabi/lib/thumb/v7-m/nofp\libc_nano.a(lib_a-nano-mallocr.o)
                0x0000000020001cb4                __malloc_sbrk_start
 *(COMMON)
 COMMON         0x0000000020001cb8      0x190 ./Core/Src/main.o
                0x0000000020001cb8                hdma_usart3_rx
                0x0000000020001cfc                huart3
                0x0000000020001d44                htim3
                0x0000000020001d8c                hadc1
                0x0000000020001dbc                hdma_adc1
                0x0000000020001e00                htim1
 COMMON         0x0000000020001e48      0x400 ./Core/Src/usb_cdc_wrapper.o
                0x0000000020001e48                UserRxBufferFS
                0x0000000020002048                UserTxBufferFS
 COMMON         0x0000000020002248      0x200 ./Core/Src/usbd_composite_desc.o
                0x0000000020002248                USBD_StrDesc
 COMMON         0x0000000020002448        0x4 ./Drivers/STM32F1xx_HAL_Driver/Src/stm32f1xx_hal.o
                0x0000000020002448                uwTick
 *fill*         0x000000002000244c        0x4 
 COMMON         0x0000000020002450       0x20 ./Drivers/STM32F1xx_HAL_Driver/Src/stm32f1xx_hal_flash.o
                0x0000000020002450                pFlash
 COMMON         0x0000000020002470      0x2cc ./USB_DEVICE/App/usb_device.o
                0x0000000020002470                hUsbDeviceFS
 COMMON         0x000000002000273c      0x2d8 ./USB_DEVICE/Target/usbd_conf.o
                0x000000002000273c                hpcd_USB_FS
 COMMON         0x0000000020002a14        0x4 c:/st/stm32cubeide_1.7.0/stm32cubeide/plugins/com.st.stm32cube.ide.mcu.externaltools.gnu-tools-for-stm32.9-2020-q2-update.win32_2.0.0.202105311346/tools/bin/../lib/gcc/arm-none-eabi/9.3.1/../../../../arm-none-eabi/lib/thumb/v7-m/nofp\libc_nano.a(lib_a-reent.o)
                0x0000000020002a14                errno
 COMMON         0x0000000020002a18        0x9 c:/st/stm32cubeide_1.7.0/stm32cubeide/plugins/com.st.stm32cube.ide.mcu.externaltools.gnu-tools-for-stm32.9-2020-q2-update.win32_2.0.0.202105311346/tools/bin/../lib/gcc/arm-none-eabi/9.3.1/../../../../arm-none-eabi/lib/thumb/v7-m/nofp\libc_nano.a(lib_a-lock.o)
                0x0000000020002a18                __lock___atexit_recursive_mutex
                0x0000000020002a19                __lock___arc4random_mutex
                0x0000000020002a1a                __lock___env_recursive_mutex
                0x0000000020002a1b                __lock___sinit_recursive_mutex
                0x0000000020002a1c                __lock___malloc_recursive_mutex
                0x0000000020002a1d                __lock___at_quick_exit_mutex
                0x0000000020002a1e                __lock___dd_hash_mutex
                0x0000000020002a1f                __lock___tz_mutex
                0x0000000020002a20                __lock___sfp_recursive_mutex
                0x0000000020002a24                . = ALIGN (0x4)
 *fill*         0x0000000020002a21        0x3 
                0x0000000020002a24                _ebss = .
                0x0000000020002a24                __bss_end__ = _ebss

._user_heap_stack
                0x0000000020002a24      0x804 load address 0x0000000008009788
                0x0000000020002a28                . = ALIGN (0x8)
 *fill*         0x0000000020002a24        0x4 
                [!provide]                        PROVIDE (end = .)
                0x0000000020002a28                PROVIDE (_end = .)
                0x0000000020002e28                . = (. + _Min_Heap_Size)
 *fill*         0x0000000020002a28      0x400 
                0x0000000020003228                . = (. + _Min_Stack_Size)
 *fill*         0x0000000020002e28      0x400 
                0x0000000020003228                . = ALIGN (0x8)

/DISCARD/
 libc.a(*)
 libm.a(*)
 libgcc.a(*)

.ARM.attributes
                0x0000000000000000       0x29
 *(.ARM.attributes)
 .ARM.attributes
                0x0000000000000000       0x1d c:/st/stm32cubeide_1.7.0/stm32cubeide/plugins/com.st.stm32cube.ide.mcu.externaltools.gnu-tools-for-stm32.9-2020-q2-update.win32_2.0.0.202105311346/tools/bin/../lib/gcc/arm-none-eabi/9.3.1/thumb/v7-m/nofp/crti.o
 .ARM.attributes
                0x000000000000001d       0x2d c:/st/stm32cubeide_1.7.0/stm32cubeide/plugins/com.st.stm32cube.ide.mcu.externaltools.gnu-tools-for-stm32.9-2020-q2-update.win32_2.0.0.202105311346/tools/bin/../lib/gcc/arm-none-eabi/9.3.1/thumb/v7-m/nofp/crtbegin.o
 .ARM.attributes
                0x000000000000004a       0x2d ./Core/Src/main.o
 .ARM.attributes
                0x0000000000000077       0x2d ./Core/Src/piezosensor.o
 .ARM.attributes
                0x00000000000000a4       0x2d ./Core/Src/sensor_config.o
 .ARM.attributes
                0x00000000000000d1       0x2d ./Core/Src/stm32f1xx_hal_msp.o
 .ARM.attributes
                0x00000000000000fe       0x2d ./Core/Src/stm32f1xx_it.o
 .ARM.attributes
                0x000000000000012b       0x2d ./Core/Src/sysmem.o
 .ARM.attributes
                0x0000000000000158       0x2d ./Core/Src/system_stm32f1xx.o
 .ARM.attributes
                0x0000000000000185       0x2d ./Core/Src/uart_terminal.o
 .ARM.attributes
                0x00000000000001b2       0x2d ./Core/Src/usb_cdc_wrapper.o
 .ARM.attributes
                0x00000000000001df       0x2d ./Core/Src/usbd_composite_desc.o
 .ARM.attributes
                0x000000000000020c       0x2d ./Core/Src/usbd_composite_wrapper.o
 .ARM.attributes
                0x0000000000000239       0x21 ./Core/Startup/startup_stm32f103c8tx.o
 .ARM.attributes
                0x000000000000025a       0x2d ./Drivers/STM32F1xx_HAL_Driver/Src/stm32f1xx_hal.o
 .ARM.attributes
                0x0000000000000287       0x2d ./Drivers/STM32F1xx_HAL_Driver/Src/stm32f1xx_hal_adc.o
 .ARM.attributes
                0x00000000000002b4       0x2d ./Drivers/STM32F1xx_HAL_Driver/Src/stm32f1xx_hal_cortex.o
 .ARM.attributes
                0x00000000000002e1       0x2d ./Drivers/STM32F1xx_HAL_Driver/Src/stm32f1xx_hal_dma.o
 .ARM.attributes
                0x000000000000030e       0x2d ./Drivers/STM32F1xx_HAL_Driver/Src/stm32f1xx_hal_flash.o