Archive member included to satisfy reference by file (symbol)

c:/st/stm32cubeide_1.7.0/stm32cubeide/plugins/com.st.stm32cube.ide.mcu.externaltools.gnu-tools-for-stm32.9-2020-q2-update.win32_2.0.0.202105311346/tools/bin/../lib/gcc/arm-none-eabi/9.3.1/../../../../arm-none-eabi/lib/thumb/v7-m/nofp\libc_nano.a(lib_a-errno.o)
                              ./Core/Src/syscalls.o (__errno)
c:/st/stm32cubeide_1.7.0/stm32cubeide/plugins/com.st.stm32cube.ide.mcu.externaltools.gnu-tools-for-stm32.9-2020-q2-update.win32_2.0.0.202105311346/tools/bin/../lib/gcc/arm-none-eabi/9.3.1/../../../../arm-none-eabi/lib/thumb/v7-m/nofp\libc_nano.a(lib_a-exit.o)
                              c:/st/stm32cubeide_1.7.0/stm32cubeide/plugins/com.st.stm32cube.ide.mcu.externaltools.gnu-tools-for-stm32.9-2020-q2-update.win32_2.0.0.202105311346/tools/bin/../lib/gcc/arm-none-eabi/9.3.1/../../../../arm-none-eabi/lib/thumb/v7-m/nofp/crt0.o (exit)
c:/st/stm32cubeide_1.7.0/stm32cubeide/plugins/com.st.stm32cube.ide.mcu.externaltools.gnu-tools-for-stm32.9-2020-q2-update.win32_2.0.0.202105311346/tools/bin/../lib/gcc/arm-none-eabi/9.3.1/../../../../arm-none-eabi/lib/thumb/v7-m/nofp\libc_nano.a(lib_a-impure.o)
                              c:/st/stm32cubeide_1.7.0/stm32cubeide/plugins/com.st.stm32cube.ide.mcu.externaltools.gnu-tools-for-stm32.9-2020-q2-update.win32_2.0.0.202105311346/tools/bin/../lib/gcc/arm-none-eabi/9.3.1/../../../../arm-none-eabi/lib/thumb/v7-m/nofp\libc_nano.a(lib_a-exit.o) (_global_impure_ptr)
c:/st/stm32cubeide_1.7.0/stm32cubeide/plugins/com.st.stm32cube.ide.mcu.externaltools.gnu-tools-for-stm32.9-2020-q2-update.win32_2.0.0.202105311346/tools/bin/../lib/gcc/arm-none-eabi/9.3.1/../../../../arm-none-eabi/lib/thumb/v7-m/nofp\libc_nano.a(lib_a-init.o)
                              c:/st/stm32cubeide_1.7.0/stm32cubeide/plugins/com.st.stm32cube.ide.mcu.externaltools.gnu-tools-for-stm32.9-2020-q2-update.win32_2.0.0.202105311346/tools/bin/../lib/gcc/arm-none-eabi/9.3.1/../../../../arm-none-eabi/lib/thumb/v7-m/nofp/crt0.o (__libc_init_array)
c:/st/stm32cubeide_1.7.0/stm32cubeide/plugins/com.st.stm32cube.ide.mcu.externaltools.gnu-tools-for-stm32.9-2020-q2-update.win32_2.0.0.202105311346/tools/bin/../lib/gcc/arm-none-eabi/9.3.1/../../../../arm-none-eabi/lib/thumb/v7-m/nofp\libc_nano.a(lib_a-memcpy-stub.o)
                              ./Core/Src/sensor_config.o (memcpy)
c:/st/stm32cubeide_1.7.0/stm32cubeide/plugins/com.st.stm32cube.ide.mcu.externaltools.gnu-tools-for-stm32.9-2020-q2-update.win32_2.0.0.202105311346/tools/bin/../lib/gcc/arm-none-eabi/9.3.1/../../../../arm-none-eabi/lib/thumb/v7-m/nofp\libc_nano.a(lib_a-memset.o)
                              c:/st/stm32cubeide_1.7.0/stm32cubeide/plugins/com.st.stm32cube.ide.mcu.externaltools.gnu-tools-for-stm32.9-2020-q2-update.win32_2.0.0.202105311346/tools/bin/../lib/gcc/arm-none-eabi/9.3.1/../../../../arm-none-eabi/lib/thumb/v7-m/nofp/crt0.o (memset)
c:/st/stm32cubeide_1.7.0/stm32cubeide/plugins/com.st.stm32cube.ide.mcu.externaltools.gnu-tools-for-stm32.9-2020-q2-update.win32_2.0.0.202105311346/tools/bin/../lib/gcc/arm-none-eabi/9.3.1/../../../../arm-none-eabi/lib/thumb/v7-m/nofp\libc_nano.a(lib_a-snprintf.o)
                              ./Core/Src/sensor_config.o (snprintf)
c:/st/stm32cubeide_1.7.0/stm32cubeide/plugins/com.st.stm32cube.ide.mcu.externaltools.gnu-tools-for-stm32.9-2020-q2-update.win32_2.0.0.202105311346/tools/bin/../lib/gcc/arm-none-eabi/9.3.1/../../../../arm-none-eabi/lib/thumb/v7-m/nofp\libc_nano.a(lib_a-strchr.o)
                              ./Core/Src/sensor_config.o (strchr)
c:/st/stm32cubeide_1.7.0/stm32cubeide/plugins/com.st.stm32cube.ide.mcu.externaltools.gnu-tools-for-stm32.9-2020-q2-update.win32_2.0.0.202105311346/tools/bin/../lib/gcc/arm-none-eabi/9.3.1/../../../../arm-none-eabi/lib/thumb/v7-m/nofp\libc_nano.a(lib_a-strcmp.o)
                              ./Core/Src/sensor_config.o (strcmp)
c:/st/stm32cubeide_1.7.0/stm32cubeide/plugins/com.st.stm32cube.ide.mcu.externaltools.gnu-tools-for-stm32.9-2020-q2-update.win32_2.0.0.202105311346/tools/bin/../lib/gcc/arm-none-eabi/9.3.1/../../../../arm-none-eabi/lib/thumb/v7-m/nofp\libc_nano.a(lib_a-strlen.o)
                              ./Core/Src/sensor_config.o (strlen)
c:/st/stm32cubeide_1.7.0/stm32cubeide/plugins/com.st.stm32cube.ide.mcu.externaltools.gnu-tools-for-stm32.9-2020-q2-update.win32_2.0.0.202105311346/tools/bin/../lib/gcc/arm-none-eabi/9.3.1/../../../../arm-none-eabi/lib/thumb/v7-m/nofp\libc_nano.a(lib_a-strncmp.o)
                              ./Core/Src/sensor_config.o (strncmp)
c:/st/stm32cubeide_1.7.0/stm32cubeide/plugins/com.st.stm32cube.ide.mcu.externaltools.gnu-tools-for-stm32.9-2020-q2-update.win32_2.0.0.202105311346/tools/bin/../lib/gcc/arm-none-eabi/9.3.1/../../../../arm-none-eabi/lib/thumb/v7-m/nofp\libc_nano.a(lib_a-nano-svfprintf.o)
[...]
Memory Configuration

Name             Origin             Length             Attributes
RAM              0x0000000020000000 0x0000000000005000 xrw
FLASH            0x0000000008000000 0x0000000000010000 xr
*default*        0x0000000000000000 0xffffffffffffffff

Linker script and memory map

LOAD c:/st/stm32cubeide_1.7.0/stm32cubeide/plugins/com.st.stm32cube.ide.mcu.externaltools.gnu-tools-for-stm32.9-2020-q2-update.win32_2.0.0.202105311346/tools/bin/../lib/gcc/arm-none-eabi/9.3.1/thumb/v7-m/nofp/crti.o
LOAD c:/st/stm32cubeide_1.7.0/stm32cubeide/plugins/com.st.stm32cube.ide.mcu.externaltools.gnu-tools-for-stm32.9-2020-q2-update.win32_2.0.0.202105311346/tools/bin/../lib/gcc/arm-none-eabi/9.3.1/thumb/v7-m/nofp/crtbegin.o
LOAD c:/st/stm32cubeide_1.7.0/stm32cubeide/plugins/com.st.stm32cube.ide.mcu.externaltools.gnu-tools-for-stm32.9-2020-q2-update.win32_2.0.0.202105311346/tools/bin/../lib/gcc/arm-none-eabi/9.3.1/../../../../arm-none-eabi/lib/thumb/v7-m/nofp/crt0.o
LOAD ./Core/Src/main.o
LOAD ./Core/Src/piezosensor.o
LOAD ./Core/Src/sensor_config.o
LOAD ./Core/Src/stm32f1xx_hal_msp.o
LOAD ./Core/Src/stm32f1xx_it.o
LOAD ./Core/Src/syscalls.o
LOAD ./Core/Src/sysmem.o
LOAD ./Core/Src/system_stm32f1xx.o
LOAD ./Core/Src/uart_terminal.o
LOAD ./Core/Src/usb_cdc_wrapper.o
LOAD ./Core/Src/usbd_composite_desc.o
LOAD ./Core/Src/usbd_composite_wrapper.o
LOAD ./Core/Startup/startup_stm32f103c8tx.o
LOAD ./Drivers/STM32F1xx_HAL_Driver/Src/stm32f1xx_hal.o
LOAD ./Drivers/STM32F1xx_HAL_Driver/Src/stm32f1xx_hal_adc.o
LOAD ./Drivers/STM32F1xx_HAL_Driver/Src/stm32f1xx_hal_adc_ex.o
LOAD ./Drivers/STM32F1xx_HAL_Driver/Src/stm32f1xx_hal_cortex.o
LOAD ./Drivers/STM32F1xx_HAL_Driver/Src/stm32f1xx_hal_dma.o
LOAD ./Drivers/STM32F1xx_HAL_Driver/Src/stm32f1xx_hal_exti.o
LOAD ./Drivers/STM32F1xx_HAL_Driver/Src/stm32f1xx_hal_flash.o
LOAD ./Drivers/STM32F1xx_HAL_Driver/Src/stm32f1xx_hal_flash_ex.o
LOAD ./Drivers/STM32F1xx_HAL_Driver/Src/stm32f1xx_hal_gpio.o
LOAD ./Drivers/STM32F1xx_HAL_Driver/Src/stm32f1xx_hal_gpio_ex.o
LOAD ./Drivers/STM32F1xx_HAL_Driver/Src/stm32f1xx_hal_pcd.o
LOAD ./Drivers/STM32F1xx_HAL_Driver/Src/stm32f1xx_hal_pcd_ex.o
LOAD ./Drivers/STM32F1xx_HAL_Driver/Src/stm32f1xx_hal_pwr.o
LOAD ./Drivers/STM32F1xx_HAL_Driver/Src/stm32f1xx_hal_rcc.o
LOAD ./Drivers/STM32F1xx_HAL_Driver/Src/stm32f1xx_hal_rcc_ex.o
LOAD ./Drivers/STM32F1xx_HAL_Driver/Src/stm32f1xx_hal_tim.o
LOAD ./Drivers/STM32F1xx_HAL_Driver/Src/stm32f1xx_hal_tim_ex.o
LOAD ./Drivers/STM32F1xx_HAL_Driver/Src/stm32f1xx_hal_uart.o
LOAD ./Drivers/STM32F1xx_HAL_Driver/Src/stm32f1xx_ll_usb.o
LOAD ./Middlewares/ST/STM32_USB_Device_Library/Class/HID/Src/usbd_hid.o
LOAD ./Middlewares/ST/STM32_USB_Device_Library/Core/Src/usbd_core.o
LOAD ./Middlewares/ST/STM32_USB_Device_Library/Core/Src/usbd_ctlreq.o
LOAD ./Middlewares/ST/STM32_USB_Device_Library/Core/Src/usbd_ioreq.o
LOAD ./USB_DEVICE/App/usb_device.o
LOAD ./USB_DEVICE/App/usbd_cdc.o
LOAD ./USB_DEVICE/Target/usbd_conf.o
START GROUP
LOAD c:/st/stm32cubeide_1.7.0/stm32cubeide/plugins/com.st.stm32cube.ide.mcu.externaltools.gnu-tools-for-stm32.9-2020-q2-update.win32_2.0.0.202105311346/tools/bin/../lib/gcc/arm-none-eabi/9.3.1/../../../../arm-none-eabi/lib/thumb/v7-m/nofp\libc_nano.a
LOAD c:/st/stm32cubeide_1.7.0/stm32cubeide/plugins/com.st.stm32cube.ide.mcu.externaltools.gnu-tools-for-stm32.9-2020-q2-update.win32_2.0.0.202105311346/tools/bin/../lib/gcc/arm-none-eabi/9.3.1/../../../../arm-none-eabi/lib/thumb/v7-m/nofp\libm.a
END GROUP
START GROUP
LOAD c:/st/stm32cubeide_1.7.0/stm32cubeide/plugins/com.st.stm32cube.ide.mcu.externaltools.gnu-tools-for-stm32.9-2020-q2-update.win32_2.0.0.202105311346/tools/bin/../lib/gcc/arm-none-eabi/9.3.1/thumb/v7-m/nofp\libgcc.a
LOAD c:/st/stm32cubeide_1.7.0/stm32cubeide/plugins/com.st.stm32cube.ide.mcu.externaltools.gnu-tools-for-stm32.9-2020-q2-update.win32_2.0.0.202105311346/tools/bin/../lib/gcc/arm-none-eabi/9.3.1/../../../../arm-none-eabi/lib/thumb/v7-m/nofp\libc_nano.a
END GROUP
START GROUP
LOAD c:/st/stm32cubeide_1.7.0/stm32cubeide/plugins/com.st.stm32cube.ide.mcu.externaltools.gnu-tools-for-stm32.9-2020-q2-update.win32_2.0.0.202105311346/tools/bin/../lib/gcc/arm-none-eabi/9.3.1/thumb/v7-m/nofp\libgcc.a
LOAD c:/st/stm32cubeide_1.7.0/stm32cubeide/plugins/com.st.stm32cube.ide.mcu.externaltools.gnu-tools-for-stm32.9-2020-q2-update.win32_2.0.0.202105311346/tools/bin/../lib/gcc/arm-none-eabi/9.3.1/../../../../arm-none-eabi/lib/thumb/v7-m/nofp\libc_nano.a
LOAD c:/st/stm32cubeide_1.7.0/stm32cubeide/plugins/com.st.stm32cube.ide.mcu.externaltools.gnu-tools-for-stm32.9-2020-q2-update.win32_2.0.0.202105311346/tools/bin/../lib/gcc/arm-none-eabi/9.3.1/../../../../arm-none-eabi/lib/thumb/v7-m/nofp\libnosys.a
END GROUP
START GROUP
LOAD c:/st/stm32cubeide_1.7.0/stm32cubeide/plugins/com.st.stm32cube.ide.mcu.externaltools.gnu-tools-for-stm32.9-2020-q2-update.win32_2.0.0.202105311346/tools/bin/../lib/gcc/arm-none-eabi/9.3.1/thumb/v7-m/nofp\libgcc.a
LOAD c:/st/stm32cubeide_1.7.0/stm32cubeide/plugins/com.st.stm32cube.ide.mcu.externaltools.gnu-tools-for-stm32.9-2020-q2-update.win32_2.0.0.202105311346/tools/bin/../lib/gcc/arm-none-eabi/9.3.1/../../../../arm-none-eabi/lib/thumb/v7-m/nofp\libc_nano.a
LOAD c:/st/stm32cubeide_1.7.0/stm32cubeide/plugins/com.st.stm32cube.ide.mcu.externaltools.gnu-tools-for-stm32.9-2020-q2-update.win32_2.0.0.202105311346/tools/bin/../lib/gcc/arm-none-eabi/9.3.1/../../../../arm-none-eabi/lib/thumb/v7-m/nofp\libnosys.a
END GROUP
LOAD c:/st/stm32cubeide_1.7.0/stm32cubeide/plugins/com.st.stm32cube.ide.mcu.externaltools.gnu-tools-for-stm32.9-2020-q2-update.win32_2.0.0.202105311346/tools/bin/../lib/gcc/arm-none-eabi/9.3.1/thumb/v7-m/nofp/crtend.o
LOAD c:/st/stm32cubeide_1.7.0/stm32cubeide/plugins/com.st.stm32cube.ide.mcu.externaltools.gnu-tools-for-stm32.9-2020-q2-update.win32_2.0.0.202105311346/tools/bin/../lib/gcc/arm-none-eabi/9.3.1/thumb/v7-m/nofp/crtn.o
                0x0000000020005000                _estack = (ORIGIN (RAM) + LENGTH (RAM))
                0x0000000000000400                _Min_Heap_Size = 0x400
                0x0000000000000400                _Min_Stack_Size = 0x400

.isr_vector     0x0000000008000000      0x10c
                0x0000000008000000                . = ALIGN (0x4)
 *(.isr_vector)
 .isr_vector    0x0000000008000000      0x10c ./Core/Startup/startup_stm32f103c8tx.o
                0x0000000008000000                g_pfnVectors
                0x000000000800010c                . = ALIGN (0x4)

.text           0x000000000800010c     0x8458
                0x000000000800010c                . = ALIGN (0x4)
 *(.text)
 .text          0x000000000800010c       0x40 c:/st/stm32cubeide_1.7.0/stm32cubeide/plugins/com.st.stm32cube.ide.mcu.externaltools.gnu-tools-for-stm32.9-2020-q2-update.win32_2.0.0.202105311346/tools/bin/../lib/gcc/arm-none-eabi/9.3.1/thumb/v7-m/nofp/crtbegin.o
 .text          0x000000000800014c       0x14 c:/st/stm32cubeide_1.7.0/stm32cubeide/plugins/com.st.stm32cube.ide.mcu.externaltools.gnu-tools-for-stm32.9-2020-q2-update.win32_2.0.0.202105311346/tools/bin/../lib/gcc/arm-none-eabi/9.3.1/../../../../arm-none-eabi/lib/thumb/v7-m/nofp\libc_nano.a(lib_a-strcmp.o)
                0x000000000800014c                strcmp
 .text          0x0000000008000160       0x10 c:/st/stm32cubeide_1.7.0/stm32cubeide/plugins/com.st.stm32cube.ide.mcu.externaltools.gnu-tools-for-stm32.9-2020-q2-update.win32_2.0.0.202105311346/tools/bin/../lib/gcc/arm-none-eabi/9.3.1/../../../../arm-none-eabi/lib/thumb/v7-m/nofp\libc_nano.a(lib_a-strlen.o)
                0x0000000008000160                strlen
 .text          0x0000000008000170      0x21c c:/st/stm32cubeide_1.7.0/stm32cubeide/plugins/com.st.stm32cube.ide.mcu.externaltools.gnu-tools-for-stm32.9-2020-q2-update.win32_2.0.0.202105311346/tools/bin/../lib/gcc/arm-none-eabi/9.3.1/thumb/v7-m/nofp\libgcc.a(_arm_addsubsf3.o)
                0x0000000008000170                __aeabi_frsub
                0x0000000008000178                __subsf3
                0x0000000008000178                __aeabi_fsub
                0x000000000800017c                __aeabi_fadd
                0x000000000800017c                __addsf3
                0x00000000080002dc                __aeabi_ui2f
                0x00000000080002dc                __floatunsisf
                0x00000000080002e4                __aeabi_i2f
                0x00000000080002e4                __floatsisf
                0x0000000008000300                __aeabi_ul2f
                0x0000000008000300                __floatundisf
                0x0000000008000310                __aeabi_l2f
                0x0000000008000310                __floatdisf
 .text          0x000000000800038c      0x2a0 c:/st/stm32cubeide_1.7.0/stm32cubeide/plugins/com.st.stm32cube.ide.mcu.externaltools.gnu-tools-for-stm32.9-2020-q2-update.win32_2.0.0.202105311346/tools/bin/../lib/gcc/arm-none-eabi/9.3.1/thumb/v7-m/nofp\libgcc.a(_arm_muldivsf3.o)
                0x000000000800038c                __mulsf3
                0x000000000800038c                __aeabi_fmul
                0x00000000080004f4                __aeabi_fdiv
                0x00000000080004f4                __divsf3
 .text          0x000000000800062c       0xec c:/st/stm32cubeide_1.7.0/stm32cubeide/plugins/com.st.stm32cube.ide.mcu.externaltools.gnu-tools-for-stm32.9-2020-q2-update.win32_2.0.0.202105311346/tools/bin/../lib/gcc/arm-none-eabi/9.3.1/thumb/v7-m/nofp\libgcc.a(_arm_cmpsf2.o)
                0x000000000800062c                __gesf2
                0x000000000800062c                __gtsf2
                0x0000000008000634                __lesf2
                0x0000000008000634                __ltsf2
                0x000000000800063c                __nesf2
                0x000000000800063c                __eqsf2
                0x000000000800063c                __cmpsf2
                0x000000000800069c                __aeabi_cfrcmple
                0x00000000080006a4                __aeabi_cfcmpeq
                0x00000000080006a4                __aeabi_cfcmple
                0x00000000080006b4                __aeabi_fcmpeq
                0x00000000080006c8                __aeabi_fcmplt
                0x00000000080006dc                __aeabi_fcmple
                0x00000000080006f0                __aeabi_fcmpge
                0x0000000008000704                __aeabi_fcmpgt
 .text          0x0000000008000718       0x4c c:/st/stm32cubeide_1.7.0/stm32cubeide/plugins/com.st.stm32cube.ide.mcu.externaltools.gnu-tools-for-stm32.9-2020-q2-update.win32_2.0.0.202105311346/tools/bin/../lib/gcc/arm-none-eabi/9.3.1/thumb/v7-m/nofp\libgcc.a(_arm_fixsfsi.o)
                0x0000000008000718                __aeabi_f2iz
                0x0000000008000718                __fixsfsi
 *(.text*)
 .text.MX_GPIO_Init
                0x0000000008000764       0xa0 ./Core/Src/main.o
 .text.MX_DMA_Init
                0x0000000008000804       0x44 ./Core/Src/main.o
 .text.HAL_ADC_ConvHalfCpltCallback
                0x0000000008000848       0x64 ./Core/Src/main.o
                0x0000000008000848                HAL_ADC_ConvHalfCpltCallback
 .text.HAL_ADC_ConvCpltCallback
                0x00000000080008ac       0x64 ./Core/Src/main.o
                0x00000000080008ac                HAL_ADC_ConvCpltCallback
 .text.Error_Handler
                0x0000000008000910        0x4 ./Core/Src/main.o
                0x0000000008000910                Error_Handler
 .text.MX_ADC1_Init
                0x0000000008000914       0xb4 ./Core/Src/main.o
 .text.MX_USART3_UART_Init
                0x00000000080009c8       0x34 ./Core/Src/main.o
 .text.MX_TIM1_Init
                0x00000000080009fc       0x6c ./Core/Src/main.o
 .text.MX_TIM3_Init
                0x0000000008000a68       0x6c ./Core/Src/main.o
 .text.SystemClock_Config
                0x0000000008000ad4       0x8c ./Core/Src/main.o
                0x0000000008000ad4                SystemClock_Config
 .text.main     0x0000000008000b60       0x78 ./Core/Src/main.o
                0x0000000008000b60                main
 .text.ring_buffer_add
                0x0000000008000bd8       0x44 ./Core/Src/piezosensor.o
 .text.ring_buffer_get_average
                0x0000000008000c1c       0x38 ./Core/Src/piezosensor.o
 .text.ring_buffer_get_latest
                0x0000000008000c54       0x1e ./Core/Src/piezosensor.o
 *fill*         0x0000000008000c72        0x2 
 .text.wait_for_trigger_state
                0x0000000008000c74       0xd4 ./Core/Src/piezosensor.o
 .text.tournament_state
                0x0000000008000d48       0xe0 ./Core/Src/piezosensor.o
 .text.piezosensor_init
                0x0000000008000e28      0x180 ./Core/Src/piezosensor.o
                0x0000000008000e28                piezosensor_init
 .text.cooldown_fsm_process
                0x0000000008000fa8       0xbc ./Core/Src/piezosensor.o
                0x0000000008000fa8                cooldown_fsm_process
 .text.hid_clear_report
                0x0000000008001064       0x10 ./Core/Src/piezosensor.o
                0x0000000008001064                hid_clear_report
 .text.schedule_key_press
                0x0000000008001074       0x34 ./Core/Src/piezosensor.o
                0x0000000008001074                schedule_key_press
 .text.hid_send_buffered_reports
                0x00000000080010a8       0x6c ./Core/Src/piezosensor.o
                0x00000000080010a8                hid_send_buffered_reports
 .text.hid_process_afterglow
                0x0000000008001114       0x8c ./Core/Src/piezosensor.o
                0x0000000008001114                hid_process_afterglow
 .text.led_set_sensor_triggered
                0x00000000080011a0       0x34 ./Core/Src/piezosensor.o
                0x00000000080011a0                led_set_sensor_triggered
 .text.final_state
                0x00000000080011d4      0x1a4 ./Core/Src/piezosensor.o
 .text.trigger_fsm_process
                0x0000000008001378       0x28 ./Core/Src/piezosensor.o
                0x0000000008001378                trigger_fsm_process
 .text.decay_adjusted_threshold
                0x00000000080013a0       0x98 ./Core/Src/piezosensor.o
                0x00000000080013a0                decay_adjusted_threshold
 .text.increment_system_ms
                0x0000000008001438       0x10 ./Core/Src/piezosensor.o
                0x0000000008001438                increment_system_ms
 .text.led_check_turn_off
                0x0000000008001448       0x4c ./Core/Src/piezosensor.o
                0x0000000008001448                led_check_turn_off
 .text.debug_init
                0x0000000008001494       0x14 ./Core/Src/piezosensor.o
                0x0000000008001494                debug_init
 .text.debug_update_max
                0x00000000080014a8       0x1c ./Core/Src/piezosensor.o
                0x00000000080014a8                debug_update_max
 .text.extract_envelope_from_samples
                0x00000000080014c4       0xfc ./Core/Src/piezosensor.o
                0x00000000080014c4                extract_envelope_from_samples
 .text.debug_output_if_needed
                0x00000000080015c0        0x2 ./Core/Src/piezosensor.o
                0x00000000080015c0                debug_output_if_needed
 *fill*         0x00000000080015c2        0x2 
 .text.parse_simple_float
                0x00000000080015c4       0x94 ./Core/Src/sensor_config.o
 .text.parse_fixed_point
                0x0000000008001658       0x92 ./Core/Src/sensor_config.o
 .text.parse_uint16
                0x00000000080016ea       0x50 ./Core/Src/sensor_config.o
 *fill*         0x000000000800173a        0x2 
 .text.uart_start_receive
                0x000000000800173c       0x18 ./Core/Src/sensor_config.o
 .text.fixed_point_to_string
                0x0000000008001754       0x40 ./Core/Src/sensor_config.o
 .text.sensor_config_calculate_checksum
                0x0000000008001794       0x16 ./Core/Src/sensor_config.o
                0x0000000008001794                sensor_config_calculate_checksum
 *fill*         0x00000000080017aa        0x2 
 .text.sensor_config_set_defaults
                0x00000000080017ac       0x74 ./Core/Src/sensor_config.o
                0x00000000080017ac                sensor_config_set_defaults
 .text.sensor_config_load_from_flash
                0x0000000008001820       0xa4 ./Core/Src/sensor_config.o
                0x0000000008001820                sensor_config_load_from_flash
 .text.sensor_config_init
                0x00000000080018c4       0x3c ./Core/Src/sensor_config.o
                0x00000000080018c4                sensor_config_init
 .text.sensor_config_save_to_flash
                0x0000000008001900       0xa0 ./Core/Src/sensor_config.o
                0x0000000008001900                sensor_config_save_to_flash
 .text.HAL_UART_RxCpltCallback
                0x00000000080019a0       0x24 ./Core/Src/sensor_config.o
                0x00000000080019a0                HAL_UART_RxCpltCallback
 .text.HAL_UART_ErrorCallback
                0x00000000080019c4        0x2 ./Core/Src/sensor_config.o
                0x00000000080019c4                HAL_UART_ErrorCallback
 .text.sensor_config_send_string
                0x00000000080019c6       0x12 ./Core/Src/sensor_config.o
                0x00000000080019c6                sensor_config_send_string
 .text.sensor_config_send_ok
                0x00000000080019d8       0x10 ./Core/Src/sensor_config.o
                0x00000000080019d8                sensor_config_send_ok
 .text.handle_set_command
                0x00000000080019e8      0x224 ./Core/Src/sensor_config.o
 .text.sensor_config_send_float
                0x0000000008001c0c       0x7c ./Core/Src/sensor_config.o
                0x0000000008001c0c                sensor_config_send_float
 .text.sensor_config_send_uint16
                0x0000000008001c88       0x24 ./Core/Src/sensor_config.o
                0x0000000008001c88                sensor_config_send_uint16
 .text.handle_query_command
                0x0000000008001cac      0x240 ./Core/Src/sensor_config.o
 .text.sensor_config_process_command
                0x0000000008001eec      0x2e8 ./Core/Src/sensor_config.o
                0x0000000008001eec                sensor_config_process_command
 .text.HAL_MspInit
                0x00000000080021d4       0x44 ./Core/Src/stm32f1xx_hal_msp.o
                0x00000000080021d4                HAL_MspInit
 .text.HAL_ADC_MspInit
                0x0000000008002218       0xa0 ./Core/Src/stm32f1xx_hal_msp.o
                0x0000000008002218                HAL_ADC_MspInit
 .text.HAL_TIM_Base_MspInit
                0x00000000080022b8       0x4c ./Core/Src/stm32f1xx_hal_msp.o
                0x00000000080022b8                HAL_TIM_Base_MspInit
 .text.HAL_UART_MspInit
                0x0000000008002304       0xc0 ./Core/Src/stm32f1xx_hal_msp.o
                0x0000000008002304                HAL_UART_MspInit
 .text.NMI_Handler
                0x00000000080023c4        0x2 ./Core/Src/stm32f1xx_it.o
                0x00000000080023c4                NMI_Handler
 .text.HardFault_Handler
                0x00000000080023c6        0x2 ./Core/Src/stm32f1xx_it.o
                0x00000000080023c6                HardFault_Handler
 .text.MemManage_Handler
                0x00000000080023c8        0x2 ./Core/Src/stm32f1xx_it.o
                0x00000000080023c8                MemManage_Handler
 .text.BusFault_Handler
                0x00000000080023ca        0x2 ./Core/Src/stm32f1xx_it.o
                0x00000000080023ca                BusFault_Handler
 .text.UsageFault_Handler
                0x00000000080023cc        0x2 ./Core/Src/stm32f1xx_it.o
                0x00000000080023cc                UsageFault_Handler
 .text.SVC_Handler
                0x00000000080023ce        0x2 ./Core/Src/stm32f1xx_it.o
                0x00000000080023ce                SVC_Handler
 .text.DebugMon_Handler
                0x00000000080023d0        0x2 ./Core/Src/stm32f1xx_it.o
                0x00000000080023d0                DebugMon_Handler
 .text.PendSV_Handler
                0x00000000080023d2        0x2 ./Core/Src/stm32f1xx_it.o
                0x00000000080023d2                PendSV_Handler
 .text.SysTick_Handler
                0x00000000080023d4        0x8 ./Core/Src/stm32f1xx_it.o
                0x00000000080023d4                SysTick_Handler
 .text.DMA1_Channel1_IRQHandler
                0x00000000080023dc       0x10 ./Core/Src/stm32f1xx_it.o
                0x00000000080023dc                DMA1_Channel1_IRQHandler
 .text.DMA1_Channel3_IRQHandler
                0x00000000080023ec       0x10 ./Core/Src/stm32f1xx_it.o
                0x00000000080023ec                DMA1_Channel3_IRQHandler
 .text.USB_LP_CAN1_RX0_IRQHandler
                0x00000000080023fc       0x10 ./Core/Src/stm32f1xx_it.o
                0x00000000080023fc                USB_LP_CAN1_RX0_IRQHandler
 .text.USART3_IRQHandler
                0x000000000800240c       0x10 ./Core/Src/stm32f1xx_it.o
                0x000000000800240c                USART3_IRQHandler
 .text._sbrk    0x000000000800241c       0x48 ./Core/Src/sysmem.o
                0x000000000800241c                _sbrk
 .text.SystemInit
                0x0000000008002464        0x2 ./Core/Src/system_stm32f1xx.o
                0x0000000008002464                SystemInit
 *fill*         0x0000000008002466        0x2 
 .text.is_cdc_connected
                0x0000000008002468       0x14 ./Core/Src/uart_terminal.o
 .text.uart_terminal_process_command
                0x000000000800247c       0x18 ./Core/Src/uart_terminal.o
 .text.uart_terminal_get_input_mode
                0x0000000008002494        0xc ./Core/Src/uart_terminal.o
                0x0000000008002494                uart_terminal_get_input_mode
 .text.uart_terminal_send
                0x00000000080024a0       0x28 ./Core/Src/uart_terminal.o
                0x00000000080024a0                uart_terminal_send
 .text.uart_terminal_receive_byte
                0x00000000080024c8       0x78 ./Core/Src/uart_terminal.o
                0x00000000080024c8                uart_terminal_receive_byte
 .text.uart_terminal_tick
                0x0000000008002540       0x38 ./Core/Src/uart_terminal.o
                0x0000000008002540                uart_terminal_tick
 .text.uart_terminal_process_idle
                0x0000000008002578        0xc ./Core/Src/uart_terminal.o
                0x0000000008002578                uart_terminal_process_idle
 .text.ring_buffer_init
                0x0000000008002584       0x28 ./Core/Src/usb_cdc_wrapper.o
 .text.tx_ring_buffer_enqueue
                0x00000000080025ac       0x70 ./Core/Src/usb_cdc_wrapper.o
 .text.tx_ring_buffer_dequeue
                0x000000000800261c       0x60 ./Core/Src/usb_cdc_wrapper.o
 .text.rx_ring_buffer_enqueue
                0x000000000800267c       0x44 ./Core/Src/usb_cdc_wrapper.o
 .text.rx_ring_buffer_dequeue
                0x00000000080026c0       0x38 ./Core/Src/usb_cdc_wrapper.o
 .text.CDC_Itf_DeInit
                0x00000000080026f8        0x4 ./Core/Src/usb_cdc_wrapper.o
 .text.CDC_Itf_Control
                0x00000000080026fc       0x5c ./Core/Src/usb_cdc_wrapper.o
 .text.CDC_Itf_Receive
                0x0000000008002758       0x40 ./Core/Src/usb_cdc_wrapper.o
 .text.CDC_Itf_Init
                0x0000000008002798       0x2c ./Core/Src/usb_cdc_wrapper.o
 .text.usb_cdc_enqueue_tx
                0x00000000080027c4        0x8 ./Core/Src/usb_cdc_wrapper.o
                0x00000000080027c4                usb_cdc_enqueue_tx
 .text.CDC_Transmit_FS
                0x00000000080027cc       0x30 ./Core/Src/usb_cdc_wrapper.o
                0x00000000080027cc                CDC_Transmit_FS
 .text.usb_cdc_process
                0x00000000080027fc       0x68 ./Core/Src/usb_cdc_wrapper.o
                0x00000000080027fc                usb_cdc_process
 .text.USBD_FS_DeviceDescriptor
                0x0000000008002864        0xc ./Core/Src/usbd_composite_desc.o
                0x0000000008002864                USBD_FS_DeviceDescriptor
 .text.USBD_FS_LangIDStrDescriptor
                0x0000000008002870        0xc ./Core/Src/usbd_composite_desc.o
                0x0000000008002870                USBD_FS_LangIDStrDescriptor
 .text.IntTo_Unicode
                0x000000000800287c       0x38 ./Core/Src/usbd_composite_desc.o
 .text.Get_SerialNum
                0x00000000080028b4       0x34 ./Core/Src/usbd_composite_desc.o
 .text.USBD_FS_SerialStrDescriptor
                0x00000000080028e8       0x14 ./Core/Src/usbd_composite_desc.o
                0x00000000080028e8                USBD_FS_SerialStrDescriptor
 .text.USBD_FS_ProductStrDescriptor
                0x00000000080028fc       0x24 ./Core/Src/usbd_composite_desc.o
                0x00000000080028fc                USBD_FS_ProductStrDescriptor
 .text.USBD_FS_ManufacturerStrDescriptor
                0x0000000008002920       0x1c ./Core/Src/usbd_composite_desc.o
                0x0000000008002920                USBD_FS_ManufacturerStrDescriptor
 .text.USBD_FS_ConfigStrDescriptor
                0x000000000800293c       0x24 ./Core/Src/usbd_composite_desc.o
                0x000000000800293c                USBD_FS_ConfigStrDescriptor
 .text.USBD_FS_InterfaceStrDescriptor
                0x0000000008002960       0x50 ./Core/Src/usbd_composite_desc.o
                0x0000000008002960                USBD_FS_InterfaceStrDescriptor
 .text.USBD_Composite_EP0_TxSent
                0x00000000080029b0       0x34 ./Core/Src/usbd_composite_wrapper.o
 .text.USBD_Composite_EP0_RxReady
                0x00000000080029e4       0x24 ./Core/Src/usbd_composite_wrapper.o
 .text.USBD_Composite_DataIn
                0x0000000008002a08       0x3c ./Core/Src/usbd_composite_wrapper.o
 .text.USBD_Composite_DataOut
                0x0000000008002a44       0x20 ./Core/Src/usbd_composite_wrapper.o
 .text.USBD_Composite_SOF
                0x0000000008002a64       0x28 ./Core/Src/usbd_composite_wrapper.o
 .text.USBD_Composite_GetFSConfigDescriptor
                0x0000000008002a8c        0xc ./Core/Src/usbd_composite_wrapper.o
 .text.USBD_Composite_GetHSConfigDescriptor
                0x0000000008002a98       0x10 ./Core/Src/usbd_composite_wrapper.o
 .text.USBD_Composite_GetDeviceQualifierDescriptor
                0x0000000008002aa8        0x8 ./Core/Src/usbd_composite_wrapper.o
 .text.USBD_Composite_Setup
                0x0000000008002ab0       0x48 ./Core/Src/usbd_composite_wrapper.o
 .text.USBD_Composite_DeInit
                0x0000000008002af8       0x3c ./Core/Src/usbd_composite_wrapper.o
 .text.USBD_Composite_Init
                0x0000000008002b34       0x70 ./Core/Src/usbd_composite_wrapper.o
 .text.Reset_Handler
                0x0000000008002ba4       0x48 ./Core/Startup/startup_stm32f103c8tx.o
                0x0000000008002ba4                Reset_Handler
 .text.Default_Handler
                0x0000000008002bec        0x2 ./Core/Startup/startup_stm32f103c8tx.o
                0x0000000008002bec                RTC_Alarm_IRQHandler
                0x0000000008002bec                EXTI2_IRQHandler
                0x0000000008002bec                TIM1_CC_IRQHandler
                0x0000000008002bec                PVD_IRQHandler
                0x0000000008002bec                EXTI3_IRQHandler
                0x0000000008002bec                EXTI0_IRQHandler
                0x0000000008002bec                I2C2_EV_IRQHandler
                0x0000000008002bec                ADC1_2_IRQHandler
                0x0000000008002bec                SPI1_IRQHandler
                0x0000000008002bec                TAMPER_IRQHandler
                0x0000000008002bec                DMA1_Channel4_IRQHandler
                0x0000000008002bec                RTC_IRQHandler
                0x0000000008002bec                DMA1_Channel7_IRQHandler
                0x0000000008002bec                CAN1_RX1_IRQHandler
                0x0000000008002bec                TIM4_IRQHandler
                0x0000000008002bec                I2C1_EV_IRQHandler
                0x0000000008002bec                DMA1_Channel6_IRQHandler
                0x0000000008002bec                TIM3_IRQHandler
                0x0000000008002bec                RCC_IRQHandler
                0x0000000008002bec                TIM1_TRG_COM_IRQHandler
                0x0000000008002bec                Default_Handler
                0x0000000008002bec                EXTI15_10_IRQHandler
                0x0000000008002bec                EXTI9_5_IRQHandler
                0x0000000008002bec                SPI2_IRQHandler
                0x0000000008002bec                DMA1_Channel5_IRQHandler
                0x0000000008002bec                EXTI4_IRQHandler
                0x0000000008002bec                USB_HP_CAN1_TX_IRQHandler
                0x0000000008002bec                TIM1_UP_IRQHandler
                0x0000000008002bec                WWDG_IRQHandler
                0x0000000008002bec                TIM2_IRQHandler
                0x0000000008002bec                TIM1_BRK_IRQHandler
                0x0000000008002bec                EXTI1_IRQHandler
                0x0000000008002bec                USART2_IRQHandler
                0x0000000008002bec                I2C2_ER_IRQHandler
                0x0000000008002bec                DMA1_Channel2_IRQHandler
                0x0000000008002bec                CAN1_SCE_IRQHandler
                0x0000000008002bec                FLASH_IRQHandler
                0x0000000008002bec                USART1_IRQHandler
                0x0000000008002bec                I2C1_ER_IRQHandler
                0x0000000008002bec                USBWakeUp_IRQHandler
 *fill*         0x0000000008002bee        0x2 
 .text.HAL_InitTick
                0x0000000008002bf0       0x4c ./Drivers/STM32F1xx_HAL_Driver/Src/stm32f1xx_hal.o
                0x0000000008002bf0                HAL_InitTick
 .text.HAL_Init
                0x0000000008002c3c       0x24 ./Drivers/STM32F1xx_HAL_Driver/Src/stm32f1xx_hal.o
                0x0000000008002c3c                HAL_Init
 .text.HAL_IncTick
                0x0000000008002c60       0x18 ./Drivers/STM32F1xx_HAL_Driver/Src/stm32f1xx_hal.o
                0x0000000008002c60                HAL_IncTick
 .text.HAL_GetTick
                0x0000000008002c78        0xc ./Drivers/STM32F1xx_HAL_Driver/Src/stm32f1xx_hal.o
                0x0000000008002c78                HAL_GetTick
 .text.HAL_Delay
                0x0000000008002c84       0x28 ./Drivers/STM32F1xx_HAL_Driver/Src/stm32f1xx_hal.o
                0x0000000008002c84                HAL_Delay
 .text.ADC_DMAConvCplt
                0x0000000008002cac       0x52 ./Drivers/STM32F1xx_HAL_Driver/Src/stm32f1xx_hal_adc.o
                0x0000000008002cac                ADC_DMAConvCplt
 .text.ADC_DMAHalfConvCplt
                0x0000000008002cfe        0xa ./Drivers/STM32F1xx_HAL_Driver/Src/stm32f1xx_hal_adc.o
                0x0000000008002cfe                ADC_DMAHalfConvCplt
 .text.HAL_ADC_ErrorCallback
                0x0000000008002d08        0x2 ./Drivers/STM32F1xx_HAL_Driver/Src/stm32f1xx_hal_adc.o
                0x0000000008002d08                HAL_ADC_ErrorCallback
 .text.ADC_DMAError
                0x0000000008002d0a       0x1a ./Drivers/STM32F1xx_HAL_Driver/Src/stm32f1xx_hal_adc.o
                0x0000000008002d0a                ADC_DMAError
 .text.HAL_ADC_ConfigChannel
                0x0000000008002d24      0x138 ./Drivers/STM32F1xx_HAL_Driver/Src/stm32f1xx_hal_adc.o
                0x0000000008002d24                HAL_ADC_ConfigChannel
 .text.ADC_Enable
                0x0000000008002e5c       0x88 ./Drivers/STM32F1xx_HAL_Driver/Src/stm32f1xx_hal_adc.o
                0x0000000008002e5c                ADC_Enable
 .text.HAL_ADC_Start_DMA
                0x0000000008002ee4      0x130 ./Drivers/STM32F1xx_HAL_Driver/Src/stm32f1xx_hal_adc.o
                0x0000000008002ee4                HAL_ADC_Start_DMA
 .text.ADC_ConversionStop_Disable
                0x0000000008003014       0x56 ./Drivers/STM32F1xx_HAL_Driver/Src/stm32f1xx_hal_adc.o
                0x0000000008003014                ADC_ConversionStop_Disable
 *fill*         0x000000000800306a        0x2 
 .text.HAL_ADC_Init
                0x000000000800306c      0x108 ./Drivers/STM32F1xx_HAL_Driver/Src/stm32f1xx_hal_adc.o
                0x000000000800306c                HAL_ADC_Init
 .text.HAL_NVIC_SetPriorityGrouping
                0x0000000008003174       0x24 ./Drivers/STM32F1xx_HAL_Driver/Src/stm32f1xx_hal_cortex.o
                0x0000000008003174                HAL_NVIC_SetPriorityGrouping
 .text.HAL_NVIC_SetPriority
                0x0000000008003198       0x68 ./Drivers/STM32F1xx_HAL_Driver/Src/stm32f1xx_hal_cortex.o
                0x0000000008003198                HAL_NVIC_SetPriority
 .text.HAL_NVIC_EnableIRQ
                0x0000000008003200       0x1c ./Drivers/STM32F1xx_HAL_Driver/Src/stm32f1xx_hal_cortex.o
                0x0000000008003200                HAL_NVIC_EnableIRQ
 .text.HAL_SYSTICK_Config
                0x000000000800321c       0x2c ./Drivers/STM32F1xx_HAL_Driver/Src/stm32f1xx_hal_cortex.o
                0x000000000800321c                HAL_SYSTICK_Config
 .text.DMA_SetConfig
                0x0000000008003248       0x2c ./Drivers/STM32F1xx_HAL_Driver/Src/stm32f1xx_hal_dma.o
 .text.HAL_DMA_Init
                0x0000000008003274       0x6c ./Drivers/STM32F1xx_HAL_Driver/Src/stm32f1xx_hal_dma.o
                0x0000000008003274                HAL_DMA_Init
 .text.HAL_DMA_Start_IT
                0x00000000080032e0       0x76 ./Drivers/STM32F1xx_HAL_Driver/Src/stm32f1xx_hal_dma.o
                0x00000000080032e0                HAL_DMA_Start_IT
 .text.HAL_DMA_Abort
                0x0000000008003356       0x46 ./Drivers/STM32F1xx_HAL_Driver/Src/stm32f1xx_hal_dma.o
                0x0000000008003356                HAL_DMA_Abort
 .text.HAL_DMA_Abort_IT
                0x000000000800339c       0x98 ./Drivers/STM32F1xx_HAL_Driver/Src/stm32f1xx_hal_dma.o
                0x000000000800339c                HAL_DMA_Abort_IT
 .text.HAL_DMA_IRQHandler
                0x0000000008003434      0x144 ./Drivers/STM32F1xx_HAL_Driver/Src/stm32f1xx_hal_dma.o
                0x0000000008003434                HAL_DMA_IRQHandler
 .text.FLASH_Program_HalfWord
                0x0000000008003578       0x1c ./Drivers/STM32F1xx_HAL_Driver/Src/stm32f1xx_hal_flash.o
 .text.FLASH_SetErrorCode
                0x0000000008003594       0x70 ./Drivers/STM32F1xx_HAL_Driver/Src/stm32f1xx_hal_flash.o
 .text.HAL_FLASH_Unlock
                0x0000000008003604       0x34 ./Drivers/STM32F1xx_HAL_Driver/Src/stm32f1xx_hal_flash.o
                0x0000000008003604                HAL_FLASH_Unlock
 .text.HAL_FLASH_Lock
                0x0000000008003638       0x14 ./Drivers/STM32F1xx_HAL_Driver/Src/stm32f1xx_hal_flash.o
                0x0000000008003638                HAL_FLASH_Lock
 .text.FLASH_WaitForLastOperation
                0x000000000800364c       0x68 ./Drivers/STM32F1xx_HAL_Driver/Src/stm32f1xx_hal_flash.o
                0x000000000800364c                FLASH_WaitForLastOperation
 .text.HAL_FLASH_Program
                0x00000000080036b4       0x9c ./Drivers/STM32F1xx_HAL_Driver/Src/stm32f1xx_hal_flash.o
                0x00000000080036b4                HAL_FLASH_Program
 .text.FLASH_MassErase
                0x0000000008003750       0x24 ./Drivers/STM32F1xx_HAL_Driver/Src/stm32f1xx_hal_flash_ex.o
 .text.FLASH_PageErase
                0x0000000008003774       0x24 ./Drivers/STM32F1xx_HAL_Driver/Src/stm32f1xx_hal_flash_ex.o
                0x0000000008003774                FLASH_PageErase
 .text.HAL_FLASHEx_Erase
                0x0000000008003798       0xa4 ./Drivers/STM32F1xx_HAL_Driver/Src/stm32f1xx_hal_flash_ex.o
                0x0000000008003798                HAL_FLASHEx_Erase
 .text.HAL_GPIO_Init
                0x000000000800383c      0x220 ./Drivers/STM32F1xx_HAL_Driver/Src/stm32f1xx_hal_gpio.o
                0x000000000800383c                HAL_GPIO_Init
 .text.HAL_GPIO_WritePin
                0x0000000008003a5c        0xc ./Drivers/STM32F1xx_HAL_Driver/Src/stm32f1xx_hal_gpio.o
                0x0000000008003a5c                HAL_GPIO_WritePin
 .text.HAL_PCD_EP_DB_Receive
                0x0000000008003a68      0x116 ./Drivers/STM32F1xx_HAL_Driver/Src/stm32f1xx_hal_pcd.o
 .text.HAL_PCD_Init
                0x0000000008003b7e       0xe6 ./Drivers/STM32F1xx_HAL_Driver/Src/stm32f1xx_hal_pcd.o
                0x0000000008003b7e                HAL_PCD_Init
 .text.HAL_PCD_Start
                0x0000000008003c64       0x32 ./Drivers/STM32F1xx_HAL_Driver/Src/stm32f1xx_hal_pcd.o
                0x0000000008003c64                HAL_PCD_Start
 .text.HAL_PCD_EP_DB_Transmit
                0x0000000008003c96      0x424 ./Drivers/STM32F1xx_HAL_Driver/Src/stm32f1xx_hal_pcd.o
 .text.PCD_EP_ISR_Handler
                0x00000000080040ba      0x554 ./Drivers/STM32F1xx_HAL_Driver/Src/stm32f1xx_hal_pcd.o
 .text.HAL_PCD_SetAddress
                0x000000000800460e       0x26 ./Drivers/STM32F1xx_HAL_Driver/Src/stm32f1xx_hal_pcd.o
                0x000000000800460e                HAL_PCD_SetAddress
 .text.HAL_PCD_IRQHandler
                0x0000000008004634      0x1b0 ./Drivers/STM32F1xx_HAL_Driver/Src/stm32f1xx_hal_pcd.o
                0x0000000008004634                HAL_PCD_IRQHandler
 .text.HAL_PCD_EP_Open
                0x00000000080047e4       0x7a ./Drivers/STM32F1xx_HAL_Driver/Src/stm32f1xx_hal_pcd.o
                0x00000000080047e4                HAL_PCD_EP_Open
 .text.HAL_PCD_EP_Close
                0x000000000800485e       0x6c ./Drivers/STM32F1xx_HAL_Driver/Src/stm32f1xx_hal_pcd.o
                0x000000000800485e                HAL_PCD_EP_Close
 .text.HAL_PCD_EP_Receive
                0x00000000080048ca       0x3a ./Drivers/STM32F1xx_HAL_Driver/Src/stm32f1xx_hal_pcd.o
                0x00000000080048ca                HAL_PCD_EP_Receive
 .text.HAL_PCD_EP_GetRxCount
                0x0000000008004904       0x12 ./Drivers/STM32F1xx_HAL_Driver/Src/stm32f1xx_hal_pcd.o
                0x0000000008004904                HAL_PCD_EP_GetRxCount
 .text.HAL_PCD_EP_Transmit
                0x0000000008004916       0x42 ./Drivers/STM32F1xx_HAL_Driver/Src/stm32f1xx_hal_pcd.o
                0x0000000008004916                HAL_PCD_EP_Transmit
 .text.HAL_PCD_EP_SetStall
                0x0000000008004958       0x80 ./Drivers/STM32F1xx_HAL_Driver/Src/stm32f1xx_hal_pcd.o
                0x0000000008004958                HAL_PCD_EP_SetStall
 .text.HAL_PCD_EP_ClrStall
                0x00000000080049d8       0x7e ./Drivers/STM32F1xx_HAL_Driver/Src/stm32f1xx_hal_pcd.o
                0x00000000080049d8                HAL_PCD_EP_ClrStall
 .text.HAL_PCDEx_PMAConfig
                0x0000000008004a56       0x38 ./Drivers/STM32F1xx_HAL_Driver/Src/stm32f1xx_hal_pcd_ex.o
                0x0000000008004a56                HAL_PCDEx_PMAConfig
 *fill*         0x0000000008004a8e        0x2 
 .text.RCC_Delay
                0x0000000008004a90       0x2c ./Drivers/STM32F1xx_HAL_Driver/Src/stm32f1xx_hal_rcc.o
 .text.HAL_RCC_OscConfig
                0x0000000008004abc      0x410 ./Drivers/STM32F1xx_HAL_Driver/Src/stm32f1xx_hal_rcc.o
                0x0000000008004abc                HAL_RCC_OscConfig
 .text.HAL_RCC_GetSysClockFreq
                0x0000000008004ecc       0x60 ./Drivers/STM32F1xx_HAL_Driver/Src/stm32f1xx_hal_rcc.o
                0x0000000008004ecc                HAL_RCC_GetSysClockFreq
 .text.HAL_RCC_ClockConfig
                0x0000000008004f2c      0x16c ./Drivers/STM32F1xx_HAL_Driver/Src/stm32f1xx_hal_rcc.o
                0x0000000008004f2c                HAL_RCC_ClockConfig
 .text.HAL_RCC_GetHCLKFreq
                0x0000000008005098        0xc ./Drivers/STM32F1xx_HAL_Driver/Src/stm32f1xx_hal_rcc.o
                0x0000000008005098                HAL_RCC_GetHCLKFreq
 .text.HAL_RCC_GetPCLK1Freq
                0x00000000080050a4       0x20 ./Drivers/STM32F1xx_HAL_Driver/Src/stm32f1xx_hal_rcc.o
                0x00000000080050a4                HAL_RCC_GetPCLK1Freq
 .text.HAL_RCC_GetPCLK2Freq
                0x00000000080050c4       0x20 ./Drivers/STM32F1xx_HAL_Driver/Src/stm32f1xx_hal_rcc.o
                0x00000000080050c4                HAL_RCC_GetPCLK2Freq
 .text.HAL_RCCEx_PeriphCLKConfig
                0x00000000080050e4      0x114 ./Drivers/STM32F1xx_HAL_Driver/Src/stm32f1xx_hal_rcc_ex.o
                0x00000000080050e4                HAL_RCCEx_PeriphCLKConfig
 .text.TIM_TI1_ConfigInputStage
                0x00000000080051f8       0x24 ./Drivers/STM32F1xx_HAL_Driver/Src/stm32f1xx_hal_tim.o
 .text.TIM_TI2_ConfigInputStage
                0x000000000800521c       0x26 ./Drivers/STM32F1xx_HAL_Driver/Src/stm32f1xx_hal_tim.o
 .text.TIM_ITRx_SetConfig
                0x0000000008005242       0x10 ./Drivers/STM32F1xx_HAL_Driver/Src/stm32f1xx_hal_tim.o
 *fill*         0x0000000008005252        0x2 
 .text.HAL_TIM_Base_Start_IT
                0x0000000008005254       0x68 ./Drivers/STM32F1xx_HAL_Driver/Src/stm32f1xx_hal_tim.o
                0x0000000008005254                HAL_TIM_Base_Start_IT
 .text.TIM_Base_SetConfig
                0x00000000080052bc       0x84 ./Drivers/STM32F1xx_HAL_Driver/Src/stm32f1xx_hal_tim.o
                0x00000000080052bc                TIM_Base_SetConfig
 .text.HAL_TIM_Base_Init
                0x0000000008005340       0x58 ./Drivers/STM32F1xx_HAL_Driver/Src/stm32f1xx_hal_tim.o
                0x0000000008005340                HAL_TIM_Base_Init
 .text.TIM_ETR_SetConfig
                0x0000000008005398       0x16 ./Drivers/STM32F1xx_HAL_Driver/Src/stm32f1xx_hal_tim.o
                0x0000000008005398                TIM_ETR_SetConfig
 .text.HAL_TIM_ConfigClockSource
                0x00000000080053ae       0xfe ./Drivers/STM32F1xx_HAL_Driver/Src/stm32f1xx_hal_tim.o
                0x00000000080053ae                HAL_TIM_ConfigClockSource
 .text.HAL_TIMEx_MasterConfigSynchronization
                0x00000000080054ac       0x68 ./Drivers/STM32F1xx_HAL_Driver/Src/stm32f1xx_hal_tim_ex.o
                0x00000000080054ac                HAL_TIMEx_MasterConfigSynchronization
 .text.UART_EndRxTransfer
                0x0000000008005514       0x5c ./Drivers/STM32F1xx_HAL_Driver/Src/stm32f1xx_hal_uart.o
 .text.UART_Transmit_IT
                0x0000000008005570       0x60 ./Drivers/STM32F1xx_HAL_Driver/Src/stm32f1xx_hal_uart.o
 .text.UART_SetConfig
                0x00000000080055d0       0x90 ./Drivers/STM32F1xx_HAL_Driver/Src/stm32f1xx_hal_uart.o
 .text.UART_WaitOnFlagUntilTimeout
                0x0000000008005660       0x86 ./Drivers/STM32F1xx_HAL_Driver/Src/stm32f1xx_hal_uart.o
 .text.HAL_UART_Init
                0x00000000080056e6       0x60 ./Drivers/STM32F1xx_HAL_Driver/Src/stm32f1xx_hal_uart.o
                0x00000000080056e6                HAL_UART_Init
 .text.HAL_UART_Transmit
                0x0000000008005746       0xcc ./Drivers/STM32F1xx_HAL_Driver/Src/stm32f1xx_hal_uart.o
                0x0000000008005746                HAL_UART_Transmit
 .text.HAL_UART_TxCpltCallback
                0x0000000008005812        0x2 ./Drivers/STM32F1xx_HAL_Driver/Src/stm32f1xx_hal_uart.o
                0x0000000008005812                HAL_UART_TxCpltCallback
 .text.UART_EndTransmit_IT
                0x0000000008005814       0x1a ./Drivers/STM32F1xx_HAL_Driver/Src/stm32f1xx_hal_uart.o
 .text.UART_DMAAbortOnError
                0x000000000800582e       0x10 ./Drivers/STM32F1xx_HAL_Driver/Src/stm32f1xx_hal_uart.o
 .text.HAL_UARTEx_RxEventCallback
                0x000000000800583e        0x2 ./Drivers/STM32F1xx_HAL_Driver/Src/stm32f1xx_hal_uart.o
                0x000000000800583e                HAL_UARTEx_RxEventCallback
 .text.UART_Receive_IT
                0x0000000008005840       0xe6 ./Drivers/STM32F1xx_HAL_Driver/Src/stm32f1xx_hal_uart.o
 *fill*         0x0000000008005926        0x2 
 .text.HAL_UART_IRQHandler
                0x0000000008005928      0x288 ./Drivers/STM32F1xx_HAL_Driver/Src/stm32f1xx_hal_uart.o
                0x0000000008005928                HAL_UART_IRQHandler
 .text.UART_Start_Receive_IT
                0x0000000008005bb0       0x36 ./Drivers/STM32F1xx_HAL_Driver/Src/stm32f1xx_hal_uart.o
                0x0000000008005bb0                UART_Start_Receive_IT
 .text.HAL_UART_Receive_IT
                0x0000000008005be6       0x26 ./Drivers/STM32F1xx_HAL_Driver/Src/stm32f1xx_hal_uart.o
                0x0000000008005be6                HAL_UART_Receive_IT
 .text.USB_CoreInit
                0x0000000008005c0c        0xe ./Drivers/STM32F1xx_HAL_Driver/Src/stm32f1xx_ll_usb.o
                0x0000000008005c0c                USB_CoreInit
 .text.USB_EnableGlobalInt
                0x0000000008005c1a       0x12 ./Drivers/STM32F1xx_HAL_Driver/Src/stm32f1xx_ll_usb.o
                0x0000000008005c1a                USB_EnableGlobalInt
 .text.USB_DisableGlobalInt
                0x0000000008005c2c       0x14 ./Drivers/STM32F1xx_HAL_Driver/Src/stm32f1xx_ll_usb.o
                0x0000000008005c2c                USB_DisableGlobalInt
 .text.USB_SetCurrentMode
                0x0000000008005c40        0x4 ./Drivers/STM32F1xx_HAL_Driver/Src/stm32f1xx_ll_usb.o
                0x0000000008005c40                USB_SetCurrentMode
 .text.USB_DevInit
                0x0000000008005c44       0x26 ./Drivers/STM32F1xx_HAL_Driver/Src/stm32f1xx_ll_usb.o
                0x0000000008005c44                USB_DevInit
 .text.USB_ActivateEndpoint
                0x0000000008005c6a      0x38e ./Drivers/STM32F1xx_HAL_Driver/Src/stm32f1xx_ll_usb.o
                0x0000000008005c6a                USB_ActivateEndpoint
 .text.USB_DeactivateEndpoint
                0x0000000008005ff8      0x1d4 ./Drivers/STM32F1xx_HAL_Driver/Src/stm32f1xx_ll_usb.o
                0x0000000008005ff8                USB_DeactivateEndpoint
 .text.USB_EPSetStall
                0x00000000080061cc       0x4a ./Drivers/STM32F1xx_HAL_Driver/Src/stm32f1xx_ll_usb.o
                0x00000000080061cc                USB_EPSetStall
 .text.USB_EPClearStall
                0x0000000008006216       0xa2 ./Drivers/STM32F1xx_HAL_Driver/Src/stm32f1xx_ll_usb.o
                0x0000000008006216                USB_EPClearStall
 .text.USB_SetDevAddress
                0x00000000080062b8        0xc ./Drivers/STM32F1xx_HAL_Driver/Src/stm32f1xx_ll_usb.o
                0x00000000080062b8                USB_SetDevAddress
 .text.USB_DevConnect
                0x00000000080062c4        0x4 ./Drivers/STM32F1xx_HAL_Driver/Src/stm32f1xx_ll_usb.o
                0x00000000080062c4                USB_DevConnect
 .text.USB_DevDisconnect
                0x00000000080062c8        0x4 ./Drivers/STM32F1xx_HAL_Driver/Src/stm32f1xx_ll_usb.o
                0x00000000080062c8                USB_DevDisconnect
 .text.USB_ReadInterrupts
                0x00000000080062cc        0x8 ./Drivers/STM32F1xx_HAL_Driver/Src/stm32f1xx_ll_usb.o
                0x00000000080062cc                USB_ReadInterrupts
 .text.USB_EP0_OutStart
                0x00000000080062d4        0x4 ./Drivers/STM32F1xx_HAL_Driver/Src/stm32f1xx_ll_usb.o
                0x00000000080062d4                USB_EP0_OutStart
 .text.USB_WritePMA
                0x00000000080062d8       0x26 ./Drivers/STM32F1xx_HAL_Driver/Src/stm32f1xx_ll_usb.o
                0x00000000080062d8                USB_WritePMA
 .text.USB_EPStartXfer
                0x00000000080062fe      0x7ce ./Drivers/STM32F1xx_HAL_Driver/Src/stm32f1xx_ll_usb.o
                0x00000000080062fe                USB_EPStartXfer
 .text.USB_ReadPMA
                0x0000000008006acc       0x2e ./Drivers/STM32F1xx_HAL_Driver/Src/stm32f1xx_ll_usb.o
                0x0000000008006acc                USB_ReadPMA
 *fill*         0x0000000008006afa        0x2 
 .text.USBD_HID_GetFSCfgDesc
                0x0000000008006afc        0xc ./Middlewares/ST/STM32_USB_Device_Library/Class/HID/Src/usbd_hid.o
 .text.USBD_HID_GetHSCfgDesc
                0x0000000008006b08        0xc ./Middlewares/ST/STM32_USB_Device_Library/Class/HID/Src/usbd_hid.o
 .text.USBD_HID_GetOtherSpeedCfgDesc
                0x0000000008006b14        0xc ./Middlewares/ST/STM32_USB_Device_Library/Class/HID/Src/usbd_hid.o
 .text.USBD_HID_DataIn
                0x0000000008006b20        0xa ./Middlewares/ST/STM32_USB_Device_Library/Class/HID/Src/usbd_hid.o
 *fill*         0x0000000008006b2a        0x2 
 .text.USBD_HID_GetDeviceQualifierDesc
                0x0000000008006b2c        0xc ./Middlewares/ST/STM32_USB_Device_Library/Class/HID/Src/usbd_hid.o
 .text.USBD_HID_Setup
                0x0000000008006b38      0x114 ./Middlewares/ST/STM32_USB_Device_Library/Class/HID/Src/usbd_hid.o
 .text.USBD_HID_DeInit
                0x0000000008006c4c       0x1e ./Middlewares/ST/STM32_USB_Device_Library/Class/HID/Src/usbd_hid.o
 .text.USBD_HID_Init
                0x0000000008006c6a       0x1c ./Middlewares/ST/STM32_USB_Device_Library/Class/HID/Src/usbd_hid.o
 .text.USBD_HID_SendReport
                0x0000000008006c86       0x28 ./Middlewares/ST/STM32_USB_Device_Library/Class/HID/Src/usbd_hid.o
                0x0000000008006c86                USBD_HID_SendReport
 .text.USBD_Init
                0x0000000008006cae       0x2e ./Middlewares/ST/STM32_USB_Device_Library/Core/Src/usbd_core.o
                0x0000000008006cae                USBD_Init
 .text.USBD_RegisterClass
                0x0000000008006cdc        0xe ./Middlewares/ST/STM32_USB_Device_Library/Core/Src/usbd_core.o
                0x0000000008006cdc                USBD_RegisterClass
 .text.USBD_Start
                0x0000000008006cea        0xa ./Middlewares/ST/STM32_USB_Device_Library/Core/Src/usbd_core.o
                0x0000000008006cea                USBD_Start
 .text.USBD_SetClassConfig
                0x0000000008006cf4       0x18 ./Middlewares/ST/STM32_USB_Device_Library/Core/Src/usbd_core.o
                0x0000000008006cf4                USBD_SetClassConfig
 .text.USBD_ClrClassConfig
                0x0000000008006d0c        0xe ./Middlewares/ST/STM32_USB_Device_Library/Core/Src/usbd_core.o
                0x0000000008006d0c                USBD_ClrClassConfig
 .text.USBD_LL_SetupStage
                0x0000000008006d1a       0x5a ./Middlewares/ST/STM32_USB_Device_Library/Core/Src/usbd_core.o
                0x0000000008006d1a                USBD_LL_SetupStage
 .text.USBD_LL_DataOutStage
                0x0000000008006d74       0x8c ./Middlewares/ST/STM32_USB_Device_Library/Core/Src/usbd_core.o
                0x0000000008006d74                USBD_LL_DataOutStage
 .text.USBD_LL_DataInStage
                0x0000000008006e00       0xd0 ./Middlewares/ST/STM32_USB_Device_Library/Core/Src/usbd_core.o
                0x0000000008006e00                USBD_LL_DataInStage
 .text.USBD_LL_Reset
                0x0000000008006ed0       0x50 ./Middlewares/ST/STM32_USB_Device_Library/Core/Src/usbd_core.o
                0x0000000008006ed0                USBD_LL_Reset
 .text.USBD_LL_SetSpeed
                0x0000000008006f20        0x6 ./Middlewares/ST/STM32_USB_Device_Library/Core/Src/usbd_core.o
                0x0000000008006f20                USBD_LL_SetSpeed
 .text.USBD_LL_Suspend
                0x0000000008006f26       0x12 ./Middlewares/ST/STM32_USB_Device_Library/Core/Src/usbd_core.o
                0x0000000008006f26                USBD_LL_Suspend
 .text.USBD_LL_Resume
                0x0000000008006f38       0x16 ./Middlewares/ST/STM32_USB_Device_Library/Core/Src/usbd_core.o
                0x0000000008006f38                USBD_LL_Resume
 .text.USBD_LL_SOF
                0x0000000008006f4e       0x1c ./Middlewares/ST/STM32_USB_Device_Library/Core/Src/usbd_core.o
                0x0000000008006f4e                USBD_LL_SOF
 .text.USBD_GetLen
                0x0000000008006f6a       0x12 ./Middlewares/ST/STM32_USB_Device_Library/Core/Src/usbd_ctlreq.o
 .text.USBD_SetFeature
                0x0000000008006f7c       0x14 ./Middlewares/ST/STM32_USB_Device_Library/Core/Src/usbd_ctlreq.o
 .text.USBD_ParseSetupRequest
                0x0000000008006f90       0x28 ./Middlewares/ST/STM32_USB_Device_Library/Core/Src/usbd_ctlreq.o
                0x0000000008006f90                USBD_ParseSetupRequest
 .text.USBD_CtlError
                0x0000000008006fb8       0x14 ./Middlewares/ST/STM32_USB_Device_Library/Core/Src/usbd_ctlreq.o
                0x0000000008006fb8                USBD_CtlError
 .text.USBD_GetDescriptor
                0x0000000008006fcc      0x186 ./Middlewares/ST/STM32_USB_Device_Library/Core/Src/usbd_ctlreq.o
 .text.USBD_SetAddress
                0x0000000008007152       0x4e ./Middlewares/ST/STM32_USB_Device_Library/Core/Src/usbd_ctlreq.o
 .text.USBD_SetConfig
                0x00000000080071a0       0xb0 ./Middlewares/ST/STM32_USB_Device_Library/Core/Src/usbd_ctlreq.o
 .text.USBD_GetConfig
                0x0000000008007250       0x3e ./Middlewares/ST/STM32_USB_Device_Library/Core/Src/usbd_ctlreq.o
 .text.USBD_GetStatus
                0x000000000800728e       0x38 ./Middlewares/ST/STM32_USB_Device_Library/Core/Src/usbd_ctlreq.o
 .text.USBD_ClrFeature
                0x00000000080072c6       0x26 ./Middlewares/ST/STM32_USB_Device_Library/Core/Src/usbd_ctlreq.o
 .text.USBD_StdDevReq
                0x00000000080072ec       0x68 ./Middlewares/ST/STM32_USB_Device_Library/Core/Src/usbd_ctlreq.o
                0x00000000080072ec                USBD_StdDevReq
 .text.USBD_StdItfReq
                0x0000000008007354       0x60 ./Middlewares/ST/STM32_USB_Device_Library/Core/Src/usbd_ctlreq.o
                0x0000000008007354                USBD_StdItfReq
 .text.USBD_StdEPReq
                0x00000000080073b4      0x1e2 ./Middlewares/ST/STM32_USB_Device_Library/Core/Src/usbd_ctlreq.o
                0x00000000080073b4                USBD_StdEPReq
 .text.USBD_GetString
                0x0000000008007596       0x38 ./Middlewares/ST/STM32_USB_Device_Library/Core/Src/usbd_ctlreq.o
                0x0000000008007596                USBD_GetString
 .text.USBD_CtlSendData
                0x00000000080075ce       0x1a ./Middlewares/ST/STM32_USB_Device_Library/Core/Src/usbd_ioreq.o
                0x00000000080075ce                USBD_CtlSendData
 .text.USBD_CtlContinueSendData
                0x00000000080075e8       0x10 ./Middlewares/ST/STM32_USB_Device_Library/Core/Src/usbd_ioreq.o
                0x00000000080075e8                USBD_CtlContinueSendData
 .text.USBD_CtlPrepareRx
                0x00000000080075f8       0x1e ./Middlewares/ST/STM32_USB_Device_Library/Core/Src/usbd_ioreq.o
                0x00000000080075f8                USBD_CtlPrepareRx
 .text.USBD_CtlContinueRx
                0x0000000008007616       0x10 ./Middlewares/ST/STM32_USB_Device_Library/Core/Src/usbd_ioreq.o
                0x0000000008007616                USBD_CtlContinueRx
 .text.USBD_CtlSendStatus
                0x0000000008007626       0x16 ./Middlewares/ST/STM32_USB_Device_Library/Core/Src/usbd_ioreq.o
                0x0000000008007626                USBD_CtlSendStatus
 .text.USBD_CtlReceiveStatus
                0x000000000800763c       0x16 ./Middlewares/ST/STM32_USB_Device_Library/Core/Src/usbd_ioreq.o
                0x000000000800763c                USBD_CtlReceiveStatus
 *fill*         0x0000000008007652        0x2 
 .text.MX_USB_DEVICE_Init
                0x0000000008007654       0x54 ./USB_DEVICE/App/usb_device.o
                0x0000000008007654                MX_USB_DEVICE_Init
 .text.USBD_CDC_EP0_RxReady
                0x00000000080076a8       0x28 ./USB_DEVICE/App/usbd_cdc.o
 .text.USBD_CDC_GetFSCfgDesc
                0x00000000080076d0        0xc ./USB_DEVICE/App/usbd_cdc.o
 .text.USBD_CDC_GetHSCfgDesc
                0x00000000080076dc        0xc ./USB_DEVICE/App/usbd_cdc.o
 .text.USBD_CDC_GetOtherSpeedCfgDesc
                0x00000000080076e8        0xc ./USB_DEVICE/App/usbd_cdc.o
 .text.USBD_CDC_GetDeviceQualifierDescriptor
                0x00000000080076f4        0xc ./USB_DEVICE/App/usbd_cdc.o
                0x00000000080076f4                USBD_CDC_GetDeviceQualifierDescriptor
 .text.USBD_CDC_DataOut
                0x0000000008007700       0x2e ./USB_DEVICE/App/usbd_cdc.o
 .text.USBD_CDC_DataIn
                0x000000000800772e       0x52 ./USB_DEVICE/App/usbd_cdc.o
 .text.USBD_CDC_Setup
                0x0000000008007780       0xd6 ./USB_DEVICE/App/usbd_cdc.o
 .text.USBD_CDC_DeInit
                0x0000000008007856       0x3a ./USB_DEVICE/App/usbd_cdc.o
 .text.USBD_CDC_Init
                0x0000000008007890       0x98 ./USB_DEVICE/App/usbd_cdc.o
 .text.USBD_CDC_RegisterInterface
                0x0000000008007928        0xe ./USB_DEVICE/App/usbd_cdc.o
                0x0000000008007928                USBD_CDC_RegisterInterface
 .text.USBD_CDC_SetTxBuffer
                0x0000000008007936       0x10 ./USB_DEVICE/App/usbd_cdc.o
                0x0000000008007936                USBD_CDC_SetTxBuffer
 .text.USBD_CDC_SetRxBuffer
                0x0000000008007946        0xc ./USB_DEVICE/App/usbd_cdc.o
                0x0000000008007946                USBD_CDC_SetRxBuffer
 .text.USBD_CDC_TransmitPacket
                0x0000000008007952       0x38 ./USB_DEVICE/App/usbd_cdc.o
                0x0000000008007952                USBD_CDC_TransmitPacket
 .text.USBD_CDC_ReceivePacket
                0x000000000800798a       0x34 ./USB_DEVICE/App/usbd_cdc.o
                0x000000000800798a                USBD_CDC_ReceivePacket
 .text.USBD_Get_USB_Status
                0x00000000080079be       0x14 ./USB_DEVICE/Target/usbd_conf.o
 *fill*         0x00000000080079d2        0x2 
 .text.HAL_PCD_MspInit
                0x00000000080079d4       0x40 ./USB_DEVICE/Target/usbd_conf.o
                0x00000000080079d4                HAL_PCD_MspInit
 .text.HAL_PCD_SetupStageCallback
                0x0000000008007a14       0x10 ./USB_DEVICE/Target/usbd_conf.o
                0x0000000008007a14                HAL_PCD_SetupStageCallback
 .text.HAL_PCD_DataOutStageCallback
                0x0000000008007a24       0x18 ./USB_DEVICE/Target/usbd_conf.o
                0x0000000008007a24                HAL_PCD_DataOutStageCallback
 .text.HAL_PCD_DataInStageCallback
                0x0000000008007a3c       0x16 ./USB_DEVICE/Target/usbd_conf.o
                0x0000000008007a3c                HAL_PCD_DataInStageCallback
 .text.HAL_PCD_SOFCallback
                0x0000000008007a52        0xc ./USB_DEVICE/Target/usbd_conf.o
                0x0000000008007a52                HAL_PCD_SOFCallback
 .text.HAL_PCD_ResetCallback
                0x0000000008007a5e       0x24 ./USB_DEVICE/Target/usbd_conf.o
                0x0000000008007a5e                HAL_PCD_ResetCallback
 *fill*         0x0000000008007a82        0x2 
 .text.HAL_PCD_SuspendCallback
                0x0000000008007a84       0x20 ./USB_DEVICE/Target/usbd_conf.o
                0x0000000008007a84                HAL_PCD_SuspendCallback
 .text.HAL_PCD_ResumeCallback
                0x0000000008007aa4        0xc ./USB_DEVICE/Target/usbd_conf.o
                0x0000000008007aa4                HAL_PCD_ResumeCallback
 .text.USBD_LL_Init
                0x0000000008007ab0       0x94 ./USB_DEVICE/Target/usbd_conf.o
                0x0000000008007ab0                USBD_LL_Init
 .text.USBD_LL_Start
                0x0000000008007b44       0x10 ./USB_DEVICE/Target/usbd_conf.o
                0x0000000008007b44                USBD_LL_Start
 .text.USBD_LL_OpenEP
                0x0000000008007b54       0x16 ./USB_DEVICE/Target/usbd_conf.o
                0x0000000008007b54                USBD_LL_OpenEP
 .text.USBD_LL_CloseEP
                0x0000000008007b6a       0x10 ./USB_DEVICE/Target/usbd_conf.o
                0x0000000008007b6a                USBD_LL_CloseEP
 .text.USBD_LL_StallEP
                0x0000000008007b7a       0x10 ./USB_DEVICE/Target/usbd_conf.o
                0x0000000008007b7a                USBD_LL_StallEP
 .text.USBD_LL_ClearStallEP
                0x0000000008007b8a       0x10 ./USB_DEVICE/Target/usbd_conf.o
                0x0000000008007b8a                USBD_LL_ClearStallEP
 .text.USBD_LL_IsStallEP
                0x0000000008007b9a       0x2c ./USB_DEVICE/Target/usbd_conf.o
                0x0000000008007b9a                USBD_LL_IsStallEP
 .text.USBD_LL_SetUSBAddress
                0x0000000008007bc6       0x10 ./USB_DEVICE/Target/usbd_conf.o
                0x0000000008007bc6                USBD_LL_SetUSBAddress
 .text.USBD_LL_Transmit
                0x0000000008007bd6       0x10 ./USB_DEVICE/Target/usbd_conf.o
                0x0000000008007bd6                USBD_LL_Transmit
 .text.USBD_LL_PrepareReceive
                0x0000000008007be6       0x10 ./USB_DEVICE/Target/usbd_conf.o
                0x0000000008007be6                USBD_LL_PrepareReceive
 .text.USBD_LL_GetRxDataSize
                0x0000000008007bf6        0xc ./USB_DEVICE/Target/usbd_conf.o
                0x0000000008007bf6                USBD_LL_GetRxDataSize
 *fill*         0x0000000008007c02        0x2 
 .text.USBD_static_malloc
                0x0000000008007c04        0x8 ./USB_DEVICE/Target/usbd_conf.o
                0x0000000008007c04                USBD_static_malloc
 .text.USBD_static_free
                0x0000000008007c0c        0x2 ./USB_DEVICE/Target/usbd_conf.o
                0x0000000008007c0c                USBD_static_free
 .text.HAL_PCDEx_SetConnectionState
                0x0000000008007c0e        0x2 ./USB_DEVICE/Target/usbd_conf.o
                0x0000000008007c0e                HAL_PCDEx_SetConnectionState
 .text.__errno  0x0000000008007c10        0xc c:/st/stm32cubeide_1.7.0/stm32cubeide/plugins/com.st.stm32cube.ide.mcu.externaltools.gnu-tools-for-stm32.9-2020-q2-update.win32_2.0.0.202105311346/tools/bin/../lib/gcc/arm-none-eabi/9.3.1/../../../../arm-none-eabi/lib/thumb/v7-m/nofp\libc_nano.a(lib_a-errno.o)
                0x0000000008007c10                __errno
 .text.__libc_init_array
                0x0000000008007c1c       0x48 c:/st/stm32cubeide_1.7.0/stm32cubeide/plugins/com.st.stm32cube.ide.mcu.externaltools.gnu-tools-for-stm32.9-2020-q2-update.win32_2.0.0.202105311346/tools/bin/../lib/gcc/arm-none-eabi/9.3.1/../../../../arm-none-eabi/lib/thumb/v7-m/nofp\libc_nano.a(lib_a-init.o)
                0x0000000008007c1c                __libc_init_array
 .text.memcpy   0x0000000008007c64       0x1c c:/st/stm32cubeide_1.7.0/stm32cubeide/plugins/com.st.stm32cube.ide.mcu.externaltools.gnu-tools-for-stm32.9-2020-q2-update.win32_2.0.0.202105311346/tools/bin/../lib/gcc/arm-none-eabi/9.3.1/../../../../arm-none-eabi/lib/thumb/v7-m/nofp\libc_nano.a(lib_a-memcpy-stub.o)
                0x0000000008007c64                memcpy
 .text.memset   0x0000000008007c80       0x10 c:/st/stm32cubeide_1.7.0/stm32cubeide/plugins/com.st.stm32cube.ide.mcu.externaltools.gnu-tools-for-stm32.9-2020-q2-update.win32_2.0.0.202105311346/tools/bin/../lib/gcc/arm-none-eabi/9.3.1/../../../../arm-none-eabi/lib/thumb/v7-m/nofp\libc_nano.a(lib_a-memset.o)
                0x0000000008007c80                memset
 .text.snprintf
                0x0000000008007c90       0x68 c:/st/stm32cubeide_1.7.0/stm32cubeide/plugins/com.st.stm32cube.ide.mcu.externaltools.gnu-tools-for-stm32.9-2020-q2-update.win32_2.0.0.202105311346/tools/bin/../lib/gcc/arm-none-eabi/9.3.1/../../../../arm-none-eabi/lib/thumb/v7-m/nofp\libc_nano.a(lib_a-snprintf.o)
                0x0000000008007c90                sniprintf
                0x0000000008007c90                snprintf
 .text.strchr   0x0000000008007cf8       0x1a c:/st/stm32cubeide_1.7.0/stm32cubeide/plugins/com.st.stm32cube.ide.mcu.externaltools.gnu-tools-for-stm32.9-2020-q2-update.win32_2.0.0.202105311346/tools/bin/../lib/gcc/arm-none-eabi/9.3.1/../../../../arm-none-eabi/lib/thumb/v7-m/nofp\libc_nano.a(lib_a-strchr.o)
                0x0000000008007cf8                strchr
 .text.strncmp  0x0000000008007d12       0x24 c:/st/stm32cubeide_1.7.0/stm32cubeide/plugins/com.st.stm32cube.ide.mcu.externaltools.gnu-tools-for-stm32.9-2020-q2-update.win32_2.0.0.202105311346/tools/bin/../lib/gcc/arm-none-eabi/9.3.1/../../../../arm-none-eabi/lib/thumb/v7-m/nofp\libc_nano.a(lib_a-strncmp.o)
                0x0000000008007d12                strncmp
 .text.__ssputs_r
                0x0000000008007d36       0xb6 c:/st/stm32cubeide_1.7.0/stm32cubeide/plugins/com.st.stm32cube.ide.mcu.externaltools.gnu-tools-for-stm32.9-2020-q2-update.win32_2.0.0.202105311346/tools/bin/../lib/gcc/arm-none-eabi/9.3.1/../../../../arm-none-eabi/lib/thumb/v7-m/nofp\libc_nano.a(lib_a-nano-svfprintf.o)
                0x0000000008007d36                __ssputs_r
 .text._svfprintf_r
                0x0000000008007dec      0x200 c:/st/stm32cubeide_1.7.0/stm32cubeide/plugins/com.st.stm32cube.ide.mcu.externaltools.gnu-tools-for-stm32.9-2020-q2-update.win32_2.0.0.202105311346/tools/bin/../lib/gcc/arm-none-eabi/9.3.1/../../../../arm-none-eabi/lib/thumb/v7-m/nofp\libc_nano.a(lib_a-nano-svfprintf.o)
                0x0000000008007dec                _svfiprintf_r
                0x0000000008007dec                _svfprintf_r
 .text._printf_common
                0x0000000008007fec       0xde c:/st/stm32cubeide_1.7.0/stm32cubeide/plugins/com.st.stm32cube.ide.mcu.externaltools.gnu-tools-for-stm32.9-2020-q2-update.win32_2.0.0.202105311346/tools/bin/../lib/gcc/arm-none-eabi/9.3.1/../../../../arm-none-eabi/lib/thumb/v7-m/nofp\libc_nano.a(lib_a-nano-vfprintf_i.o)
                0x0000000008007fec                _printf_common
 *fill*         0x00000000080080ca        0x2 
 .text._printf_i
                0x00000000080080cc      0x24c c:/st/stm32cubeide_1.7.0/stm32cubeide/plugins/com.st.stm32cube.ide.mcu.externaltools.gnu-tools-for-stm32.9-2020-q2-update.win32_2.0.0.202105311346/tools/bin/../lib/gcc/arm-none-eabi/9.3.1/../../../../arm-none-eabi/lib/thumb/v7-m/nofp\libc_nano.a(lib_a-nano-vfprintf_i.o)
                0x00000000080080cc                _printf_i
 .text.memchr   0x0000000008008318       0x1c c:/st/stm32cubeide_1.7.0/stm32cubeide/plugins/com.st.stm32cube.ide.mcu.externaltools.gnu-tools-for-stm32.9-2020-q2-update.win32_2.0.0.202105311346/tools/bin/../lib/gcc/arm-none-eabi/9.3.1/../../../../arm-none-eabi/lib/thumb/v7-m/nofp\libc_nano.a(lib_a-memchr-stub.o)
                0x0000000008008318                memchr
 .text.memmove  0x0000000008008334       0x34 c:/st/stm32cubeide_1.7.0/stm32cubeide/plugins/com.st.stm32cube.ide.mcu.externaltools.gnu-tools-for-stm32.9-2020-q2-update.win32_2.0.0.202105311346/tools/bin/../lib/gcc/arm-none-eabi/9.3.1/../../../../arm-none-eabi/lib/thumb/v7-m/nofp\libc_nano.a(lib_a-memmove.o)
                0x0000000008008334                memmove
 .text._free_r  0x0000000008008368       0x98 c:/st/stm32cubeide_1.7.0/stm32cubeide/plugins/com.st.stm32cube.ide.mcu.externaltools.gnu-tools-for-stm32.9-2020-q2-update.win32_2.0.0.202105311346/tools/bin/../lib/gcc/arm-none-eabi/9.3.1/../../../../arm-none-eabi/lib/thumb/v7-m/nofp\libc_nano.a(lib_a-nano-freer.o)
                0x0000000008008368                _free_r
 .text._malloc_r
                0x0000000008008400       0xb4 c:/st/stm32cubeide_1.7.0/stm32cubeide/plugins/com.st.stm32cube.ide.mcu.externaltools.gnu-tools-for-stm32.9-2020-q2-update.win32_2.0.0.202105311346/tools/bin/../lib/gcc/arm-none-eabi/9.3.1/../../../../arm-none-eabi/lib/thumb/v7-m/nofp\libc_nano.a(lib_a-nano-mallocr.o)
                0x0000000008008400                _malloc_r
 .text._realloc_r
                0x00000000080084b4       0x4c c:/st/stm32cubeide_1.7.0/stm32cubeide/plugins/com.st.stm32cube.ide.mcu.externaltools.gnu-tools-for-stm32.9-2020-q2-update.win32_2.0.0.202105311346/tools/bin/../lib/gcc/arm-none-eabi/9.3.1/../../../../arm-none-eabi/lib/thumb/v7-m/nofp\libc_nano.a(lib_a-nano-reallocr.o)
                0x00000000080084b4                _realloc_r
 .text._sbrk_r  0x0000000008008500       0x20 c:/st/stm32cubeide_1.7.0/stm32cubeide/plugins/com.st.stm32cube.ide.mcu.externaltools.gnu-tools-for-stm32.9-2020-q2-update.win32_2.0.0.202105311346/tools/bin/../lib/gcc/arm-none-eabi/9.3.1/../../../../arm-none-eabi/lib/thumb/v7-m/nofp\libc_nano.a(lib_a-sbrkr.o)
                0x0000000008008500                _sbrk_r
 .text.__malloc_lock
                0x0000000008008520        0xc c:/st/stm32cubeide_1.7.0/stm32cubeide/plugins/com.st.stm32cube.ide.mcu.externaltools.gnu-tools-for-stm32.9-2020-q2-update.win32_2.0.0.202105311346/tools/bin/../lib/gcc/arm-none-eabi/9.3.1/../../../../arm-none-eabi/lib/thumb/v7-m/nofp\libc_nano.a(lib_a-mlock.o)
                0x0000000008008520                __malloc_lock
 .text.__malloc_unlock
                0x000000000800852c        0xc c:/st/stm32cubeide_1.7.0/stm32cubeide/plugins/com.st.stm32cube.ide.mcu.externaltools.gnu-tools-for-stm32.9-2020-q2-update.win32_2.0.0.202105311346/tools/bin/../lib/gcc/arm-none-eabi/9.3.1/../../../../arm-none-eabi/lib/thumb/v7-m/nofp\libc_nano.a(lib_a-mlock.o)
                0x000000000800852c                __malloc_unlock
 .text._malloc_usable_size_r
                0x0000000008008538       0x10 c:/st/stm32cubeide_1.7.0/stm32cubeide/plugins/com.st.stm32cube.ide.mcu.externaltools.gnu-tools-for-stm32.9-2020-q2-update.win32_2.0.0.202105311346/tools/bin/../lib/gcc/arm-none-eabi/9.3.1/../../../../arm-none-eabi/lib/thumb/v7-m/nofp\libc_nano.a(lib_a-nano-msizer.o)
                0x0000000008008538                _malloc_usable_size_r
 .text.__retarget_lock_acquire_recursive
                0x0000000008008548        0x2 c:/st/stm32cubeide_1.7.0/stm32cubeide/plugins/com.st.stm32cube.ide.mcu.externaltools.gnu-tools-for-stm32.9-2020-q2-update.win32_2.0.0.202105311346/tools/bin/../lib/gcc/arm-none-eabi/9.3.1/../../../../arm-none-eabi/lib/thumb/v7-m/nofp\libc_nano.a(lib_a-lock.o)
                0x0000000008008548                __retarget_lock_acquire_recursive
 .text.__retarget_lock_release_recursive
                0x000000000800854a        0x2 c:/st/stm32cubeide_1.7.0/stm32cubeide/plugins/com.st.stm32cube.ide.mcu.externaltools.gnu-tools-for-stm32.9-2020-q2-update.win32_2.0.0.202105311346/tools/bin/../lib/gcc/arm-none-eabi/9.3.1/../../../../arm-none-eabi/lib/thumb/v7-m/nofp\libc_nano.a(lib_a-lock.o)
                0x000000000800854a                __retarget_lock_release_recursive
 *(.glue_7)
 .glue_7        0x000000000800854c        0x0 linker stubs
 *(.glue_7t)
 .glue_7t       0x000000000800854c        0x0 linker stubs
 *(.eh_frame)
 .eh_frame      0x000000000800854c        0x0 c:/st/stm32cubeide_1.7.0/stm32cubeide/plugins/com.st.stm32cube.ide.mcu.externaltools.gnu-tools-for-stm32.9-2020-q2-update.win32_2.0.0.202105311346/tools/bin/../lib/gcc/arm-none-eabi/9.3.1/thumb/v7-m/nofp/crtbegin.o
 *(.init)
 .init          0x000000000800854c        0x4 c:/st/stm32cubeide_1.7.0/stm32cubeide/plugins/com.st.stm32cube.ide.mcu.externaltools.gnu-tools-for-stm32.9-2020-q2-update.win32_2.0.0.202105311346/tools/bin/../lib/gcc/arm-none-eabi/9.3.1/thumb/v7-m/nofp/crti.o
                0x000000000800854c                _init
 .init          0x0000000008008550        0x8 c:/st/stm32cubeide_1.7.0/stm32cubeide/plugins/com.st.stm32cube.ide.mcu.externaltools.gnu-tools-for-stm32.9-2020-q2-update.win32_2.0.0.202105311346/tools/bin/../lib/gcc/arm-none-eabi/9.3.1/thumb/v7-m/nofp/crtn.o
 *(.fini)
 .fini          0x0000000008008558        0x4 c:/st/stm32cubeide_1.7.0/stm32cubeide/plugins/com.st.stm32cube.ide.mcu.externaltools.gnu-tools-for-stm32.9-2020-q2-update.win32_2.0.0.202105311346/tools/bin/../lib/gcc/arm-none-eabi/9.3.1/thumb/v7-m/nofp/crti.o
                0x0000000008008558                _fini
 .fini          0x000000000800855c        0x8 c:/st/stm32cubeide_1.7.0/stm32cubeide/plugins/com.st.stm32cube.ide.mcu.externaltools.gnu-tools-for-stm32.9-2020-q2-update.win32_2.0.0.202105311346/tools/bin/../lib/gcc/arm-none-eabi/9.3.1/thumb/v7-m/nofp/crtn.o
                0x0000000008008564                . = ALIGN (0x4)
                0x0000000008008564                _etext = .

.vfp11_veneer   0x0000000008008564        0x0
 .vfp11_veneer  0x0000000008008564        0x0 linker stubs

.v4_bx          0x0000000008008564        0x0
 .v4_bx         0x0000000008008564        0x0 linker stubs

.iplt           0x0000000008008564        0x0
 .iplt          0x0000000008008564        0x0 c:/st/stm32cubeide_1.7.0/stm32cubeide/plugins/com.st.stm32cube.ide.mcu.externaltools.gnu-tools-for-stm32.9-2020-q2-update.win32_2.0.0.202105311346/tools/bin/../lib/gcc/arm-none-eabi/9.3.1/thumb/v7-m/nofp/crtbegin.o

.rodata         0x0000000008008564      0xda8
                0x0000000008008564                . = ALIGN (0x4)
 *(.rodata)
 *(.rodata*)
 .rodata.fixed_point_to_string.str1.4
                0x0000000008008564        0xa ./Core/Src/sensor_config.o
 *fill*         0x000000000800856e        0x2 
 .rodata.sensor_config_send_ok.str1.4
                0x0000000008008570        0x5 ./Core/Src/sensor_config.o
 *fill*         0x0000000008008575        0x3 
 .rodata.handle_set_command.str1.4
                0x0000000008008578       0x66 ./Core/Src/sensor_config.o
 *fill*         0x00000000080085de        0x2 
 .rodata.sensor_config_send_float.str1.4
                0x00000000080085e0       0x19 ./Core/Src/sensor_config.o
 *fill*         0x00000000080085f9        0x3 
 .rodata.sensor_config_send_uint16.str1.4
                0x00000000080085fc        0x8 ./Core/Src/sensor_config.o
 .rodata.handle_query_command.str1.4
                0x0000000008008604      0x452 ./Core/Src/sensor_config.o
                                        0x456 (size before relaxing)
 *fill*         0x0000000008008a56        0x2 
 .rodata.sensor_config_process_command.str1.4
                0x0000000008008a58      0x7e5 ./Core/Src/sensor_config.o
 *fill*         0x000000000800923d        0x3 
 .rodata.SENSOR_MULTIPLIERS_DEFAULT
                0x0000000008009240        0xa ./Core/Src/sensor_config.o
                0x0000000008009240                SENSOR_MULTIPLIERS_DEFAULT
 *fill*         0x000000000800924a        0x2 
 .rodata.AHBPrescTable
                0x000000000800924c       0x10 ./Core/Src/system_stm32f1xx.o
                0x000000000800924c                AHBPrescTable
 .rodata.APBPrescTable
                0x000000000800925c        0x8 ./Core/Src/system_stm32f1xx.o
                0x000000000800925c                APBPrescTable
 .rodata.uart_terminal_receive_byte.str1.4
                0x0000000008009264        0x3 ./Core/Src/uart_terminal.o
 .rodata.USBD_FS_ProductStrDescriptor.str1.4
                0x0000000008009264       0x16 ./Core/Src/usbd_composite_desc.o
 *fill*         0x000000000800927a        0x2 
 .rodata.USBD_FS_ManufacturerStrDescriptor.str1.4
                0x000000000800927c       0x13 ./Core/Src/usbd_composite_desc.o
 *fill*         0x000000000800928f        0x1 
 .rodata.USBD_FS_ConfigStrDescriptor.str1.4
                0x0000000008009290        0xb ./Core/Src/usbd_composite_desc.o
 *fill*         0x000000000800929b        0x1 
 .rodata.USBD_FS_InterfaceStrDescriptor.str1.4
                0x000000000800929c       0x25 ./Core/Src/usbd_composite_desc.o
 *fill*         0x00000000080092c1        0x3 
 .rodata.aPLLMULFactorTable.6644
                0x00000000080092c4       0x10 ./Drivers/STM32F1xx_HAL_Driver/Src/stm32f1xx_hal_rcc.o
 .rodata.aPredivFactorTable.6645
                0x00000000080092d4        0x2 ./Drivers/STM32F1xx_HAL_Driver/Src/stm32f1xx_hal_rcc.o
 .rodata._svfprintf_r.str1.1
                0x00000000080092d6       0x11 c:/st/stm32cubeide_1.7.0/stm32cubeide/plugins/com.st.stm32cube.ide.mcu.externaltools.gnu-tools-for-stm32.9-2020-q2-update.win32_2.0.0.202105311346/tools/bin/../lib/gcc/arm-none-eabi/9.3.1/../../../../arm-none-eabi/lib/thumb/v7-m/nofp\libc_nano.a(lib_a-nano-svfprintf.o)
 .rodata._printf_i.str1.1
                0x00000000080092e7       0x22 c:/st/stm32cubeide_1.7.0/stm32cubeide/plugins/com.st.stm32cube.ide.mcu.externaltools.gnu-tools-for-stm32.9-2020-q2-update.win32_2.0.0.202105311346/tools/bin/../lib/gcc/arm-none-eabi/9.3.1/../../../../arm-none-eabi/lib/thumb/v7-m/nofp\libc_nano.a(lib_a-nano-vfprintf_i.o)
                0x000000000800930c                . = ALIGN (0x4)
 *fill*         0x0000000008009309        0x3 

.rel.dyn        0x000000000800930c        0x0
 .rel.iplt      0x000000000800930c        0x0 c:/st/stm32cubeide_1.7.0/stm32cubeide/plugins/com.st.stm32cube.ide.mcu.externaltools.gnu-tools-for-stm32.9-2020-q2-update.win32_2.0.0.202105311346/tools/bin/../lib/gcc/arm-none-eabi/9.3.1/thumb/v7-m/nofp/crtbegin.o

.ARM.extab      0x000000000800930c        0x0
                0x000000000800930c                . = ALIGN (0x4)
 *(.ARM.extab* .gnu.linkonce.armextab.*)
                0x000000000800930c                . = ALIGN (0x4)

.ARM            0x000000000800930c        0x0
                0x000000000800930c                . = ALIGN (0x4)
                0x000000000800930c                __exidx_start = .
 *(.ARM.exidx*)
                0x000000000800930c                __exidx_end = .
                0x000000000800930c                . = ALIGN (0x4)

.preinit_array  0x000000000800930c        0x0
                0x000000000800930c                . = ALIGN (0x4)
                0x000000000800930c                PROVIDE (__preinit_array_start = .)
 *(.preinit_array*)
                0x000000000800930c                PROVIDE (__preinit_array_end = .)
                0x000000000800930c                . = ALIGN (0x4)

.init_array     0x000000000800930c        0x4
                0x000000000800930c                . = ALIGN (0x4)
                0x000000000800930c                PROVIDE (__init_array_start = .)
 *(SORT_BY_NAME(.init_array.*))
 *(.init_array*)
 .init_array    0x000000000800930c        0x4 c:/st/stm32cubeide_1.7.0/stm32cubeide/plugins/com.st.stm32cube.ide.mcu.externaltools.gnu-tools-for-stm32.9-2020-q2-update.win32_2.0.0.202105311346/tools/bin/../lib/gcc/arm-none-eabi/9.3.1/thumb/v7-m/nofp/crtbegin.o
                0x0000000008009310                PROVIDE (__init_array_end = .)
                0x0000000008009310                . = ALIGN (0x4)

.fini_array     0x0000000008009310        0x4
                0x0000000008009310                . = ALIGN (0x4)
                [!provide]                        PROVIDE (__fini_array_start = .)
 *(SORT_BY_NAME(.fini_array.*))
 *(.fini_array*)
 .fini_array    0x0000000008009310        0x4 c:/st/stm32cubeide_1.7.0/stm32cubeide/plugins/com.st.stm32cube.ide.mcu.externaltools.gnu-tools-for-stm32.9-2020-q2-update.win32_2.0.0.202105311346/tools/bin/../lib/gcc/arm-none-eabi/9.3.1/thumb/v7-m/nofp/crtbegin.o
                [!provide]                        PROVIDE (__fini_array_end = .)
                0x0000000008009314                . = ALIGN (0x4)
                0x0000000008009314                _sidata = LOADADDR (.data)

.data           0x0000000020000000      0x388 load address 0x0000000008009314
                0x0000000020000000                . = ALIGN (0x4)
                0x0000000020000000                _sdata = .
 *(.data)
 *(.data*)
 .data.SystemCoreClock
                0x0000000020000000        0x4 ./Core/Src/system_stm32f1xx.o
                0x0000000020000000                SystemCoreClock
 .data.LineCoding
                0x0000000020000004        0x8 ./Core/Src/usb_cdc_wrapper.o
 .data.USBD_CDC_Interface_fops_FS
                0x000000002000000c       0x10 ./Core/Src/usb_cdc_wrapper.o
                0x000000002000000c                USBD_CDC_Interface_fops_FS
 .data.FS_Composite_Desc
                0x000000002000001c       0x1c ./Core/Src/usbd_composite_desc.o
                0x000000002000001c                FS_Composite_Desc
 .data.USBD_Composite_FS_DeviceDesc
                0x0000000020000038       0x12 ./Core/Src/usbd_composite_desc.o
                0x0000000020000038                USBD_Composite_FS_DeviceDesc
 *fill*         0x000000002000004a        0x2 
 .data.USBD_FS_CfgDesc
                0x000000002000004c       0x6c ./Core/Src/usbd_composite_desc.o
                0x000000002000004c                USBD_FS_CfgDesc
 .data.USBD_LangIDDesc
                0x00000000200000b8        0x4 ./Core/Src/usbd_composite_desc.o
                0x00000000200000b8                USBD_LangIDDesc
 .data.USBD_StringSerial
                0x00000000200000bc       0x1a ./Core/Src/usbd_composite_desc.o
                0x00000000200000bc                USBD_StringSerial
 *fill*         0x00000000200000d6        0x2 
 .data.USBD_COMPOSITE
                0x00000000200000d8       0x38 ./Core/Src/usbd_composite_wrapper.o
                0x00000000200000d8                USBD_COMPOSITE
 .data.uwTickFreq
                0x0000000020000110        0x1 ./Drivers/STM32F1xx_HAL_Driver/Src/stm32f1xx_hal.o
                0x0000000020000110                uwTickFreq
 *fill*         0x0000000020000111        0x3 
 .data.uwTickPrio
                0x0000000020000114        0x4 ./Drivers/STM32F1xx_HAL_Driver/Src/stm32f1xx_hal.o
                0x0000000020000114                uwTickPrio
 .data.HID_MOUSE_ReportDesc
                0x0000000020000118       0x3f ./Middlewares/ST/STM32_USB_Device_Library/Class/HID/Src/usbd_hid.o
 *fill*         0x0000000020000157        0x1 
 .data.USBD_HID
                0x0000000020000158       0x38 ./Middlewares/ST/STM32_USB_Device_Library/Class/HID/Src/usbd_hid.o
                0x0000000020000158                USBD_HID
 .data.USBD_HID_CfgFSDesc
                0x0000000020000190       0x22 ./Middlewares/ST/STM32_USB_Device_Library/Class/HID/Src/usbd_hid.o
 *fill*         0x00000000200001b2        0x2 
 .data.USBD_HID_CfgHSDesc
                0x00000000200001b4       0x22 ./Middlewares/ST/STM32_USB_Device_Library/Class/HID/Src/usbd_hid.o
 *fill*         0x00000000200001d6        0x2 
 .data.USBD_HID_Desc
                0x00000000200001d8        0x9 ./Middlewares/ST/STM32_USB_Device_Library/Class/HID/Src/usbd_hid.o
 *fill*         0x00000000200001e1        0x3 
 .data.USBD_HID_DeviceQualifierDesc
                0x00000000200001e4        0xa ./Middlewares/ST/STM32_USB_Device_Library/Class/HID/Src/usbd_hid.o
 *fill*         0x00000000200001ee        0x2 
 .data.USBD_HID_OtherSpeedCfgDesc
                0x00000000200001f0       0x22 ./Middlewares/ST/STM32_USB_Device_Library/Class/HID/Src/usbd_hid.o
 *fill*         0x0000000020000212        0x2 
 .data.USBD_CDC
                0x0000000020000214       0x38 ./USB_DEVICE/App/usbd_cdc.o
                0x0000000020000214                USBD_CDC
 .data.USBD_CDC_CfgFSDesc
                0x000000002000024c       0x43 ./USB_DEVICE/App/usbd_cdc.o
                0x000000002000024c                USBD_CDC_CfgFSDesc
 *fill*         0x000000002000028f        0x1 
 .data.USBD_CDC_CfgHSDesc
                0x0000000020000290       0x43 ./USB_DEVICE/App/usbd_cdc.o
                0x0000000020000290                USBD_CDC_CfgHSDesc
 *fill*         0x00000000200002d3        0x1 
 .data.USBD_CDC_DeviceQualifierDesc
                0x00000000200002d4        0xa ./USB_DEVICE/App/usbd_cdc.o
 *fill*         0x00000000200002de        0x2 
 .data.USBD_CDC_OtherSpeedCfgDesc
                0x00000000200002e0       0x43 ./USB_DEVICE/App/usbd_cdc.o
                0x00000000200002e0                USBD_CDC_OtherSpeedCfgDesc
 *fill*         0x0000000020000323        0x1 
 .data._impure_ptr
                0x0000000020000324        0x4 c:/st/stm32cubeide_1.7.0/stm32cubeide/plugins/com.st.stm32cube.ide.mcu.externaltools.gnu-tools-for-stm32.9-2020-q2-update.win32_2.0.0.202105311346/tools/bin/../lib/gcc/arm-none-eabi/9.3.1/../../../../arm-none-eabi/lib/thumb/v7-m/nofp\libc_nano.a(lib_a-impure.o)
                0x0000000020000324                _impure_ptr
 .data.impure_data
                0x0000000020000328       0x60 c:/st/stm32cubeide_1.7.0/stm32cubeide/plugins/com.st.stm32cube.ide.mcu.externaltools.gnu-tools-for-stm32.9-2020-q2-update.win32_2.0.0.202105311346/tools/bin/../lib/gcc/arm-none-eabi/9.3.1/../../../../arm-none-eabi/lib/thumb/v7-m/nofp\libc_nano.a(lib_a-impure.o)
 *(.RamFunc)
 *(.RamFunc*)
                0x0000000020000388                . = ALIGN (0x4)
                0x0000000020000388                _edata = .

.igot.plt       0x0000000020000388        0x0 load address 0x000000000800969c
 .igot.plt      0x0000000020000388        0x0 c:/st/stm32cubeide_1.7.0/stm32cubeide/plugins/com.st.stm32cube.ide.mcu.externaltools.gnu-tools-for-stm32.9-2020-q2-update.win32_2.0.0.202105311346/tools/bin/../lib/gcc/arm-none-eabi/9.3.1/thumb/v7-m/nofp/crtbegin.o
                0x0000000020000388                . = ALIGN (0x4)

.bss            0x0000000020000388     0x268c load address 0x000000000800969c
                0x0000000020000388                _sbss = .
                0x0000000020000388                __bss_start__ = _sbss
 *(.bss)
 .bss           0x0000000020000388       0x1c c:/st/stm32cubeide_1.7.0/stm32cubeide/plugins/com.st.stm32cube.ide.mcu.externaltools.gnu-tools-for-stm32.9-2020-q2-update.win32_2.0.0.202105311346/tools/bin/../lib/gcc/arm-none-eabi/9.3.1/thumb/v7-m/nofp/crtbegin.o
 *(.bss*)
 .bss.arrADC1_DMA
                0x00000000200003a4      0x3c0 ./Core/Src/main.o
 .bss.g_debug_state
                0x0000000020000764       0x10 ./Core/Src/piezosensor.o
                0x0000000020000764                g_debug_state
 .bss.g_hid_report
                0x0000000020000774        0x8 ./Core/Src/piezosensor.o
                0x0000000020000774                g_hid_report
 .bss.g_sensors
                0x000000002000077c      0x930 ./Core/Src/piezosensor.o
                0x000000002000077c                g_sensors
 .bss.g_system_ms
                0x00000000200010ac        0x4 ./Core/Src/piezosensor.o
                0x00000000200010ac                g_system_ms
 .bss.g_tournament
                0x00000000200010b0        0xc ./Core/Src/piezosensor.o
                0x00000000200010b0                g_tournament
 .bss.g_trigger_fsm
                0x00000000200010bc       0x1c ./Core/Src/piezosensor.o
                0x00000000200010bc                g_trigger_fsm
 .bss.g_sensor_config
                0x00000000200010d8       0x2c ./Core/Src/sensor_config.o
                0x00000000200010d8                g_sensor_config
 .bss.g_terminal_mode_active
                0x0000000020001104        0x1 ./Core/Src/sensor_config.o
 *fill*         0x0000000020001105        0x3 
 .bss.g_uart_rx_buffer
                0x0000000020001108        0x1 ./Core/Src/sensor_config.o
 *fill*         0x0000000020001109        0x3 
 .bss.__sbrk_heap_end
                0x000000002000110c        0x4 ./Core/Src/sysmem.o
 .bss.g_terminal
                0x0000000020001110       0x4c ./Core/Src/uart_terminal.o
 .bss.g_rx_ring_buffer
                0x000000002000115c      0x104 ./Core/Src/usb_cdc_wrapper.o
 .bss.g_tx_ring_buffer
                0x0000000020001260      0x804 ./Core/Src/usb_cdc_wrapper.o
 .bss.g_usb_tx_busy
                0x0000000020001a64        0x1 ./Core/Src/usb_cdc_wrapper.o
 .bss.cfgidx.8581
                0x0000000020001a65        0x1 ./Middlewares/ST/STM32_USB_Device_Library/Core/Src/usbd_ctlreq.o
 *fill*         0x0000000020001a66        0x2 
 .bss.mem.8679  0x0000000020001a68      0x23c ./USB_DEVICE/Target/usbd_conf.o
 .bss.__malloc_free_list
                0x0000000020001ca4        0x4 c:/st/stm32cubeide_1.7.0/stm32cubeide/plugins/com.st.stm32cube.ide.mcu.externaltools.gnu-tools-for-stm32.9-2020-q2-update.win32_2.0.0.202105311346/tools/bin/../lib/gcc/arm-none-eabi/9.3.1/../../../../arm-none-eabi/lib/thumb/v7-m/nofp\libc_nano.a(lib_a-nano-mallocr.o)
                0x0000000020001ca4                __malloc_free_list
 .bss.__malloc_sbrk_start
                0x0000000020001ca8        0x4 c:/st/stm32cubeide_1.7.0/stm32cubeide/plugins/com.st.stm32cube.ide.mcu.externaltools.gnu-tools-for-stm32.9-2020-q2-update.win32_2.0.0.202105311346/tools/bin/../lib/gcc/arm-none-eabi/9.3.1/../../../../arm-none-eabi/lib/thumb/v7-m/nofp\libc_nano.a(lib_a-nano-mallocr.o)
                0x0000000020001ca8                __malloc_sbrk_start
 *(COMMON)
 COMMON         0x0000000020001cac      0x190 ./Core/Src/main.o
                0x0000000020001cac                hdma_usart3_rx
                0x0000000020001cf0                huart3
                0x0000000020001d38                htim3
                0x0000000020001d80                hadc1
                0x0000000020001db0                hdma_adc1
                0x0000000020001df4                htim1
 COMMON         0x0000000020001e3c      0x400 ./Core/Src/usb_cdc_wrapper.o
                0x0000000020001e3c                UserRxBufferFS
                0x000000002000203c                UserTxBufferFS
 COMMON         0x000000002000223c      0x200 ./Core/Src/usbd_composite_desc.o
                0x000000002000223c                USBD_StrDesc
 COMMON         0x000000002000243c        0x4 ./Drivers/STM32F1xx_HAL_Driver/Src/stm32f1xx_hal.o
                0x000000002000243c                uwTick
 COMMON         0x0000000020002440       0x20 ./Drivers/STM32F1xx_HAL_Driver/Src/stm32f1xx_hal_flash.o
                0x0000000020002440                pFlash
 COMMON         0x0000000020002460      0x2cc ./USB_DEVICE/App/usb_device.o
                0x0000000020002460                hUsbDeviceFS
 COMMON         0x000000002000272c      0x2d8 ./USB_DEVICE/Target/usbd_conf.o
                0x000000002000272c                hpcd_USB_FS
 COMMON         0x0000000020002a04        0x4 c:/st/stm32cubeide_1.7.0/stm32cubeide/plugins/com.st.stm32cube.ide.mcu.externaltools.gnu-tools-for-stm32.9-2020-q2-update.win32_2.0.0.202105311346/tools/bin/../lib/gcc/arm-none-eabi/9.3.1/../../../../arm-none-eabi/lib/thumb/v7-m/nofp\libc_nano.a(lib_a-reent.o)
                0x0000000020002a04                errno
 COMMON         0x0000000020002a08        0x9 c:/st/stm32cubeide_1.7.0/stm32cubeide/plugins/com.st.stm32cube.ide.mcu.externaltools.gnu-tools-for-stm32.9-2020-q2-update.win32_2.0.0.202105311346/tools/bin/../lib/gcc/arm-none-eabi/9.3.1/../../../../arm-none-eabi/lib/thumb/v7-m/nofp\libc_nano.a(lib_a-lock.o)
                0x0000000020002a08                __lock___atexit_recursive_mutex
                0x0000000020002a09                __lock___arc4random_mutex
                0x0000000020002a0a                __lock___env_recursive_mutex
                0x0000000020002a0b                __lock___sinit_recursive_mutex
                0x0000000020002a0c                __lock___malloc_recursive_mutex
                0x0000000020002a0d                __lock___at_quick_exit_mutex
                0x0000000020002a0e                __lock___dd_hash_mutex
                0x0000000020002a0f                __lock___tz_mutex
                0x0000000020002a10                __lock___sfp_recursive_mutex
                0x0000000020002a14                . = ALIGN (0x4)
 *fill*         0x0000000020002a11        0x3 
                0x0000000020002a14                _ebss = .
                0x0000000020002a14                __bss_end__ = _ebss

._user_heap_stack
                0x0000000020002a14      0x804 load address 0x000000000800969c
                0x0000000020002a18                . = ALIGN (0x8)
 *fill*         0x0000000020002a14        0x4 
                [!provide]                        PROVIDE (end = .)
                0x0000000020002a18                PROVIDE (_end = .)
                0x0000000020002e18                . = (. + _Min_Heap_Size)
 *fill*         0x0000000020002a18      0x400 
                0x0000000020003218                . = (. + _Min_Stack_Size)
 *fill*         0x0000000020002e18      0x400 
                0x0000000020003218                . = ALIGN (0x8)

/DISCARD/
 libc.a(*)
 libm.a(*)
 libgcc.a(*)

.ARM.attributes
                0x0000000000000000       0x29
 *(.ARM.attributes)
 .ARM.attributes
                0x0000000000000000       0x1d c:/st/stm32cubeide_1.7.0/stm32cubeide/plugins/com.st.stm32cube.ide.mcu.externaltools.gnu-tools-for-stm32.9-2020-q2-update.win32_2.0.0.202105311346/tools/bin/../lib/gcc/arm-none-eabi/9.3.1/thumb/v7-m/nofp/crti.o
 .ARM.attributes
                0x000000000000001d       0x2d c:/st/stm32cubeide_1.7.0/stm32cubeide/plugins/com.st.stm32cube.ide.mcu.externaltools.gnu-tools-for-stm32.9-2020-q2-update.win32_2.0.0.202105311346/tools/bin/../lib/gcc/arm-none-eabi/9.3.1/thumb/v7-m/nofp/crtbegin.o
 .ARM.attributes
                0x000000000000004a       0x2d ./Core/Src/main.o
 .ARM.attributes
                0x0000000000000077       0x2d ./Core/Src/piezosensor.o
 .ARM.attributes
                0x00000000000000a4       0x2d ./Core/Src/sensor_config.o
 .ARM.attributes
                0x00000000000000d1       0x2d ./Core/Src/stm32f1xx_hal_msp.o
 .ARM.attributes
                0x00000000000000fe       0x2d ./Core/Src/stm32f1xx_it.o
 .ARM.attributes
                0x000000000000012b       0x2d ./Core/Src/sysmem.o
 .ARM.attributes
                0x0000000000000158       0x2d ./Core/Src/system_stm32f1xx.o
 .ARM.attributes
                0x0000000000000185       0x2d ./Core/Src/uart_terminal.o
 .ARM.attributes
                0x00000000000001b2       0x2d ./Core/Src/usb_cdc_wrapper.o
 .ARM.attributes
                0x00000000000001df       0x2d ./Core/Src/usbd_composite_desc.o
 .ARM.attributes
                0x000000000000020c       0x2d ./Core/Src/usbd_composite_wrapper.o
 .ARM.attributes
                0x0000000000000239       0x21 ./Core/Startup/startup_stm32f103c8tx.o
 .ARM.attributes
                0x000000000000025a       0x2d ./Drivers/STM32F1xx_HAL_Driver/Src/stm32f1xx_hal.o
 .ARM.attributes
                0x0000000000000287       0x2d ./Drivers/STM32F1xx_HAL_Driver/Src/stm32f1xx_hal_adc.o
 .ARM.attributes
                0x00000000000002b4       0x2d ./Drivers/STM32F1xx_HAL_Driver/Src/stm32f1xx_hal_cortex.o
 .ARM.attributes
                0x00000000000002e1       0x2d ./Drivers/STM32F1xx_HAL_Driver/Src/stm32f1xx_hal_dma.o
 .ARM.attributes
                0x000000000000030e       0x2d ./Drivers/STM32F1xx_HAL_Driver/Src/stm32f1xx_hal_flash.o
 .ARM.attributes
                0x000000000000033b       0x2d ./Drivers/STM32F1xx_HAL_Driver/Src/stm32f1xx_hal_flash_ex.o
 .ARM.attributes
                0x0000000000000368       0x2d ./Drivers/STM32F1xx_HAL_Driver/Src/stm32f1xx_hal_gpio.o
 .ARM.attributes
                0x0000000000000395       0x2d ./Drivers/STM32F1xx_HAL_Driver/Src/stm32f1xx_hal_pcd.o
 .ARM.attributes
                0x00000000000003c2       0x2d ./Drivers/STM32F1xx_HAL_Driver/Src/stm32f1xx_hal_pcd_ex.o
 .ARM.attributes
                0x00000000000003ef       0x2d ./Drivers/STM32F1xx_HAL_Driver/Src/stm32f1xx_hal_rcc.o
 .ARM.attributes